Archive member included to satisfy reference by file (symbol)

C:/Program Files (x86)/STM32CubeIDE_1.14.1/STM32CubeIDE/plugins/com.st.stm32cube.ide.mcu.externaltools.gnu-tools-for-stm32.11.3.rel1.win32_1.1.100.202309141235/tools/bin/../lib/gcc/arm-none-eabi/11.3.1/../../../../arm-none-eabi/lib/thumb/v7e-m+dp/hard\libc_nano.a(libc_a-exit.o)
                              C:/Program Files (x86)/STM32CubeIDE_1.14.1/STM32CubeIDE/plugins/com.st.stm32cube.ide.mcu.externaltools.gnu-tools-for-stm32.11.3.rel1.win32_1.1.100.202309141235/tools/bin/../lib/gcc/arm-none-eabi/11.3.1/../../../../arm-none-eabi/lib/thumb/v7e-m+dp/hard/crt0.o (exit)
C:/Program Files (x86)/STM32CubeIDE_1.14.1/STM32CubeIDE/plugins/com.st.stm32cube.ide.mcu.externaltools.gnu-tools-for-stm32.11.3.rel1.win32_1.1.100.202309141235/tools/bin/../lib/gcc/arm-none-eabi/11.3.1/../../../../arm-none-eabi/lib/thumb/v7e-m+dp/hard\libc_nano.a(libc_a-findfp.o)
                              C:/Program Files (x86)/STM32CubeIDE_1.14.1/STM32CubeIDE/plugins/com.st.stm32cube.ide.mcu.externaltools.gnu-tools-for-stm32.11.3.rel1.win32_1.1.100.202309141235/tools/bin/../lib/gcc/arm-none-eabi/11.3.1/../../../../arm-none-eabi/lib/thumb/v7e-m+dp/hard\libc_nano.a(libc_a-exit.o) (__stdio_exit_handler)
C:/Program Files (x86)/STM32CubeIDE_1.14.1/STM32CubeIDE/plugins/com.st.stm32cube.ide.mcu.externaltools.gnu-tools-for-stm32.11.3.rel1.win32_1.1.100.202309141235/tools/bin/../lib/gcc/arm-none-eabi/11.3.1/../../../../arm-none-eabi/lib/thumb/v7e-m+dp/hard\libc_nano.a(libc_a-fwalk.o)
                              C:/Program Files (x86)/STM32CubeIDE_1.14.1/STM32CubeIDE/plugins/com.st.stm32cube.ide.mcu.externaltools.gnu-tools-for-stm32.11.3.rel1.win32_1.1.100.202309141235/tools/bin/../lib/gcc/arm-none-eabi/11.3.1/../../../../arm-none-eabi/lib/thumb/v7e-m+dp/hard\libc_nano.a(libc_a-findfp.o) (_fwalk_sglue)
C:/Program Files (x86)/STM32CubeIDE_1.14.1/STM32CubeIDE/plugins/com.st.stm32cube.ide.mcu.externaltools.gnu-tools-for-stm32.11.3.rel1.win32_1.1.100.202309141235/tools/bin/../lib/gcc/arm-none-eabi/11.3.1/../../../../arm-none-eabi/lib/thumb/v7e-m+dp/hard\libc_nano.a(libc_a-stdio.o)
                              C:/Program Files (x86)/STM32CubeIDE_1.14.1/STM32CubeIDE/plugins/com.st.stm32cube.ide.mcu.externaltools.gnu-tools-for-stm32.11.3.rel1.win32_1.1.100.202309141235/tools/bin/../lib/gcc/arm-none-eabi/11.3.1/../../../../arm-none-eabi/lib/thumb/v7e-m+dp/hard\libc_nano.a(libc_a-findfp.o) (__sread)
C:/Program Files (x86)/STM32CubeIDE_1.14.1/STM32CubeIDE/plugins/com.st.stm32cube.ide.mcu.externaltools.gnu-tools-for-stm32.11.3.rel1.win32_1.1.100.202309141235/tools/bin/../lib/gcc/arm-none-eabi/11.3.1/../../../../arm-none-eabi/lib/thumb/v7e-m+dp/hard\libc_nano.a(libc_a-vsnprintf.o)
                              ./Core/Src/main.o (vsnprintf)
C:/Program Files (x86)/STM32CubeIDE_1.14.1/STM32CubeIDE/plugins/com.st.stm32cube.ide.mcu.externaltools.gnu-tools-for-stm32.11.3.rel1.win32_1.1.100.202309141235/tools/bin/../lib/gcc/arm-none-eabi/11.3.1/../../../../arm-none-eabi/lib/thumb/v7e-m+dp/hard\libc_nano.a(libc_a-memset.o)
                              C:/Program Files (x86)/STM32CubeIDE_1.14.1/STM32CubeIDE/plugins/com.st.stm32cube.ide.mcu.externaltools.gnu-tools-for-stm32.11.3.rel1.win32_1.1.100.202309141235/tools/bin/../lib/gcc/arm-none-eabi/11.3.1/../../../../arm-none-eabi/lib/thumb/v7e-m+dp/hard/crt0.o (memset)
C:/Program Files (x86)/STM32CubeIDE_1.14.1/STM32CubeIDE/plugins/com.st.stm32cube.ide.mcu.externaltools.gnu-tools-for-stm32.11.3.rel1.win32_1.1.100.202309141235/tools/bin/../lib/gcc/arm-none-eabi/11.3.1/../../../../arm-none-eabi/lib/thumb/v7e-m+dp/hard\libc_nano.a(libc_a-closer.o)
                              C:/Program Files (x86)/STM32CubeIDE_1.14.1/STM32CubeIDE/plugins/com.st.stm32cube.ide.mcu.externaltools.gnu-tools-for-stm32.11.3.rel1.win32_1.1.100.202309141235/tools/bin/../lib/gcc/arm-none-eabi/11.3.1/../../../../arm-none-eabi/lib/thumb/v7e-m+dp/hard\libc_nano.a(libc_a-stdio.o) (_close_r)
C:/Program Files (x86)/STM32CubeIDE_1.14.1/STM32CubeIDE/plugins/com.st.stm32cube.ide.mcu.externaltools.gnu-tools-for-stm32.11.3.rel1.win32_1.1.100.202309141235/tools/bin/../lib/gcc/arm-none-eabi/11.3.1/../../../../arm-none-eabi/lib/thumb/v7e-m+dp/hard\libc_nano.a(libc_a-reent.o)
                              C:/Program Files (x86)/STM32CubeIDE_1.14.1/STM32CubeIDE/plugins/com.st.stm32cube.ide.mcu.externaltools.gnu-tools-for-stm32.11.3.rel1.win32_1.1.100.202309141235/tools/bin/../lib/gcc/arm-none-eabi/11.3.1/../../../../arm-none-eabi/lib/thumb/v7e-m+dp/hard\libc_nano.a(libc_a-closer.o) (errno)
C:/Program Files (x86)/STM32CubeIDE_1.14.1/STM32CubeIDE/plugins/com.st.stm32cube.ide.mcu.externaltools.gnu-tools-for-stm32.11.3.rel1.win32_1.1.100.202309141235/tools/bin/../lib/gcc/arm-none-eabi/11.3.1/../../../../arm-none-eabi/lib/thumb/v7e-m+dp/hard\libc_nano.a(libc_a-impure.o)
[...]
Memory Configuration

Name             Origin             Length             Attributes
FLASH            0x0000000008000000 0x0000000000200000 xr
DTCMRAM          0x0000000020000000 0x0000000000020000 xrw
RAM_D1           0x0000000024000000 0x0000000000080000 xrw
RAM_D2           0x0000000030000000 0x0000000000048000 xrw
RAM_D3           0x0000000038000000 0x0000000000010000 xrw
ITCMRAM          0x0000000000000000 0x0000000000010000 xrw
*default*        0x0000000000000000 0xffffffffffffffff

Linker script and memory map

LOAD C:/Program Files (x86)/STM32CubeIDE_1.14.1/STM32CubeIDE/plugins/com.st.stm32cube.ide.mcu.externaltools.gnu-tools-for-stm32.11.3.rel1.win32_1.1.100.202309141235/tools/bin/../lib/gcc/arm-none-eabi/11.3.1/thumb/v7e-m+dp/hard/crti.o
LOAD C:/Program Files (x86)/STM32CubeIDE_1.14.1/STM32CubeIDE/plugins/com.st.stm32cube.ide.mcu.externaltools.gnu-tools-for-stm32.11.3.rel1.win32_1.1.100.202309141235/tools/bin/../lib/gcc/arm-none-eabi/11.3.1/thumb/v7e-m+dp/hard/crtbegin.o
LOAD C:/Program Files (x86)/STM32CubeIDE_1.14.1/STM32CubeIDE/plugins/com.st.stm32cube.ide.mcu.externaltools.gnu-tools-for-stm32.11.3.rel1.win32_1.1.100.202309141235/tools/bin/../lib/gcc/arm-none-eabi/11.3.1/../../../../arm-none-eabi/lib/thumb/v7e-m+dp/hard/crt0.o
LOAD ./Core/Src/main.o
LOAD ./Core/Src/stm32h7xx_hal_msp.o
LOAD ./Core/Src/stm32h7xx_it.o
LOAD ./Core/Src/syscalls.o
LOAD ./Core/Src/sysmem.o
LOAD ./Core/Src/system_stm32h7xx.o
LOAD ./Core/Startup/startup_stm32h743zitx.o
LOAD ./Drivers/STM32H7xx_HAL_Driver/Src/stm32h7xx_hal.o
LOAD ./Drivers/STM32H7xx_HAL_Driver/Src/stm32h7xx_hal_cortex.o
LOAD ./Drivers/STM32H7xx_HAL_Driver/Src/stm32h7xx_hal_dma.o
LOAD ./Drivers/STM32H7xx_HAL_Driver/Src/stm32h7xx_hal_dma_ex.o
LOAD ./Drivers/STM32H7xx_HAL_Driver/Src/stm32h7xx_hal_exti.o
LOAD ./Drivers/STM32H7xx_HAL_Driver/Src/stm32h7xx_hal_flash.o
LOAD ./Drivers/STM32H7xx_HAL_Driver/Src/stm32h7xx_hal_flash_ex.o
LOAD ./Drivers/STM32H7xx_HAL_Driver/Src/stm32h7xx_hal_gpio.o
LOAD ./Drivers/STM32H7xx_HAL_Driver/Src/stm32h7xx_hal_hsem.o
LOAD ./Drivers/STM32H7xx_HAL_Driver/Src/stm32h7xx_hal_i2c.o
LOAD ./Drivers/STM32H7xx_HAL_Driver/Src/stm32h7xx_hal_i2c_ex.o
LOAD ./Drivers/STM32H7xx_HAL_Driver/Src/stm32h7xx_hal_mdma.o
LOAD ./Drivers/STM32H7xx_HAL_Driver/Src/stm32h7xx_hal_pwr.o
LOAD ./Drivers/STM32H7xx_HAL_Driver/Src/stm32h7xx_hal_pwr_ex.o
LOAD ./Drivers/STM32H7xx_HAL_Driver/Src/stm32h7xx_hal_rcc.o
LOAD ./Drivers/STM32H7xx_HAL_Driver/Src/stm32h7xx_hal_rcc_ex.o
LOAD ./Drivers/STM32H7xx_HAL_Driver/Src/stm32h7xx_hal_tim.o
LOAD ./Drivers/STM32H7xx_HAL_Driver/Src/stm32h7xx_hal_tim_ex.o
LOAD ./Drivers/STM32H7xx_HAL_Driver/Src/stm32h7xx_hal_uart.o
LOAD ./Drivers/STM32H7xx_HAL_Driver/Src/stm32h7xx_hal_uart_ex.o
START GROUP
LOAD C:/Program Files (x86)/STM32CubeIDE_1.14.1/STM32CubeIDE/plugins/com.st.stm32cube.ide.mcu.externaltools.gnu-tools-for-stm32.11.3.rel1.win32_1.1.100.202309141235/tools/bin/../lib/gcc/arm-none-eabi/11.3.1/../../../../arm-none-eabi/lib/thumb/v7e-m+dp/hard\libc_nano.a
LOAD C:/Program Files (x86)/STM32CubeIDE_1.14.1/STM32CubeIDE/plugins/com.st.stm32cube.ide.mcu.externaltools.gnu-tools-for-stm32.11.3.rel1.win32_1.1.100.202309141235/tools/bin/../lib/gcc/arm-none-eabi/11.3.1/../../../../arm-none-eabi/lib/thumb/v7e-m+dp/hard\libm.a
END GROUP
START GROUP
LOAD C:/Program Files (x86)/STM32CubeIDE_1.14.1/STM32CubeIDE/plugins/com.st.stm32cube.ide.mcu.externaltools.gnu-tools-for-stm32.11.3.rel1.win32_1.1.100.202309141235/tools/bin/../lib/gcc/arm-none-eabi/11.3.1/thumb/v7e-m+dp/hard\libgcc.a
LOAD C:/Program Files (x86)/STM32CubeIDE_1.14.1/STM32CubeIDE/plugins/com.st.stm32cube.ide.mcu.externaltools.gnu-tools-for-stm32.11.3.rel1.win32_1.1.100.202309141235/tools/bin/../lib/gcc/arm-none-eabi/11.3.1/../../../../arm-none-eabi/lib/thumb/v7e-m+dp/hard\libc_nano.a
END GROUP
START GROUP
LOAD C:/Program Files (x86)/STM32CubeIDE_1.14.1/STM32CubeIDE/plugins/com.st.stm32cube.ide.mcu.externaltools.gnu-tools-for-stm32.11.3.rel1.win32_1.1.100.202309141235/tools/bin/../lib/gcc/arm-none-eabi/11.3.1/thumb/v7e-m+dp/hard\libgcc.a
LOAD C:/Program Files (x86)/STM32CubeIDE_1.14.1/STM32CubeIDE/plugins/com.st.stm32cube.ide.mcu.externaltools.gnu-tools-for-stm32.11.3.rel1.win32_1.1.100.202309141235/tools/bin/../lib/gcc/arm-none-eabi/11.3.1/../../../../arm-none-eabi/lib/thumb/v7e-m+dp/hard\libc_nano.a
LOAD C:/Program Files (x86)/STM32CubeIDE_1.14.1/STM32CubeIDE/plugins/com.st.stm32cube.ide.mcu.externaltools.gnu-tools-for-stm32.11.3.rel1.win32_1.1.100.202309141235/tools/bin/../lib/gcc/arm-none-eabi/11.3.1/../../../../arm-none-eabi/lib/thumb/v7e-m+dp/hard\libnosys.a
END GROUP
START GROUP
LOAD C:/Program Files (x86)/STM32CubeIDE_1.14.1/STM32CubeIDE/plugins/com.st.stm32cube.ide.mcu.externaltools.gnu-tools-for-stm32.11.3.rel1.win32_1.1.100.202309141235/tools/bin/../lib/gcc/arm-none-eabi/11.3.1/thumb/v7e-m+dp/hard\libgcc.a
LOAD C:/Program Files (x86)/STM32CubeIDE_1.14.1/STM32CubeIDE/plugins/com.st.stm32cube.ide.mcu.externaltools.gnu-tools-for-stm32.11.3.rel1.win32_1.1.100.202309141235/tools/bin/../lib/gcc/arm-none-eabi/11.3.1/../../../../arm-none-eabi/lib/thumb/v7e-m+dp/hard\libc_nano.a
LOAD C:/Program Files (x86)/STM32CubeIDE_1.14.1/STM32CubeIDE/plugins/com.st.stm32cube.ide.mcu.externaltools.gnu-tools-for-stm32.11.3.rel1.win32_1.1.100.202309141235/tools/bin/../lib/gcc/arm-none-eabi/11.3.1/../../../../arm-none-eabi/lib/thumb/v7e-m+dp/hard\libnosys.a
END GROUP
LOAD C:/Program Files (x86)/STM32CubeIDE_1.14.1/STM32CubeIDE/plugins/com.st.stm32cube.ide.mcu.externaltools.gnu-tools-for-stm32.11.3.rel1.win32_1.1.100.202309141235/tools/bin/../lib/gcc/arm-none-eabi/11.3.1/thumb/v7e-m+dp/hard/crtend.o
LOAD C:/Program Files (x86)/STM32CubeIDE_1.14.1/STM32CubeIDE/plugins/com.st.stm32cube.ide.mcu.externaltools.gnu-tools-for-stm32.11.3.rel1.win32_1.1.100.202309141235/tools/bin/../lib/gcc/arm-none-eabi/11.3.1/thumb/v7e-m+dp/hard/crtn.o
                0x0000000024080000                _estack = (ORIGIN (RAM_D1) + LENGTH (RAM_D1))
                0x0000000000000200                _Min_Heap_Size = 0x200
                0x0000000000000400                _Min_Stack_Size = 0x400

.isr_vector     0x0000000008000000      0x298
                0x0000000008000000                . = ALIGN (0x4)
 *(.isr_vector)
 .isr_vector    0x0000000008000000      0x298 ./Core/Startup/startup_stm32h743zitx.o
                0x0000000008000000                g_pfnVectors
                0x0000000008000298                . = ALIGN (0x4)

.text           0x0000000008000298     0x6f2c
                0x0000000008000298                . = ALIGN (0x4)
 *(.text)
 .text          0x0000000008000298       0x40 C:/Program Files (x86)/STM32CubeIDE_1.14.1/STM32CubeIDE/plugins/com.st.stm32cube.ide.mcu.externaltools.gnu-tools-for-stm32.11.3.rel1.win32_1.1.100.202309141235/tools/bin/../lib/gcc/arm-none-eabi/11.3.1/thumb/v7e-m+dp/hard/crtbegin.o
 .text          0x00000000080002d8       0x30 C:/Program Files (x86)/STM32CubeIDE_1.14.1/STM32CubeIDE/plugins/com.st.stm32cube.ide.mcu.externaltools.gnu-tools-for-stm32.11.3.rel1.win32_1.1.100.202309141235/tools/bin/../lib/gcc/arm-none-eabi/11.3.1/thumb/v7e-m+dp/hard\libgcc.a(_aeabi_uldivmod.o)
                0x00000000080002d8                __aeabi_uldivmod
 .text          0x0000000008000308      0x2c8 C:/Program Files (x86)/STM32CubeIDE_1.14.1/STM32CubeIDE/plugins/com.st.stm32cube.ide.mcu.externaltools.gnu-tools-for-stm32.11.3.rel1.win32_1.1.100.202309141235/tools/bin/../lib/gcc/arm-none-eabi/11.3.1/thumb/v7e-m+dp/hard\libgcc.a(_udivmoddi4.o)
                0x0000000008000308                __udivmoddi4
 .text          0x00000000080005d0        0x4 C:/Program Files (x86)/STM32CubeIDE_1.14.1/STM32CubeIDE/plugins/com.st.stm32cube.ide.mcu.externaltools.gnu-tools-for-stm32.11.3.rel1.win32_1.1.100.202309141235/tools/bin/../lib/gcc/arm-none-eabi/11.3.1/thumb/v7e-m+dp/hard\libgcc.a(_dvmd_tls.o)
                0x00000000080005d0                __aeabi_idiv0
                0x00000000080005d0                __aeabi_ldiv0
 *(.text*)
 .text.setToCenter
                0x00000000080005d4       0x60 ./Core/Src/main.o
                0x00000000080005d4                setToCenter
 *fill*         0x0000000008000634        0x4 
 .text.accelerationProcess
                0x0000000008000638      0x21c ./Core/Src/main.o
                0x0000000008000638                accelerationProcess
 .text.playTheSong
                0x0000000008000854       0x3c ./Core/Src/main.o
                0x0000000008000854                playTheSong
 .text.HAL_TIM_PWM_PulseFinishedCallback
                0x0000000008000890       0x70 ./Core/Src/main.o
                0x0000000008000890                HAL_TIM_PWM_PulseFinishedCallback
 .text.HAL_GPIO_EXTI_Callback
                0x0000000008000900       0x28 ./Core/Src/main.o
                0x0000000008000900                HAL_GPIO_EXTI_Callback
 .text.main     0x0000000008000928      0x11c ./Core/Src/main.o
                0x0000000008000928                main
 .text.SystemClock_Config
                0x0000000008000a44       0xd4 ./Core/Src/main.o
                0x0000000008000a44                SystemClock_Config
 .text.MX_TIM2_Init
                0x0000000008000b18       0xec ./Core/Src/main.o
 .text.MX_USART3_UART_Init
                0x0000000008000c04       0x98 ./Core/Src/main.o
 .text.MX_GPIO_Init
                0x0000000008000c9c      0x19c ./Core/Src/main.o
 .text.Error_Handler
                0x0000000008000e38        0xa ./Core/Src/main.o
                0x0000000008000e38                Error_Handler
 *fill*         0x0000000008000e42        0x2 
 .text.HAL_MspInit
                0x0000000008000e44       0x34 ./Core/Src/stm32h7xx_hal_msp.o
                0x0000000008000e44                HAL_MspInit
 .text.HAL_TIM_Base_MspInit
                0x0000000008000e78       0x4c ./Core/Src/stm32h7xx_hal_msp.o
                0x0000000008000e78                HAL_TIM_Base_MspInit
 .text.HAL_TIM_MspPostInit
                0x0000000008000ec4       0x70 ./Core/Src/stm32h7xx_hal_msp.o
                0x0000000008000ec4                HAL_TIM_MspPostInit
 .text.HAL_UART_MspInit
                0x0000000008000f34       0xd4 ./Core/Src/stm32h7xx_hal_msp.o
                0x0000000008000f34                HAL_UART_MspInit
 .text.NMI_Handler
                0x0000000008001008        0x6 ./Core/Src/stm32h7xx_it.o
                0x0000000008001008                NMI_Handler
 .text.HardFault_Handler
                0x000000000800100e        0x6 ./Core/Src/stm32h7xx_it.o
                0x000000000800100e                HardFault_Handler
 .text.MemManage_Handler
                0x0000000008001014        0x6 ./Core/Src/stm32h7xx_it.o
                0x0000000008001014                MemManage_Handler
 .text.BusFault_Handler
                0x000000000800101a        0x6 ./Core/Src/stm32h7xx_it.o
                0x000000000800101a                BusFault_Handler
 .text.UsageFault_Handler
                0x0000000008001020        0x6 ./Core/Src/stm32h7xx_it.o
                0x0000000008001020                UsageFault_Handler
 .text.SVC_Handler
                0x0000000008001026        0xe ./Core/Src/stm32h7xx_it.o
                0x0000000008001026                SVC_Handler
 .text.DebugMon_Handler
                0x0000000008001034        0xe ./Core/Src/stm32h7xx_it.o
                0x0000000008001034                DebugMon_Handler
 .text.PendSV_Handler
                0x0000000008001042        0xe ./Core/Src/stm32h7xx_it.o
                0x0000000008001042                PendSV_Handler
 .text.SysTick_Handler
                0x0000000008001050        0xc ./Core/Src/stm32h7xx_it.o
                0x0000000008001050                SysTick_Handler
 .text.TIM2_IRQHandler
                0x000000000800105c       0x14 ./Core/Src/stm32h7xx_it.o
                0x000000000800105c                TIM2_IRQHandler
 .text.EXTI15_10_IRQHandler
                0x0000000008001070       0x10 ./Core/Src/stm32h7xx_it.o
                0x0000000008001070                EXTI15_10_IRQHandler
 .text.SystemInit
                0x0000000008001080      0x110 ./Core/Src/system_stm32h7xx.o
                0x0000000008001080                SystemInit
 .text.Reset_Handler
                0x0000000008001190       0x50 ./Core/Startup/startup_stm32h743zitx.o
                0x0000000008001190                Reset_Handler
 .text.Default_Handler
                0x00000000080011e0        0x2 ./Core/Startup/startup_stm32h743zitx.o
                0x00000000080011e0                RTC_Alarm_IRQHandler
                0x00000000080011e0                EXTI2_IRQHandler
                0x00000000080011e0                TIM8_CC_IRQHandler
                0x00000000080011e0                HRTIM1_Master_IRQHandler
                0x00000000080011e0                UART8_IRQHandler
                0x00000000080011e0                SPI4_IRQHandler
                0x00000000080011e0                TIM1_CC_IRQHandler
                0x00000000080011e0                BDMA_Channel6_IRQHandler
                0x00000000080011e0                DMA2_Stream5_IRQHandler
                0x00000000080011e0                HRTIM1_FLT_IRQHandler
                0x00000000080011e0                JPEG_IRQHandler
                0x00000000080011e0                DMA1_Stream5_IRQHandler
                0x00000000080011e0                BDMA_Channel1_IRQHandler
                0x00000000080011e0                HRTIM1_TIMD_IRQHandler
                0x00000000080011e0                TAMP_STAMP_IRQHandler
                0x00000000080011e0                EXTI3_IRQHandler
                0x00000000080011e0                LPTIM4_IRQHandler
                0x00000000080011e0                TIM8_TRG_COM_TIM14_IRQHandler
                0x00000000080011e0                LPTIM2_IRQHandler
                0x00000000080011e0                DFSDM1_FLT1_IRQHandler
                0x00000000080011e0                DMAMUX2_OVR_IRQHandler
                0x00000000080011e0                TIM8_UP_TIM13_IRQHandler
                0x00000000080011e0                I2C3_ER_IRQHandler
                0x00000000080011e0                DFSDM1_FLT2_IRQHandler
                0x00000000080011e0                MDMA_IRQHandler
                0x00000000080011e0                LPTIM3_IRQHandler
                0x00000000080011e0                HSEM1_IRQHandler
                0x00000000080011e0                EXTI0_IRQHandler
                0x00000000080011e0                I2C2_EV_IRQHandler
                0x00000000080011e0                DMA1_Stream2_IRQHandler
                0x00000000080011e0                FPU_IRQHandler
                0x00000000080011e0                OTG_HS_WKUP_IRQHandler
                0x00000000080011e0                FDCAN1_IT1_IRQHandler
                0x00000000080011e0                LTDC_ER_IRQHandler
                0x00000000080011e0                DMA2_Stream2_IRQHandler
                0x00000000080011e0                HRTIM1_TIME_IRQHandler
                0x00000000080011e0                SPI1_IRQHandler
                0x00000000080011e0                TIM6_DAC_IRQHandler
                0x00000000080011e0                DCMI_IRQHandler
                0x00000000080011e0                HRTIM1_TIMC_IRQHandler
                0x00000000080011e0                DMA2_Stream3_IRQHandler
                0x00000000080011e0                SAI2_IRQHandler
                0x00000000080011e0                DFSDM1_FLT3_IRQHandler
                0x00000000080011e0                USART6_IRQHandler
                0x00000000080011e0                TIM17_IRQHandler
                0x00000000080011e0                USART3_IRQHandler
                0x00000000080011e0                BDMA_Channel7_IRQHandler
                0x00000000080011e0                LPTIM5_IRQHandler
                0x00000000080011e0                UART5_IRQHandler
                0x00000000080011e0                ADC3_IRQHandler
                0x00000000080011e0                DMA2_Stream0_IRQHandler
                0x00000000080011e0                TIM4_IRQHandler
                0x00000000080011e0                BDMA_Channel2_IRQHandler
                0x00000000080011e0                QUADSPI_IRQHandler
                0x00000000080011e0                I2C1_EV_IRQHandler
                0x00000000080011e0                DMA1_Stream6_IRQHandler
                0x00000000080011e0                DMAMUX1_OVR_IRQHandler
                0x00000000080011e0                DMA1_Stream1_IRQHandler
                0x00000000080011e0                TIM16_IRQHandler
                0x00000000080011e0                UART4_IRQHandler
                0x00000000080011e0                BDMA_Channel5_IRQHandler
                0x00000000080011e0                TIM3_IRQHandler
                0x00000000080011e0                RCC_IRQHandler
                0x00000000080011e0                TIM8_BRK_TIM12_IRQHandler
                0x00000000080011e0                TIM1_TRG_COM_IRQHandler
                0x00000000080011e0                Default_Handler
                0x00000000080011e0                ECC_IRQHandler
                0x00000000080011e0                CEC_IRQHandler
                0x00000000080011e0                BDMA_Channel0_IRQHandler
                0x00000000080011e0                ADC_IRQHandler
                0x00000000080011e0                DMA1_Stream7_IRQHandler
                0x00000000080011e0                HRTIM1_TIMA_IRQHandler
                0x00000000080011e0                SPI5_IRQHandler
                0x00000000080011e0                TIM7_IRQHandler
                0x00000000080011e0                SDMMC1_IRQHandler
                0x00000000080011e0                TIM5_IRQHandler
                0x00000000080011e0                DMA2_Stream7_IRQHandler
                0x00000000080011e0                TIM15_IRQHandler
                0x00000000080011e0                PVD_AVD_IRQHandler
                0x00000000080011e0                I2C3_EV_IRQHandler
                0x00000000080011e0                EXTI9_5_IRQHandler
                0x00000000080011e0                RTC_WKUP_IRQHandler
                0x00000000080011e0                LTDC_IRQHandler
                0x00000000080011e0                SAI3_IRQHandler
                0x00000000080011e0                ETH_WKUP_IRQHandler
                0x00000000080011e0                SPDIF_RX_IRQHandler
                0x00000000080011e0                SPI2_IRQHandler
                0x00000000080011e0                OTG_HS_EP1_IN_IRQHandler
                0x00000000080011e0                DMA1_Stream0_IRQHandler
                0x00000000080011e0                CRS_IRQHandler
                0x00000000080011e0                EXTI4_IRQHandler
                0x00000000080011e0                RNG_IRQHandler
                0x00000000080011e0                HRTIM1_TIMB_IRQHandler
                0x00000000080011e0                FDCAN2_IT1_IRQHandler
                0x00000000080011e0                ETH_IRQHandler
                0x00000000080011e0                TIM1_UP_IRQHandler
                0x00000000080011e0                BDMA_Channel4_IRQHandler
                0x00000000080011e0                OTG_HS_EP1_OUT_IRQHandler
                0x00000000080011e0                WWDG_IRQHandler
                0x00000000080011e0                SPI6_IRQHandler
                0x00000000080011e0                MDIOS_IRQHandler
                0x00000000080011e0                I2C4_EV_IRQHandler
                0x00000000080011e0                FDCAN2_IT0_IRQHandler
                0x00000000080011e0                LPUART1_IRQHandler
                0x00000000080011e0                FDCAN1_IT0_IRQHandler
                0x00000000080011e0                OTG_FS_WKUP_IRQHandler
                0x00000000080011e0                OTG_HS_IRQHandler
                0x00000000080011e0                DMA2D_IRQHandler
                0x00000000080011e0                TIM1_BRK_IRQHandler
                0x00000000080011e0                EXTI1_IRQHandler
                0x00000000080011e0                SDMMC2_IRQHandler
                0x00000000080011e0                OTG_FS_EP1_OUT_IRQHandler
                0x00000000080011e0                BDMA_Channel3_IRQHandler
                0x00000000080011e0                UART7_IRQHandler
                0x00000000080011e0                MDIOS_WKUP_IRQHandler
                0x00000000080011e0                USART2_IRQHandler
                0x00000000080011e0                DFSDM1_FLT0_IRQHandler
                0x00000000080011e0                SAI4_IRQHandler
                0x00000000080011e0                I2C2_ER_IRQHandler
                0x00000000080011e0                DMA2_Stream1_IRQHandler
                0x00000000080011e0                FLASH_IRQHandler
                0x00000000080011e0                DMA2_Stream4_IRQHandler
                0x00000000080011e0                USART1_IRQHandler
                0x00000000080011e0                OTG_FS_IRQHandler
                0x00000000080011e0                SPI3_IRQHandler
                0x00000000080011e0                WAKEUP_PIN_IRQHandler
                0x00000000080011e0                DMA1_Stream4_IRQHandler
                0x00000000080011e0                OTG_FS_EP1_IN_IRQHandler
                0x00000000080011e0                I2C1_ER_IRQHandler
                0x00000000080011e0                FMC_IRQHandler
                0x00000000080011e0                FDCAN_CAL_IRQHandler
                0x00000000080011e0                SWPMI1_IRQHandler
                0x00000000080011e0                COMP1_IRQHandler
                0x00000000080011e0                LPTIM1_IRQHandler
                0x00000000080011e0                I2C4_ER_IRQHandler
                0x00000000080011e0                DMA2_Stream6_IRQHandler
                0x00000000080011e0                SAI1_IRQHandler
                0x00000000080011e0                DMA1_Stream3_IRQHandler
 *fill*         0x00000000080011e2        0x2 
 .text.HAL_Init
                0x00000000080011e4       0x78 ./Drivers/STM32H7xx_HAL_Driver/Src/stm32h7xx_hal.o
                0x00000000080011e4                HAL_Init
 .text.HAL_InitTick
                0x000000000800125c       0x6c ./Drivers/STM32H7xx_HAL_Driver/Src/stm32h7xx_hal.o
                0x000000000800125c                HAL_InitTick
 .text.HAL_IncTick
                0x00000000080012c8       0x28 ./Drivers/STM32H7xx_HAL_Driver/Src/stm32h7xx_hal.o
                0x00000000080012c8                HAL_IncTick
 .text.HAL_GetTick
                0x00000000080012f0       0x18 ./Drivers/STM32H7xx_HAL_Driver/Src/stm32h7xx_hal.o
                0x00000000080012f0                HAL_GetTick
 .text.HAL_Delay
                0x0000000008001308       0x48 ./Drivers/STM32H7xx_HAL_Driver/Src/stm32h7xx_hal.o
                0x0000000008001308                HAL_Delay
 .text.HAL_GetREVID
                0x0000000008001350       0x18 ./Drivers/STM32H7xx_HAL_Driver/Src/stm32h7xx_hal.o
                0x0000000008001350                HAL_GetREVID
 .text.__NVIC_SetPriorityGrouping
                0x0000000008001368       0x48 ./Drivers/STM32H7xx_HAL_Driver/Src/stm32h7xx_hal_cortex.o
 .text.__NVIC_GetPriorityGrouping
                0x00000000080013b0       0x1c ./Drivers/STM32H7xx_HAL_Driver/Src/stm32h7xx_hal_cortex.o
 .text.__NVIC_EnableIRQ
                0x00000000080013cc       0x3c ./Drivers/STM32H7xx_HAL_Driver/Src/stm32h7xx_hal_cortex.o
 .text.__NVIC_SetPriority
                0x0000000008001408       0x54 ./Drivers/STM32H7xx_HAL_Driver/Src/stm32h7xx_hal_cortex.o
 .text.NVIC_EncodePriority
                0x000000000800145c       0x66 ./Drivers/STM32H7xx_HAL_Driver/Src/stm32h7xx_hal_cortex.o
 *fill*         0x00000000080014c2        0x2 
 .text.SysTick_Config
                0x00000000080014c4       0x44 ./Drivers/STM32H7xx_HAL_Driver/Src/stm32h7xx_hal_cortex.o
 .text.HAL_NVIC_SetPriorityGrouping
                0x0000000008001508       0x16 ./Drivers/STM32H7xx_HAL_Driver/Src/stm32h7xx_hal_cortex.o
                0x0000000008001508                HAL_NVIC_SetPriorityGrouping
 .text.HAL_NVIC_SetPriority
                0x000000000800151e       0x34 ./Drivers/STM32H7xx_HAL_Driver/Src/stm32h7xx_hal_cortex.o
                0x000000000800151e                HAL_NVIC_SetPriority
 .text.HAL_NVIC_EnableIRQ
                0x0000000008001552       0x1c ./Drivers/STM32H7xx_HAL_Driver/Src/stm32h7xx_hal_cortex.o
                0x0000000008001552                HAL_NVIC_EnableIRQ
 .text.HAL_SYSTICK_Config
                0x000000000800156e       0x18 ./Drivers/STM32H7xx_HAL_Driver/Src/stm32h7xx_hal_cortex.o
                0x000000000800156e                HAL_SYSTICK_Config
 *fill*         0x0000000008001586        0x2 
 .text.HAL_GPIO_Init
                0x0000000008001588      0x360 ./Drivers/STM32H7xx_HAL_Driver/Src/stm32h7xx_hal_gpio.o
                0x0000000008001588                HAL_GPIO_Init
 .text.HAL_GPIO_ReadPin
                0x00000000080018e8       0x30 ./Drivers/STM32H7xx_HAL_Driver/Src/stm32h7xx_hal_gpio.o
                0x00000000080018e8                HAL_GPIO_ReadPin
 .text.HAL_GPIO_WritePin
                0x0000000008001918       0x32 ./Drivers/STM32H7xx_HAL_Driver/Src/stm32h7xx_hal_gpio.o
                0x0000000008001918                HAL_GPIO_WritePin
 .text.HAL_GPIO_EXTI_IRQHandler
                0x000000000800194a       0x34 ./Drivers/STM32H7xx_HAL_Driver/Src/stm32h7xx_hal_gpio.o
                0x000000000800194a                HAL_GPIO_EXTI_IRQHandler
 *fill*         0x000000000800197e        0x2 
 .text.HAL_PWREx_ConfigSupply
                0x0000000008001980       0x74 ./Drivers/STM32H7xx_HAL_Driver/Src/stm32h7xx_hal_pwr_ex.o
                0x0000000008001980                HAL_PWREx_ConfigSupply
 .text.HAL_RCC_OscConfig
                0x00000000080019f4      0x8b4 ./Drivers/STM32H7xx_HAL_Driver/Src/stm32h7xx_hal_rcc.o
                0x00000000080019f4                HAL_RCC_OscConfig
 .text.HAL_RCC_ClockConfig
                0x00000000080022a8      0x36c ./Drivers/STM32H7xx_HAL_Driver/Src/stm32h7xx_hal_rcc.o
                0x00000000080022a8                HAL_RCC_ClockConfig
 .text.HAL_RCC_GetSysClockFreq
                0x0000000008002614      0x2f4 ./Drivers/STM32H7xx_HAL_Driver/Src/stm32h7xx_hal_rcc.o
                0x0000000008002614                HAL_RCC_GetSysClockFreq
 .text.HAL_RCC_GetHCLKFreq
                0x0000000008002908       0x60 ./Drivers/STM32H7xx_HAL_Driver/Src/stm32h7xx_hal_rcc.o
                0x0000000008002908                HAL_RCC_GetHCLKFreq
 .text.HAL_RCC_GetPCLK1Freq
                0x0000000008002968       0x2c ./Drivers/STM32H7xx_HAL_Driver/Src/stm32h7xx_hal_rcc.o
                0x0000000008002968                HAL_RCC_GetPCLK1Freq
 .text.HAL_RCC_GetPCLK2Freq
                0x0000000008002994       0x2c ./Drivers/STM32H7xx_HAL_Driver/Src/stm32h7xx_hal_rcc.o
                0x0000000008002994                HAL_RCC_GetPCLK2Freq
 .text.HAL_RCCEx_PeriphCLKConfig
                0x00000000080029c0     0x1414 ./Drivers/STM32H7xx_HAL_Driver/Src/stm32h7xx_hal_rcc_ex.o
                0x00000000080029c0                HAL_RCCEx_PeriphCLKConfig
 .text.HAL_RCCEx_GetD3PCLK1Freq
                0x0000000008003dd4       0x2c ./Drivers/STM32H7xx_HAL_Driver/Src/stm32h7xx_hal_rcc_ex.o
                0x0000000008003dd4                HAL_RCCEx_GetD3PCLK1Freq
 .text.HAL_RCCEx_GetPLL2ClockFreq
                0x0000000008003e00      0x2a8 ./Drivers/STM32H7xx_HAL_Driver/Src/stm32h7xx_hal_rcc_ex.o
                0x0000000008003e00                HAL_RCCEx_GetPLL2ClockFreq
 .text.HAL_RCCEx_GetPLL3ClockFreq
                0x00000000080040a8      0x2a8 ./Drivers/STM32H7xx_HAL_Driver/Src/stm32h7xx_hal_rcc_ex.o
                0x00000000080040a8                HAL_RCCEx_GetPLL3ClockFreq
 .text.RCCEx_PLL2_Config
                0x0000000008004350      0x164 ./Drivers/STM32H7xx_HAL_Driver/Src/stm32h7xx_hal_rcc_ex.o
 .text.RCCEx_PLL3_Config
                0x00000000080044b4      0x164 ./Drivers/STM32H7xx_HAL_Driver/Src/stm32h7xx_hal_rcc_ex.o
 .text.HAL_TIM_Base_Init
                0x0000000008004618       0xae ./Drivers/STM32H7xx_HAL_Driver/Src/stm32h7xx_hal_tim.o
                0x0000000008004618                HAL_TIM_Base_Init
 .text.HAL_TIM_PWM_Init
                0x00000000080046c6       0xae ./Drivers/STM32H7xx_HAL_Driver/Src/stm32h7xx_hal_tim.o
                0x00000000080046c6                HAL_TIM_PWM_Init
 .text.HAL_TIM_PWM_MspInit
                0x0000000008004774       0x14 ./Drivers/STM32H7xx_HAL_Driver/Src/stm32h7xx_hal_tim.o
                0x0000000008004774                HAL_TIM_PWM_MspInit
 .text.HAL_TIM_PWM_Start
                0x0000000008004788      0x21c ./Drivers/STM32H7xx_HAL_Driver/Src/stm32h7xx_hal_tim.o
                0x0000000008004788                HAL_TIM_PWM_Start
 .text.HAL_TIM_PWM_Stop
                0x00000000080049a4      0x12c ./Drivers/STM32H7xx_HAL_Driver/Src/stm32h7xx_hal_tim.o
                0x00000000080049a4                HAL_TIM_PWM_Stop
 .text.HAL_TIM_PWM_Start_IT
                0x0000000008004ad0      0x2b4 ./Drivers/STM32H7xx_HAL_Driver/Src/stm32h7xx_hal_tim.o
                0x0000000008004ad0                HAL_TIM_PWM_Start_IT
 .text.HAL_TIM_PWM_Stop_IT
                0x0000000008004d84      0x1c8 ./Drivers/STM32H7xx_HAL_Driver/Src/stm32h7xx_hal_tim.o
                0x0000000008004d84                HAL_TIM_PWM_Stop_IT
 .text.HAL_TIM_IRQHandler
                0x0000000008004f4c      0x20e ./Drivers/STM32H7xx_HAL_Driver/Src/stm32h7xx_hal_tim.o
                0x0000000008004f4c                HAL_TIM_IRQHandler
 *fill*         0x000000000800515a        0x2 
 .text.HAL_TIM_PWM_ConfigChannel
                0x000000000800515c      0x228 ./Drivers/STM32H7xx_HAL_Driver/Src/stm32h7xx_hal_tim.o
                0x000000000800515c                HAL_TIM_PWM_ConfigChannel
 .text.HAL_TIM_ConfigClockSource
                0x0000000008005384      0x1f0 ./Drivers/STM32H7xx_HAL_Driver/Src/stm32h7xx_hal_tim.o
                0x0000000008005384                HAL_TIM_ConfigClockSource
 .text.HAL_TIM_PeriodElapsedCallback
                0x0000000008005574       0x14 ./Drivers/STM32H7xx_HAL_Driver/Src/stm32h7xx_hal_tim.o
                0x0000000008005574                HAL_TIM_PeriodElapsedCallback
 .text.HAL_TIM_OC_DelayElapsedCallback
                0x0000000008005588       0x14 ./Drivers/STM32H7xx_HAL_Driver/Src/stm32h7xx_hal_tim.o
                0x0000000008005588                HAL_TIM_OC_DelayElapsedCallback
 .text.HAL_TIM_IC_CaptureCallback
                0x000000000800559c       0x14 ./Drivers/STM32H7xx_HAL_Driver/Src/stm32h7xx_hal_tim.o
                0x000000000800559c                HAL_TIM_IC_CaptureCallback
 .text.HAL_TIM_TriggerCallback
                0x00000000080055b0       0x14 ./Drivers/STM32H7xx_HAL_Driver/Src/stm32h7xx_hal_tim.o
                0x00000000080055b0                HAL_TIM_TriggerCallback
 .text.TIM_Base_SetConfig
                0x00000000080055c4      0x14c ./Drivers/STM32H7xx_HAL_Driver/Src/stm32h7xx_hal_tim.o
                0x00000000080055c4                TIM_Base_SetConfig
 .text.TIM_OC1_SetConfig
                0x0000000008005710      0x120 ./Drivers/STM32H7xx_HAL_Driver/Src/stm32h7xx_hal_tim.o
 .text.TIM_OC2_SetConfig
                0x0000000008005830      0x114 ./Drivers/STM32H7xx_HAL_Driver/Src/stm32h7xx_hal_tim.o
                0x0000000008005830                TIM_OC2_SetConfig
 .text.TIM_OC3_SetConfig
                0x0000000008005944      0x110 ./Drivers/STM32H7xx_HAL_Driver/Src/stm32h7xx_hal_tim.o
 .text.TIM_OC4_SetConfig
                0x0000000008005a54       0xd4 ./Drivers/STM32H7xx_HAL_Driver/Src/stm32h7xx_hal_tim.o
 .text.TIM_OC5_SetConfig
                0x0000000008005b28       0xc8 ./Drivers/STM32H7xx_HAL_Driver/Src/stm32h7xx_hal_tim.o
 .text.TIM_OC6_SetConfig
                0x0000000008005bf0       0xcc ./Drivers/STM32H7xx_HAL_Driver/Src/stm32h7xx_hal_tim.o
 .text.TIM_TI1_ConfigInputStage
                0x0000000008005cbc       0x5e ./Drivers/STM32H7xx_HAL_Driver/Src/stm32h7xx_hal_tim.o
 .text.TIM_TI2_ConfigInputStage
                0x0000000008005d1a       0x60 ./Drivers/STM32H7xx_HAL_Driver/Src/stm32h7xx_hal_tim.o
 *fill*         0x0000000008005d7a        0x2 
 .text.TIM_ITRx_SetConfig
                0x0000000008005d7c       0x3c ./Drivers/STM32H7xx_HAL_Driver/Src/stm32h7xx_hal_tim.o
 .text.TIM_ETR_SetConfig
                0x0000000008005db8       0x40 ./Drivers/STM32H7xx_HAL_Driver/Src/stm32h7xx_hal_tim.o
                0x0000000008005db8                TIM_ETR_SetConfig
 .text.TIM_CCxChannelCmd
                0x0000000008005df8       0x4a ./Drivers/STM32H7xx_HAL_Driver/Src/stm32h7xx_hal_tim.o
                0x0000000008005df8                TIM_CCxChannelCmd
 *fill*         0x0000000008005e42        0x2 
 .text.HAL_TIMEx_MasterConfigSynchronization
                0x0000000008005e44      0x11c ./Drivers/STM32H7xx_HAL_Driver/Src/stm32h7xx_hal_tim_ex.o
                0x0000000008005e44                HAL_TIMEx_MasterConfigSynchronization
 .text.HAL_TIMEx_CommutCallback
                0x0000000008005f60       0x14 ./Drivers/STM32H7xx_HAL_Driver/Src/stm32h7xx_hal_tim_ex.o
                0x0000000008005f60                HAL_TIMEx_CommutCallback
 .text.HAL_TIMEx_BreakCallback
                0x0000000008005f74       0x14 ./Drivers/STM32H7xx_HAL_Driver/Src/stm32h7xx_hal_tim_ex.o
                0x0000000008005f74                HAL_TIMEx_BreakCallback
 .text.HAL_TIMEx_Break2Callback
                0x0000000008005f88       0x14 ./Drivers/STM32H7xx_HAL_Driver/Src/stm32h7xx_hal_tim_ex.o
                0x0000000008005f88                HAL_TIMEx_Break2Callback
 .text.HAL_UART_Init
                0x0000000008005f9c       0xa0 ./Drivers/STM32H7xx_HAL_Driver/Src/stm32h7xx_hal_uart.o
                0x0000000008005f9c                HAL_UART_Init
 .text.UART_SetConfig
                0x000000000800603c      0xad0 ./Drivers/STM32H7xx_HAL_Driver/Src/stm32h7xx_hal_uart.o
                0x000000000800603c                UART_SetConfig
 .text.UART_AdvFeatureConfig
                0x0000000008006b0c      0x144 ./Drivers/STM32H7xx_HAL_Driver/Src/stm32h7xx_hal_uart.o
                0x0000000008006b0c                UART_AdvFeatureConfig
 .text.UART_CheckIdleState
                0x0000000008006c50      0x154 ./Drivers/STM32H7xx_HAL_Driver/Src/stm32h7xx_hal_uart.o
                0x0000000008006c50                UART_CheckIdleState
 .text.UART_WaitOnFlagUntilTimeout
                0x0000000008006da4       0xda ./Drivers/STM32H7xx_HAL_Driver/Src/stm32h7xx_hal_uart.o
                0x0000000008006da4                UART_WaitOnFlagUntilTimeout
 *fill*         0x0000000008006e7e        0x2 
 .text.UART_EndRxTransfer
                0x0000000008006e80       0xcc ./Drivers/STM32H7xx_HAL_Driver/Src/stm32h7xx_hal_uart.o
 .text.HAL_UARTEx_DisableFifoMode
                0x0000000008006f4c       0x72 ./Drivers/STM32H7xx_HAL_Driver/Src/stm32h7xx_hal_uart_ex.o
                0x0000000008006f4c                HAL_UARTEx_DisableFifoMode
 .text.HAL_UARTEx_SetTxFifoThreshold
                0x0000000008006fbe       0x7c ./Drivers/STM32H7xx_HAL_Driver/Src/stm32h7xx_hal_uart_ex.o
                0x0000000008006fbe                HAL_UARTEx_SetTxFifoThreshold
 .text.HAL_UARTEx_SetRxFifoThreshold
                0x000000000800703a       0x7c ./Drivers/STM32H7xx_HAL_Driver/Src/stm32h7xx_hal_uart_ex.o
                0x000000000800703a                HAL_UARTEx_SetRxFifoThreshold
 *fill*         0x00000000080070b6        0x2 
 .text.UARTEx_SetNbDataToProcess
                0x00000000080070b8       0x9c ./Drivers/STM32H7xx_HAL_Driver/Src/stm32h7xx_hal_uart_ex.o
 .text.memset   0x0000000008007154       0x10 C:/Program Files (x86)/STM32CubeIDE_1.14.1/STM32CubeIDE/plugins/com.st.stm32cube.ide.mcu.externaltools.gnu-tools-for-stm32.11.3.rel1.win32_1.1.100.202309141235/tools/bin/../lib/gcc/arm-none-eabi/11.3.1/../../../../arm-none-eabi/lib/thumb/v7e-m+dp/hard\libc_nano.a(libc_a-memset.o)
                0x0000000008007154                memset
 .text.__libc_init_array
                0x0000000008007164       0x48 C:/Program Files (x86)/STM32CubeIDE_1.14.1/STM32CubeIDE/plugins/com.st.stm32cube.ide.mcu.externaltools.gnu-tools-for-stm32.11.3.rel1.win32_1.1.100.202309141235/tools/bin/../lib/gcc/arm-none-eabi/11.3.1/../../../../arm-none-eabi/lib/thumb/v7e-m+dp/hard\libc_nano.a(libc_a-init.o)
                0x0000000008007164                __libc_init_array
 *(.glue_7)
 .glue_7        0x00000000080071ac        0x0 linker stubs
 *(.glue_7t)
 .glue_7t       0x00000000080071ac        0x0 linker stubs
 *(.eh_frame)
 .eh_frame      0x00000000080071ac        0x0 C:/Program Files (x86)/STM32CubeIDE_1.14.1/STM32CubeIDE/plugins/com.st.stm32cube.ide.mcu.externaltools.gnu-tools-for-stm32.11.3.rel1.win32_1.1.100.202309141235/tools/bin/../lib/gcc/arm-none-eabi/11.3.1/thumb/v7e-m+dp/hard/crtbegin.o
 *(.init)
 .init          0x00000000080071ac        0x4 C:/Program Files (x86)/STM32CubeIDE_1.14.1/STM32CubeIDE/plugins/com.st.stm32cube.ide.mcu.externaltools.gnu-tools-for-stm32.11.3.rel1.win32_1.1.100.202309141235/tools/bin/../lib/gcc/arm-none-eabi/11.3.1/thumb/v7e-m+dp/hard/crti.o
                0x00000000080071ac                _init
 .init          0x00000000080071b0        0x8 C:/Program Files (x86)/STM32CubeIDE_1.14.1/STM32CubeIDE/plugins/com.st.stm32cube.ide.mcu.externaltools.gnu-tools-for-stm32.11.3.rel1.win32_1.1.100.202309141235/tools/bin/../lib/gcc/arm-none-eabi/11.3.1/thumb/v7e-m+dp/hard/crtn.o
 *(.fini)
 .fini          0x00000000080071b8        0x4 C:/Program Files (x86)/STM32CubeIDE_1.14.1/STM32CubeIDE/plugins/com.st.stm32cube.ide.mcu.externaltools.gnu-tools-for-stm32.11.3.rel1.win32_1.1.100.202309141235/tools/bin/../lib/gcc/arm-none-eabi/11.3.1/thumb/v7e-m+dp/hard/crti.o
                0x00000000080071b8                _fini
 .fini          0x00000000080071bc        0x8 C:/Program Files (x86)/STM32CubeIDE_1.14.1/STM32CubeIDE/plugins/com.st.stm32cube.ide.mcu.externaltools.gnu-tools-for-stm32.11.3.rel1.win32_1.1.100.202309141235/tools/bin/../lib/gcc/arm-none-eabi/11.3.1/thumb/v7e-m+dp/hard/crtn.o
                0x00000000080071c4                . = ALIGN (0x4)
                0x00000000080071c4                _etext = .

.vfp11_veneer   0x00000000080071c4        0x0
 .vfp11_veneer  0x00000000080071c4        0x0 linker stubs

.v4_bx          0x00000000080071c4        0x0
 .v4_bx         0x00000000080071c4        0x0 linker stubs

.iplt           0x00000000080071c4        0x0
 .iplt          0x00000000080071c4        0x0 C:/Program Files (x86)/STM32CubeIDE_1.14.1/STM32CubeIDE/plugins/com.st.stm32cube.ide.mcu.externaltools.gnu-tools-for-stm32.11.3.rel1.win32_1.1.100.202309141235/tools/bin/../lib/gcc/arm-none-eabi/11.3.1/thumb/v7e-m+dp/hard/crtbegin.o

.rodata         0x00000000080071c4       0x38
                0x00000000080071c4                . = ALIGN (0x4)
 *(.rodata)
 *(.rodata*)
 .rodata.D1CorePrescTable
                0x00000000080071c4       0x10 ./Core/Src/system_stm32h7xx.o
                0x00000000080071c4                D1CorePrescTable
 .rodata.UARTPrescTable
                0x00000000080071d4       0x18 ./Drivers/STM32H7xx_HAL_Driver/Src/stm32h7xx_hal_uart.o
                0x00000000080071d4                UARTPrescTable
 .rodata.numerator.1
                0x00000000080071ec        0x8 ./Drivers/STM32H7xx_HAL_Driver/Src/stm32h7xx_hal_uart_ex.o
 .rodata.denominator.0
                0x00000000080071f4        0x8 ./Drivers/STM32H7xx_HAL_Driver/Src/stm32h7xx_hal_uart_ex.o
                0x00000000080071fc                . = ALIGN (0x4)

.ARM.extab
 *(.ARM.extab* .gnu.linkonce.armextab.*)

.ARM            0x00000000080071fc        0x8
                0x00000000080071fc                __exidx_start = .
 *(.ARM.exidx*)
 .ARM.exidx     0x00000000080071fc        0x8 C:/Program Files (x86)/STM32CubeIDE_1.14.1/STM32CubeIDE/plugins/com.st.stm32cube.ide.mcu.externaltools.gnu-tools-for-stm32.11.3.rel1.win32_1.1.100.202309141235/tools/bin/../lib/gcc/arm-none-eabi/11.3.1/thumb/v7e-m+dp/hard\libgcc.a(_udivmoddi4.o)
                0x0000000008007204                __exidx_end = .

.rel.dyn        0x0000000008007204        0x0
 .rel.iplt      0x0000000008007204        0x0 C:/Program Files (x86)/STM32CubeIDE_1.14.1/STM32CubeIDE/plugins/com.st.stm32cube.ide.mcu.externaltools.gnu-tools-for-stm32.11.3.rel1.win32_1.1.100.202309141235/tools/bin/../lib/gcc/arm-none-eabi/11.3.1/thumb/v7e-m+dp/hard/crtbegin.o

.preinit_array  0x0000000008007204        0x0
                0x0000000008007204                PROVIDE (__preinit_array_start = .)
 *(.preinit_array*)
                0x0000000008007204                PROVIDE (__preinit_array_end = .)

.init_array     0x0000000008007204        0x4
                0x0000000008007204                PROVIDE (__init_array_start = .)
 *(SORT_BY_NAME(.init_array.*))
 *(.init_array*)
 .init_array    0x0000000008007204        0x4 C:/Program Files (x86)/STM32CubeIDE_1.14.1/STM32CubeIDE/plugins/com.st.stm32cube.ide.mcu.externaltools.gnu-tools-for-stm32.11.3.rel1.win32_1.1.100.202309141235/tools/bin/../lib/gcc/arm-none-eabi/11.3.1/thumb/v7e-m+dp/hard/crtbegin.o
                0x0000000008007208                PROVIDE (__init_array_end = .)

.fini_array     0x0000000008007208        0x4
                [!provide]                        PROVIDE (__fini_array_start = .)
 *(SORT_BY_NAME(.fini_array.*))
 *(.fini_array*)
 .fini_array    0x0000000008007208        0x4 C:/Program Files (x86)/STM32CubeIDE_1.14.1/STM32CubeIDE/plugins/com.st.stm32cube.ide.mcu.externaltools.gnu-tools-for-stm32.11.3.rel1.win32_1.1.100.202309141235/tools/bin/../lib/gcc/arm-none-eabi/11.3.1/thumb/v7e-m+dp/hard/crtbegin.o
                [!provide]                        PROVIDE (__fini_array_end = .)
                0x000000000800720c                _sidata = LOADADDR (.data)

.data           0x0000000024000000       0xd0 load address 0x000000000800720c
                0x0000000024000000                . = ALIGN (0x4)
                0x0000000024000000                _sdata = .
 *(.data)
 *(.data*)
 .data.maxPulses
                0x0000000024000000        0x4 ./Core/Src/main.o
                0x0000000024000000                maxPulses
 .data.constantT
                0x0000000024000004        0x4 ./Core/Src/main.o
                0x0000000024000004                constantT
 .data.R0       0x0000000024000008        0x4 ./Core/Src/main.o
                0x0000000024000008                R0
 .data.Rs       0x000000002400000c        0x4 ./Core/Src/main.o
                0x000000002400000c                Rs
 .data.curR     0x0000000024000010        0x4 ./Core/Src/main.o
                0x0000000024000010                curR
 .data.noteFrequencies
                0x0000000024000014       0xa8 ./Core/Src/main.o
                0x0000000024000014                noteFrequencies
 .data.noteSize
                0x00000000240000bc        0x4 ./Core/Src/main.o
                0x00000000240000bc                noteSize
 .data.SystemCoreClock
                0x00000000240000c0        0x4 ./Core/Src/system_stm32h7xx.o
                0x00000000240000c0                SystemCoreClock
 .data.SystemD2Clock
                0x00000000240000c4        0x4 ./Core/Src/system_stm32h7xx.o
                0x00000000240000c4                SystemD2Clock
 .data.uwTickPrio
                0x00000000240000c8        0x4 ./Drivers/STM32H7xx_HAL_Driver/Src/stm32h7xx_hal.o
                0x00000000240000c8                uwTickPrio
 .data.uwTickFreq
                0x00000000240000cc        0x1 ./Drivers/STM32H7xx_HAL_Driver/Src/stm32h7xx_hal.o
                0x00000000240000cc                uwTickFreq
 *(.RamFunc)
 *(.RamFunc*)
                0x00000000240000d0                . = ALIGN (0x4)
 *fill*         0x00000000240000cd        0x3 
                0x00000000240000d0                _edata = .

.igot.plt       0x00000000240000d0        0x0 load address 0x00000000080072dc
 .igot.plt      0x00000000240000d0        0x0 C:/Program Files (x86)/STM32CubeIDE_1.14.1/STM32CubeIDE/plugins/com.st.stm32cube.ide.mcu.externaltools.gnu-tools-for-stm32.11.3.rel1.win32_1.1.100.202309141235/tools/bin/../lib/gcc/arm-none-eabi/11.3.1/thumb/v7e-m+dp/hard/crtbegin.o
                0x00000000240000d0                . = ALIGN (0x4)

.bss            0x00000000240000d0    0x61b9c load address 0x00000000080072dc
                0x00000000240000d0                _sbss = .
                0x00000000240000d0                __bss_start__ = _sbss
 *(.bss)
 .bss           0x00000000240000d0       0x1c C:/Program Files (x86)/STM32CubeIDE_1.14.1/STM32CubeIDE/plugins/com.st.stm32cube.ide.mcu.externaltools.gnu-tools-for-stm32.11.3.rel1.win32_1.1.100.202309141235/tools/bin/../lib/gcc/arm-none-eabi/11.3.1/thumb/v7e-m+dp/hard/crtbegin.o
 *(.bss*)
 .bss.htim2     0x00000000240000ec       0x4c ./Core/Src/main.o
                0x00000000240000ec                htim2
 .bss.huart3    0x0000000024000138       0x94 ./Core/Src/main.o
                0x0000000024000138                huart3
 .bss.total_pulses
                0x00000000240001cc        0x4 ./Core/Src/main.o
                0x00000000240001cc                total_pulses
 .bss.pulseCount
                0x00000000240001d0        0x4 ./Core/Src/main.o
                0x00000000240001d0                pulseCount
 .bss.loop_num  0x00000000240001d4        0x1 ./Core/Src/main.o
                0x00000000240001d4                loop_num
 *fill*         0x00000000240001d5        0x3 
 .bss.lastTime  0x00000000240001d8        0x4 ./Core/Src/main.o
                0x00000000240001d8                lastTime
 .bss.freqArray
                0x00000000240001dc    0x61a80 ./Core/Src/main.o
                0x00000000240001dc                freqArray
 .bss.decelerateCount
                0x0000000024061c5c        0x4 ./Core/Src/main.o
                0x0000000024061c5c                decelerateCount
 .bss.isPressed
                0x0000000024061c60        0x1 ./Core/Src/main.o
                0x0000000024061c60                isPressed
 .bss.isDecelerating
                0x0000000024061c61        0x1 ./Core/Src/main.o
                0x0000000024061c61                isDecelerating
 *fill*         0x0000000024061c62        0x2 
 .bss.curNoteIndex
                0x0000000024061c64        0x4 ./Core/Src/main.o
                0x0000000024061c64                curNoteIndex
 .bss.uwTick    0x0000000024061c68        0x4 ./Drivers/STM32H7xx_HAL_Driver/Src/stm32h7xx_hal.o
                0x0000000024061c68                uwTick
 *(COMMON)
                0x0000000024061c6c                . = ALIGN (0x4)
                0x0000000024061c6c                _ebss = .
                0x0000000024061c6c                __bss_end__ = _ebss

._user_heap_stack
                0x0000000024061c6c      0x604 load address 0x00000000080072dc
                0x0000000024061c70                . = ALIGN (0x8)
 *fill*         0x0000000024061c6c        0x4 
                [!provide]                        PROVIDE (end = .)
                0x0000000024061c70                PROVIDE (_end = .)
                0x0000000024061e70                . = (. + _Min_Heap_Size)
 *fill*         0x0000000024061c70      0x200 
                0x0000000024062270                . = (. + _Min_Stack_Size)
 *fill*         0x0000000024061e70      0x400 
                0x0000000024062270                . = ALIGN (0x8)

/DISCARD/
 libc.a(*)
 libm.a(*)
 libgcc.a(*)

.ARM.attributes
                0x0000000000000000       0x2e
 *(.ARM.attributes)
 .ARM.attributes
                0x0000000000000000       0x1e C:/Program Files (x86)/STM32CubeIDE_1.14.1/STM32CubeIDE/plugins/com.st.stm32cube.ide.mcu.externaltools.gnu-tools-for-stm32.11.3.rel1.win32_1.1.100.202309141235/tools/bin/../lib/gcc/arm-none-eabi/11.3.1/thumb/v7e-m+dp/hard/crti.o
 .ARM.attributes
                0x000000000000001e       0x32 C:/Program Files (x86)/STM32CubeIDE_1.14.1/STM32CubeIDE/plugins/com.st.stm32cube.ide.mcu.externaltools.gnu-tools-for-stm32.11.3.rel1.win32_1.1.100.202309141235/tools/bin/../lib/gcc/arm-none-eabi/11.3.1/thumb/v7e-m+dp/hard/crtbegin.o
 .ARM.attributes
                0x0000000000000050       0x32 ./Core/Src/main.o
 .ARM.attributes
                0x0000000000000082       0x32 ./Core/Src/stm32h7xx_hal_msp.o
 .ARM.attributes
                0x00000000000000b4       0x32 ./Core/Src/stm32h7xx_it.o
 .ARM.attributes
                0x00000000000000e6       0x32 ./Core/Src/system_stm32h7xx.o
 .ARM.attributes
                0x0000000000000118       0x21 ./Core/Startup/startup_stm32h743zitx.o
 .ARM.attributes
                0x0000000000000139       0x32 ./Drivers/STM32H7xx_HAL_Driver/Src/stm32h7xx_hal.o
 .ARM.attributes
                0x000000000000016b       0x32 ./Drivers/STM32H7xx_HAL_Driver/Src/stm32h7xx_hal_cortex.o
 .ARM.attributes
                0x000000000000019d       0x32 ./Drivers/STM32H7xx_HAL_Driver/Src/stm32h7xx_hal_gpio.o
 .ARM.attributes
                0x00000000000001cf       0x32 ./Drivers/STM32H7xx_HAL_Driver/Src/stm32h7xx_hal_pwr_ex.o
 .ARM.attributes
                0x0000000000000201       0x32 ./Drivers/STM32H7xx_HAL_Driver/Src/stm32h7xx_hal_rcc.o
 .ARM.attributes
                0x0000000000000233       0x32 ./Drivers/STM32H7xx_HAL_Driver/Src/stm32h7xx_hal_rcc_ex.o
 .ARM.attributes
                0x0000000000000265       0x32 ./Drivers/STM32H7xx_HAL_Driver/Src/stm32h7xx_hal_tim.o
 .ARM.attributes
                0x0000000000000297       0x32 ./Drivers/STM32H7xx_HAL_Driver/Src/stm32h7xx_hal_tim_ex.o
 .ARM.attributes
                0x00000000000002c9       0x32 ./Drivers/STM32H7xx_HAL_Driver/Src/stm32h7xx_hal_uart.o
 .ARM.attributes
                0x00000000000002fb       0x32 ./Drivers/STM32H7xx_HAL_Driver/Src/stm32h7xx_hal_uart_ex.o
 .ARM.attributes
                0x000000000000032d       0x32 C:/Program Files (x86)/STM32CubeIDE_1.14.1/STM32CubeIDE/plugins/com.st.stm32cube.ide.mcu.externaltools.gnu-tools-for-stm32.11.3.rel1.win32_1.1.100.202309141235/tools/bin/../lib/gcc/arm-none-eabi/11.3.1/../../../../arm-none-eabi/lib/thumb/v7e-m+dp/hard\libc_nano.a(libc_a-memset.o)
 .ARM.attributes
                0x000000000000035f       0x32 C:/Program Files (x86)/STM32CubeIDE_1.14.1/STM32CubeIDE/plugins/com.st.stm32cube.ide.mcu.externaltools.gnu-tools-for-stm32.11.3.rel1.win32_1.1.100.202309141235/tools/bin/../lib/gcc/arm-none-eabi/11.3.1/../../../../arm-none-eabi/lib/thumb/v7e-m+dp/hard\libc_nano.a(libc_a-init.o)
 .ARM.attributes
                0x0000000000000391       0x1e C:/Program Files (x86)/STM32CubeIDE_1.14.1/STM32CubeIDE/plugins/com.st.stm32cube.ide.mcu.externaltools.gnu-tools-for-stm32.11.3.rel1.win32_1.1.100.202309141235/tools/bin/../lib/gcc/arm-none-eabi/11.3.1/thumb/v7e-m+dp/hard\libgcc.a(_aeabi_uldivmod.o)
 .ARM.attributes
                0x00000000000003af       0x32 C:/Program Files (x86)/STM32CubeIDE_1.14.1/STM32CubeIDE/plugins/com.st.stm32cube.ide.mcu.externaltools.gnu-tools-for-stm32.11.3.rel1.win32_1.1.100.202309141235/tools/bin/../lib/gcc/arm-none-eabi/11.3.1/thumb/v7e-m+dp/hard\libgcc.a(_udivmoddi4.o)
 .ARM.attributes
                0x00000000000003e1       0x1e C:/Program Files (x86)/STM32CubeIDE_1.14.1/STM32CubeIDE/plugins/com.st.stm32cube.ide.mcu.externaltools.gnu-tools-for-stm32.11.3.rel1.win32_1.1.100.202309141235/tools/bin/../lib/gcc/arm-none-eabi/11.3.1/thumb/v7e-m+dp/hard\libgcc.a(_dvmd_tls.o)
 .ARM.attributes
                0x00000000000003ff       0x1e C:/Program Files (x86)/STM32CubeIDE_1.14.1/STM32CubeIDE/plugins/com.st.stm32cube.ide.mcu.externaltools.gnu-tools-for-stm32.11.3.rel1.win32_1.1.100.202309141235/tools/bin/../lib/gcc/arm-none-eabi/11.3.1/thumb/v7e-m+dp/hard/crtn.o
OUTPUT(Lab02.elf elf32-littlearm)
LOAD linker stubs
LOAD C:/Program Files (x86)/STM32CubeIDE_1.14.1/STM32CubeIDE/plugins/com.st.stm32cube.ide.mcu.externaltools.gnu-tools-for-stm32.11.3.rel1.win32_1.1.100.202309141235/tools/bin/../lib/gcc/arm-none-eabi/11.3.1/../../../../arm-none-eabi/lib/thumb/v7e-m+dp/hard\libc.a
LOAD C:/Program Files (x86)/STM32CubeIDE_1.14.1/STM32CubeIDE/plugins/com.st.stm32cube.ide.mcu.externaltools.gnu-tools-for-stm32.11.3.rel1.win32_1.1.100.202309141235/tools/bin/../lib/gcc/arm-none-eabi/11.3.1/../../../../arm-none-eabi/lib/thumb/v7e-m+dp/hard\libm.a
LOAD C:/Program Files (x86)/STM32CubeIDE_1.14.1/STM32CubeIDE/plugins/com.st.stm32cube.ide.mcu.externaltools.gnu-tools-for-stm32.11.3.rel1.win32_1.1.100.202309141235/tools/bin/../lib/gcc/arm-none-eabi/11.3.1/thumb/v7e-m+dp/hard\libgcc.a

.comment        0x0000000000000000       0x43
 .comment       0x0000000000000000       0x43 C:/Program Files (x86)/STM32CubeIDE_1.14.1/STM32CubeIDE/plugins/com.st.stm32cube.ide.mcu.externaltools.gnu-tools-for-stm32.11.3.rel1.win32_1.1.100.202309141235/tools/bin/../lib/gcc/arm-none-eabi/11.3.1/thumb/v7e-m+dp/hard/crtbegin.o
                                         0x44 (size before relaxing)
 .comment       0x0000000000000043       0x44 ./Core/Src/main.o
 .comment       0x0000000000000043       0x44 ./Core/Src/stm32h7xx_hal_msp.o
 .comment       0x0000000000000043       0x44 ./Core/Src/stm32h7xx_it.o
 .comment       0x0000000000000043       0x44 ./Core/Src/system_stm32h7xx.o
 .comment       0x0000000000000043       0x44 ./Drivers/STM32H7xx_HAL_Driver/Src/stm32h7xx_hal.o
 .comment       0x0000000000000043       0x44 ./Drivers/STM32H7xx_HAL_Driver/Src/stm32h7xx_hal_cortex.o
 .comment       0x0000000000000043       0x44 ./Drivers/STM32H7xx_HAL_Driver/Src/stm32h7xx_hal_gpio.o
 .comment       0x0000000000000043       0x44 ./Drivers/STM32H7xx_HAL_Driver/Src/stm32h7xx_hal_pwr_ex.o
 .comment       0x0000000000000043       0x44 ./Drivers/STM32H7xx_HAL_Driver/Src/stm32h7xx_hal_rcc.o
 .comment       0x0000000000000043       0x44 ./Drivers/STM32H7xx_HAL_Driver/Src/stm32h7xx_hal_rcc_ex.o
 .comment       0x0000000000000043       0x44 ./Drivers/STM32H7xx_HAL_Driver/Src/stm32h7xx_hal_tim.o
 .comment       0x0000000000000043       0x44 ./Drivers/STM32H7xx_HAL_Driver/Src/stm32h7xx_hal_tim_ex.o
 .comment       0x0000000000000043       0x44 ./Drivers/STM32H7xx_HAL_Driver/Src/stm32h7xx_hal_uart.o
 .comment       0x0000000000000043       0x44 ./Drivers/STM32H7xx_HAL_Driver/Src/stm32h7xx_hal_uart_ex.o

.debug_info     0x0000000000000000    0x1505b
 .debug_info    0x0000000000000000     0x2161 ./Core/Src/main.o
 .debug_info    0x0000000000002161     0x187c ./Core/Src/stm32h7xx_hal_msp.o
 .debug_info    0x00000000000039dd      0x856 ./Core/Src/stm32h7xx_it.o
 .debug_info    0x0000000000004233      0xcef ./Core/Src/system_stm32h7xx.o
 .debug_info    0x0000000000004f22       0x23 ./Core/Startup/startup_stm32h743zitx.o
 .debug_info    0x0000000000004f45     0x153b ./Drivers/STM32H7xx_HAL_Driver/Src/stm32h7xx_hal.o
 .debug_info    0x0000000000006480     0x10ac ./Drivers/STM32H7xx_HAL_Driver/Src/stm32h7xx_hal_cortex.o
 .debug_info    0x000000000000752c      0xc4b ./Drivers/STM32H7xx_HAL_Driver/Src/stm32h7xx_hal_gpio.o
 .debug_info    0x0000000000008177     0x1008 ./Drivers/STM32H7xx_HAL_Driver/Src/stm32h7xx_hal_pwr_ex.o
 .debug_info    0x000000000000917f      0xe5b ./Drivers/STM32H7xx_HAL_Driver/Src/stm32h7xx_hal_rcc.o
 .debug_info    0x0000000000009fda     0x1216 ./Drivers/STM32H7xx_HAL_Driver/Src/stm32h7xx_hal_rcc_ex.o
 .debug_info    0x000000000000b1f0     0x2bae ./Drivers/STM32H7xx_HAL_Driver/Src/stm32h7xx_hal_tim.o
 .debug_info    0x000000000000dd9e     0x17eb ./Drivers/STM32H7xx_HAL_Driver/Src/stm32h7xx_hal_tim_ex.o
 .debug_info    0x000000000000f589     0x4b13 ./Drivers/STM32H7xx_HAL_Driver/Src/stm32h7xx_hal_uart.o
 .debug_info    0x000000000001409c      0xfbf ./Drivers/STM32H7xx_HAL_Driver/Src/stm32h7xx_hal_uart_ex.o

.debug_abbrev   0x0000000000000000     0x2350
 .debug_abbrev  0x0000000000000000      0x395 ./Core/Src/main.o
 .debug_abbrev  0x0000000000000395      0x222 ./Core/Src/stm32h7xx_hal_msp.o
 .debug_abbrev  0x00000000000005b7      0x191 ./Core/Src/stm32h7xx_it.o
 .debug_abbrev  0x0000000000000748      0x14c ./Core/Src/system_stm32h7xx.o
 .debug_abbrev  0x0000000000000894       0x12 ./Core/Startup/startup_stm32h743zitx.o
 .debug_abbrev  0x00000000000008a6      0x295 ./Drivers/STM32H7xx_HAL_Driver/Src/stm32h7xx_hal.o
 .debug_abbrev  0x0000000000000b3b      0x339 ./Drivers/STM32H7xx_HAL_Driver/Src/stm32h7xx_hal_cortex.o
 .debug_abbrev  0x0000000000000e74      0x1fe ./Drivers/STM32H7xx_HAL_Driver/Src/stm32h7xx_hal_gpio.o
 .debug_abbrev  0x0000000000001072      0x2a7 ./Drivers/STM32H7xx_HAL_Driver/Src/stm32h7xx_hal_pwr_ex.o
 .debug_abbrev  0x0000000000001319      0x2c8 ./Drivers/STM32H7xx_HAL_Driver/Src/stm32h7xx_hal_rcc.o
 .debug_abbrev  0x00000000000015e1      0x269 ./Drivers/STM32H7xx_HAL_Driver/Src/stm32h7xx_hal_rcc_ex.o
 .debug_abbrev  0x000000000000184a      0x276 ./Drivers/STM32H7xx_HAL_Driver/Src/stm32h7xx_hal_tim.o
 .debug_abbrev  0x0000000000001ac0      0x281 ./Drivers/STM32H7xx_HAL_Driver/Src/stm32h7xx_hal_tim_ex.o
 .debug_abbrev  0x0000000000001d41      0x33d ./Drivers/STM32H7xx_HAL_Driver/Src/stm32h7xx_hal_uart.o
 .debug_abbrev  0x000000000000207e      0x2d2 ./Drivers/STM32H7xx_HAL_Driver/Src/stm32h7xx_hal_uart_ex.o

.debug_aranges  0x0000000000000000      0xfd8
 .debug_aranges
                0x0000000000000000       0x80 ./Core/Src/main.o
 .debug_aranges
                0x0000000000000080       0x48 ./Core/Src/stm32h7xx_hal_msp.o
 .debug_aranges
                0x00000000000000c8       0x70 ./Core/Src/stm32h7xx_it.o
 .debug_aranges
                0x0000000000000138       0x28 ./Core/Src/system_stm32h7xx.o
 .debug_aranges
                0x0000000000000160       0x28 ./Core/Startup/startup_stm32h743zitx.o
 .debug_aranges
                0x0000000000000188      0x198 ./Drivers/STM32H7xx_HAL_Driver/Src/stm32h7xx_hal.o
 .debug_aranges
                0x0000000000000320      0x130 ./Drivers/STM32H7xx_HAL_Driver/Src/stm32h7xx_hal_cortex.o
 .debug_aranges
                0x0000000000000450       0x58 ./Drivers/STM32H7xx_HAL_Driver/Src/stm32h7xx_hal_gpio.o
 .debug_aranges
                0x00000000000004a8      0x158 ./Drivers/STM32H7xx_HAL_Driver/Src/stm32h7xx_hal_pwr_ex.o
 .debug_aranges
                0x0000000000000600       0x88 ./Drivers/STM32H7xx_HAL_Driver/Src/stm32h7xx_hal_rcc.o
 .debug_aranges
                0x0000000000000688       0xf8 ./Drivers/STM32H7xx_HAL_Driver/Src/stm32h7xx_hal_rcc_ex.o
 .debug_aranges
                0x0000000000000780      0x3e0 ./Drivers/STM32H7xx_HAL_Driver/Src/stm32h7xx_hal_tim.o
 .debug_aranges
                0x0000000000000b60      0x188 ./Drivers/STM32H7xx_HAL_Driver/Src/stm32h7xx_hal_tim_ex.o
 .debug_aranges
                0x0000000000000ce8      0x248 ./Drivers/STM32H7xx_HAL_Driver/Src/stm32h7xx_hal_uart.o
 .debug_aranges
                0x0000000000000f30       0xa8 ./Drivers/STM32H7xx_HAL_Driver/Src/stm32h7xx_hal_uart_ex.o

.debug_rnglists
                0x0000000000000000      0xc71
 .debug_rnglists
                0x0000000000000000       0x61 ./Core/Src/main.o
 .debug_rnglists
                0x0000000000000061       0x32 ./Core/Src/stm32h7xx_hal_msp.o
 .debug_rnglists
                0x0000000000000093       0x4f ./Core/Src/stm32h7xx_it.o
 .debug_rnglists
                0x00000000000000e2       0x1b ./Core/Src/system_stm32h7xx.o
 .debug_rnglists
                0x00000000000000fd       0x19 ./Core/Startup/startup_stm32h743zitx.o
 .debug_rnglists
                0x0000000000000116      0x131 ./Drivers/STM32H7xx_HAL_Driver/Src/stm32h7xx_hal.o
 .debug_rnglists
                0x0000000000000247       0xe0 ./Drivers/STM32H7xx_HAL_Driver/Src/stm32h7xx_hal_cortex.o
 .debug_rnglists
                0x0000000000000327       0x3f ./Drivers/STM32H7xx_HAL_Driver/Src/stm32h7xx_hal_gpio.o
 .debug_rnglists
                0x0000000000000366      0x103 ./Drivers/STM32H7xx_HAL_Driver/Src/stm32h7xx_hal_pwr_ex.o
 .debug_rnglists
                0x0000000000000469       0x68 ./Drivers/STM32H7xx_HAL_Driver/Src/stm32h7xx_hal_rcc.o
 .debug_rnglists
                0x00000000000004d1       0xc0 ./Drivers/STM32H7xx_HAL_Driver/Src/stm32h7xx_hal_rcc_ex.o
 .debug_rnglists
                0x0000000000000591      0x328 ./Drivers/STM32H7xx_HAL_Driver/Src/stm32h7xx_hal_tim.o
 .debug_rnglists
                0x00000000000008b9      0x13f ./Drivers/STM32H7xx_HAL_Driver/Src/stm32h7xx_hal_tim_ex.o
 .debug_rnglists
                0x00000000000009f8      0x1fa ./Drivers/STM32H7xx_HAL_Driver/Src/stm32h7xx_hal_uart.o
 .debug_rnglists
                0x0000000000000bf2       0x7f ./Drivers/STM32H7xx_HAL_Driver/Src/stm32h7xx_hal_uart_ex.o

.debug_macro    0x0000000000000000    0x36ad6
 .debug_macro   0x0000000000000000      0x32c ./Core/Src/main.o
 .debug_macro   0x000000000000032c      0xac0 ./Core/Src/main.o
 .debug_macro   0x0000000000000dec      0x238 ./Core/Src/main.o
 .debug_macro   0x0000000000001024       0x2e ./Core/Src/main.o
 .debug_macro   0x0000000000001052       0x3b ./Core/Src/main.o
 .debug_macro   0x000000000000108d       0x22 ./Core/Src/main.o
 .debug_macro   0x00000000000010af       0x8e ./Core/Src/main.o
 .debug_macro   0x000000000000113d       0x51 ./Core/Src/main.o
 .debug_macro   0x000000000000118e      0x103 ./Core/Src/main.o
 .debug_macro   0x0000000000001291       0x6a ./Core/Src/main.o
 .debug_macro   0x00000000000012fb      0x1df ./Core/Src/main.o
 .debug_macro   0x00000000000014da       0x1c ./Core/Src/main.o
 .debug_macro   0x00000000000014f6       0x22 ./Core/Src/main.o
 .debug_macro   0x0000000000001518       0xfb ./Core/Src/main.o
 .debug_macro   0x0000000000001613     0x1305 ./Core/Src/main.o
 .debug_macro   0x0000000000002918      0x11f ./Core/Src/main.o
 .debug_macro   0x0000000000002a37       0x27 ./Core/Src/main.o
 .debug_macro   0x0000000000002a5e    0x258f9 ./Core/Src/main.o
 .debug_macro   0x0000000000028357       0x6d ./Core/Src/main.o
 .debug_macro   0x00000000000283c4     0x3d79 ./Core/Src/main.o
 .debug_macro   0x000000000002c13d      0x174 ./Core/Src/main.o
 .debug_macro   0x000000000002c2b1       0x61 ./Core/Src/main.o
 .debug_macro   0x000000000002c312       0x29 ./Core/Src/main.o
 .debug_macro   0x000000000002c33b       0x43 ./Core/Src/main.o
 .debug_macro   0x000000000002c37e       0x34 ./Core/Src/main.o
 .debug_macro   0x000000000002c3b2       0x16 ./Core/Src/main.o
 .debug_macro   0x000000000002c3c8       0x43 ./Core/Src/main.o
 .debug_macro   0x000000000002c40b       0x34 ./Core/Src/main.o
 .debug_macro   0x000000000002c43f       0x10 ./Core/Src/main.o
 .debug_macro   0x000000000002c44f       0x58 ./Core/Src/main.o
 .debug_macro   0x000000000002c4a7       0x8e ./Core/Src/main.o
 .debug_macro   0x000000000002c535       0x1c ./Core/Src/main.o
 .debug_macro   0x000000000002c551      0x177 ./Core/Src/main.o
 .debug_macro   0x000000000002c6c8      0x369 ./Core/Src/main.o
 .debug_macro   0x000000000002ca31      0x19b ./Core/Src/main.o
 .debug_macro   0x000000000002cbcc       0x5d ./Core/Src/main.o
 .debug_macro   0x000000000002cc29     0x2382 ./Core/Src/main.o
 .debug_macro   0x000000000002efab     0x102c ./Core/Src/main.o
 .debug_macro   0x000000000002ffd7      0x154 ./Core/Src/main.o
 .debug_macro   0x000000000003012b      0x114 ./Core/Src/main.o
 .debug_macro   0x000000000003023f      0x3b6 ./Core/Src/main.o
 .debug_macro   0x00000000000305f5       0xac ./Core/Src/main.o
 .debug_macro   0x00000000000306a1      0x72d ./Core/Src/main.o
 .debug_macro   0x0000000000030dce      0x228 ./Core/Src/main.o
 .debug_macro   0x0000000000030ff6       0x66 ./Core/Src/main.o
 .debug_macro   0x000000000003105c      0x3bb ./Core/Src/main.o
 .debug_macro   0x0000000000031417      0x3e4 ./Core/Src/main.o
 .debug_macro   0x00000000000317fb      0x275 ./Core/Src/main.o
 .debug_macro   0x0000000000031a70      0x3ca ./Core/Src/main.o
 .debug_macro   0x0000000000031e3a      0x408 ./Core/Src/main.o
 .debug_macro   0x0000000000032242       0x51 ./Core/Src/main.o
 .debug_macro   0x0000000000032293       0x4a ./Core/Src/main.o
 .debug_macro   0x00000000000322dd      0x22c ./Core/Src/main.o
 .debug_macro   0x0000000000032509       0x67 ./Core/Src/main.o
 .debug_macro   0x0000000000032570       0xa5 ./Core/Src/main.o
 .debug_macro   0x0000000000032615      0x1c4 ./Core/Src/main.o
 .debug_macro   0x00000000000327d9      0x25e ./Core/Src/main.o
 .debug_macro   0x0000000000032a37       0x35 ./Core/Src/main.o
 .debug_macro   0x0000000000032a6c      0xafa ./Core/Src/main.o
 .debug_macro   0x0000000000033566      0x29f ./Core/Src/main.o
 .debug_macro   0x0000000000033805      0x693 ./Core/Src/main.o
 .debug_macro   0x0000000000033e98       0xa6 ./Core/Src/main.o
 .debug_macro   0x0000000000033f3e      0x5a0 ./Core/Src/main.o
 .debug_macro   0x00000000000344de       0x1c ./Core/Src/main.o
 .debug_macro   0x00000000000344fa       0x35 ./Core/Src/main.o
 .debug_macro   0x000000000003452f       0x10 ./Core/Src/main.o
 .debug_macro   0x000000000003453f       0x1c ./Core/Src/main.o
 .debug_macro   0x000000000003455b       0x16 ./Core/Src/main.o
 .debug_macro   0x0000000000034571      0x147 ./Core/Src/main.o
 .debug_macro   0x00000000000346b8       0x16 ./Core/Src/main.o
 .debug_macro   0x00000000000346ce       0x16 ./Core/Src/main.o
 .debug_macro   0x00000000000346e4       0x29 ./Core/Src/main.o
 .debug_macro   0x000000000003470d       0x4c ./Core/Src/main.o
 .debug_macro   0x0000000000034759      0x2b1 ./Core/Src/stm32h7xx_hal_msp.o
 .debug_macro   0x0000000000034a0a      0x2bb ./Core/Src/stm32h7xx_it.o
 .debug_macro   0x0000000000034cc5      0x2a7 ./Core/Src/system_stm32h7xx.o
 .debug_macro   0x0000000000034f6c      0x2d1 ./Drivers/STM32H7xx_HAL_Driver/Src/stm32h7xx_hal.o
 .debug_macro   0x000000000003523d      0x2a7 ./Drivers/STM32H7xx_HAL_Driver/Src/stm32h7xx_hal_cortex.o
 .debug_macro   0x00000000000354e4      0x2ae ./Drivers/STM32H7xx_HAL_Driver/Src/stm32h7xx_hal_gpio.o
 .debug_macro   0x0000000000035792      0x2e0 ./Drivers/STM32H7xx_HAL_Driver/Src/stm32h7xx_hal_pwr_ex.o
 .debug_macro   0x0000000000035a72      0x2cb ./Drivers/STM32H7xx_HAL_Driver/Src/stm32h7xx_hal_rcc.o
 .debug_macro   0x0000000000035d3d      0x2c5 ./Drivers/STM32H7xx_HAL_Driver/Src/stm32h7xx_hal_rcc_ex.o
 .debug_macro   0x0000000000036002      0x2a8 ./Drivers/STM32H7xx_HAL_Driver/Src/stm32h7xx_hal_tim.o
 .debug_macro   0x00000000000362aa      0x2a7 ./Drivers/STM32H7xx_HAL_Driver/Src/stm32h7xx_hal_tim_ex.o
 .debug_macro   0x0000000000036551      0x2d2 ./Drivers/STM32H7xx_HAL_Driver/Src/stm32h7xx_hal_uart.o
 .debug_macro   0x0000000000036823      0x2b3 ./Drivers/STM32H7xx_HAL_Driver/Src/stm32h7xx_hal_uart_ex.o

.debug_line     0x0000000000000000    0x15b23
 .debug_line    0x0000000000000000      0xee1 ./Core/Src/main.o
 .debug_line    0x0000000000000ee1      0xb50 ./Core/Src/stm32h7xx_hal_msp.o
 .debug_line    0x0000000000001a31      0xb78 ./Core/Src/stm32h7xx_it.o
 .debug_line    0x00000000000025a9      0xc35 ./Core/Src/system_stm32h7xx.o
 .debug_line    0x00000000000031de       0x7a ./Core/Startup/startup_stm32h743zitx.o
 .debug_line    0x0000000000003258     0x1030 ./Drivers/STM32H7xx_HAL_Driver/Src/stm32h7xx_hal.o
 .debug_line    0x0000000000004288     0x1067 ./Drivers/STM32H7xx_HAL_Driver/Src/stm32h7xx_hal_cortex.o
 .debug_line    0x00000000000052ef      0xef6 ./Drivers/STM32H7xx_HAL_Driver/Src/stm32h7xx_hal_gpio.o
 .debug_line    0x00000000000061e5     0x1159 ./Drivers/STM32H7xx_HAL_Driver/Src/stm32h7xx_hal_pwr_ex.o
 .debug_line    0x000000000000733e     0x1603 ./Drivers/STM32H7xx_HAL_Driver/Src/stm32h7xx_hal_rcc.o
 .debug_line    0x0000000000008941     0x1efb ./Drivers/STM32H7xx_HAL_Driver/Src/stm32h7xx_hal_rcc_ex.o
 .debug_line    0x000000000000a83c     0x41a8 ./Drivers/STM32H7xx_HAL_Driver/Src/stm32h7xx_hal_tim.o
 .debug_line    0x000000000000e9e4     0x1fd6 ./Drivers/STM32H7xx_HAL_Driver/Src/stm32h7xx_hal_tim_ex.o
 .debug_line    0x00000000000109ba     0x4098 ./Drivers/STM32H7xx_HAL_Driver/Src/stm32h7xx_hal_uart.o
 .debug_line    0x0000000000014a52     0x10d1 ./Drivers/STM32H7xx_HAL_Driver/Src/stm32h7xx_hal_uart_ex.o

.debug_str      0x0000000000000000   0x162148
 .debug_str     0x0000000000000000   0x15deb7 ./Core/Src/main.o
                                     0x15e4e1 (size before relaxing)
 .debug_str     0x000000000015deb7      0x3d0 ./Core/Src/stm32h7xx_hal_msp.o
                                     0x15d941 (size before relaxing)
 .debug_str     0x000000000015e287      0x11a ./Core/Src/stm32h7xx_it.o
                                     0x15c87d (size before relaxing)
 .debug_str     0x000000000015e3a1      0x344 ./Core/Src/system_stm32h7xx.o
                                     0x15c694 (size before relaxing)
 .debug_str     0x000000000015e6e5       0x34 ./Core/Startup/startup_stm32h743zitx.o
                                         0x6d (size before relaxing)
 .debug_str     0x000000000015e719      0x7e3 ./Drivers/STM32H7xx_HAL_Driver/Src/stm32h7xx_hal.o
                                     0x15d5aa (size before relaxing)
 .debug_str     0x000000000015eefc      0x364 ./Drivers/STM32H7xx_HAL_Driver/Src/stm32h7xx_hal_cortex.o
                                     0x15cfe5 (size before relaxing)
 .debug_str     0x000000000015f260       0xa2 ./Drivers/STM32H7xx_HAL_Driver/Src/stm32h7xx_hal_gpio.o
                                     0x15c64b (size before relaxing)
 .debug_str     0x000000000015f302      0x642 ./Drivers/STM32H7xx_HAL_Driver/Src/stm32h7xx_hal_pwr_ex.o
                                     0x15cb0c (size before relaxing)
 .debug_str     0x000000000015f944      0x22e ./Drivers/STM32H7xx_HAL_Driver/Src/stm32h7xx_hal_rcc.o
                                     0x15ca2f (size before relaxing)
 .debug_str     0x000000000015fb72      0x64b ./Drivers/STM32H7xx_HAL_Driver/Src/stm32h7xx_hal_rcc_ex.o
                                     0x15cf10 (size before relaxing)
 .debug_str     0x00000000001601bd      0xd55 ./Drivers/STM32H7xx_HAL_Driver/Src/stm32h7xx_hal_tim.o
                                     0x15d7ce (size before relaxing)
 .debug_str     0x0000000000160f12      0x590 ./Drivers/STM32H7xx_HAL_Driver/Src/stm32h7xx_hal_tim_ex.o
                                     0x15d0f6 (size before relaxing)
 .debug_str     0x00000000001614a2      0xa40 ./Drivers/STM32H7xx_HAL_Driver/Src/stm32h7xx_hal_uart.o
                                     0x15d570 (size before relaxing)
 .debug_str     0x0000000000161ee2      0x266 ./Drivers/STM32H7xx_HAL_Driver/Src/stm32h7xx_hal_uart_ex.o
                                     0x15cb30 (size before relaxing)

.debug_frame    0x0000000000000000     0x43c8
 .debug_frame   0x0000000000000000      0x1e0 ./Core/Src/main.o
 .debug_frame   0x00000000000001e0       0xf0 ./Core/Src/stm32h7xx_hal_msp.o
 .debug_frame   0x00000000000002d0      0x13c ./Core/Src/stm32h7xx_it.o
 .debug_frame   0x000000000000040c       0x58 ./Core/Src/system_stm32h7xx.o
 .debug_frame   0x0000000000000464      0x690 ./Drivers/STM32H7xx_HAL_Driver/Src/stm32h7xx_hal.o
 .debug_frame   0x0000000000000af4      0x508 ./Drivers/STM32H7xx_HAL_Driver/Src/stm32h7xx_hal_cortex.o
 .debug_frame   0x0000000000000ffc      0x14c ./Drivers/STM32H7xx_HAL_Driver/Src/stm32h7xx_hal_gpio.o
 .debug_frame   0x0000000000001148      0x580 ./Drivers/STM32H7xx_HAL_Driver/Src/stm32h7xx_hal_pwr_ex.o
 .debug_frame   0x00000000000016c8      0x1f8 ./Drivers/STM32H7xx_HAL_Driver/Src/stm32h7xx_hal_rcc.o
 .debug_frame   0x00000000000018c0      0x414 ./Drivers/STM32H7xx_HAL_Driver/Src/stm32h7xx_hal_rcc_ex.o
 .debug_frame   0x0000000000001cd4     0x121c ./Drivers/STM32H7xx_HAL_Driver/Src/stm32h7xx_hal_tim.o
 .debug_frame   0x0000000000002ef0      0x6d8 ./Drivers/STM32H7xx_HAL_Driver/Src/stm32h7xx_hal_tim_ex.o
 .debug_frame   0x00000000000035c8      0xa94 ./Drivers/STM32H7xx_HAL_Driver/Src/stm32h7xx_hal_uart.o
 .debug_frame   0x000000000000405c      0x2c0 ./Drivers/STM32H7xx_HAL_Driver/Src/stm32h7xx_hal_uart_ex.o
 .debug_frame   0x000000000000431c       0x20 C:/Program Files (x86)/STM32CubeIDE_1.14.1/STM32CubeIDE/plugins/com.st.stm32cube.ide.mcu.externaltools.gnu-tools-for-stm32.11.3.rel1.win32_1.1.100.202309141235/tools/bin/../lib/gcc/arm-none-eabi/11.3.1/../../../../arm-none-eabi/lib/thumb/v7e-m+dp/hard\libc_nano.a(libc_a-memset.o)
 .debug_frame   0x000000000000433c       0x2c C:/Program Files (x86)/STM32CubeIDE_1.14.1/STM32CubeIDE/plugins/com.st.stm32cube.ide.mcu.externaltools.gnu-tools-for-stm32.11.3.rel1.win32_1.1.100.202309141235/tools/bin/../lib/gcc/arm-none-eabi/11.3.1/../../../../arm-none-eabi/lib/thumb/v7e-m+dp/hard\libc_nano.a(libc_a-init.o)
 .debug_frame   0x0000000000004368       0x2c C:/Program Files (x86)/STM32CubeIDE_1.14.1/STM32CubeIDE/plugins/com.st.stm32cube.ide.mcu.externaltools.gnu-tools-for-stm32.11.3.rel1.win32_1.1.100.202309141235/tools/bin/../lib/gcc/arm-none-eabi/11.3.1/thumb/v7e-m+dp/hard\libgcc.a(_aeabi_uldivmod.o)
 .debug_frame   0x0000000000004394       0x34 C:/Program Files (x86)/STM32CubeIDE_1.14.1/STM32CubeIDE/plugins/com.st.stm32cube.ide.mcu.externaltools.gnu-tools-for-stm32.11.3.rel1.win32_1.1.100.202309141235/tools/bin/../lib/gcc/arm-none-eabi/11.3.1/thumb/v7e-m+dp/hard\libgcc.a(_udivmoddi4.o)

.debug_line_str
                0x0000000000000000       0x61
 .debug_line_str
                0x0000000000000000       0x61 ./Core/Startup/startup_stm32h743zitx.o
                                         0x79 (size before relaxing)
