../Core/Src/main.c:82:6:mywrite	16	static
../Core/Src/main.c:87:6:myprintf	272	static
../Core/Src/main.c:100:6:setToCenter	8	static
../Core/Src/main.c:112:6:HAL_TIM_PWM_PulseFinishedCallback	32	static
../Core/Src/main.c:150:5:main	16	static
../Core/Src/main.c:228:6:SystemClock_Config	120	static
../Core/Src/main.c:279:13:MX_TIM2_Init	64	static
../Core/Src/main.c:338:13:MX_USART3_UART_Init	8	static
../Core/Src/main.c:386:13:MX_GPIO_Init	48	static
../Core/Src/main.c:443:6:Error_Handler	4	static,ignoring_inline_asm
