../Core/Src/main.c:119:6:mywrite	16	static
../Core/Src/main.c:124:6:myprintf	272	static
../Core/Src/main.c:137:6:setToCenter	8	static
../Core/Src/main.c:151:6:accelerationProcess	40	static
../Core/Src/main.c:228:6:playTheSong	24	static
../Core/Src/main.c:238:6:HAL_TIM_PWM_PulseFinishedCallback	16	static
../Core/Src/main.c:263:6:HAL_GPIO_EXTI_Callback	16	static
../Core/Src/main.c:279:5:main	16	static
../Core/Src/main.c:352:6:SystemClock_Config	120	static
../Core/Src/main.c:403:13:MX_TIM2_Init	64	static
../Core/Src/main.c:462:13:MX_USART3_UART_Init	8	static
../Core/Src/main.c:510:13:MX_GPIO_Init	56	static
../Core/Src/main.c:578:6:Error_Handler	4	static,ignoring_inline_asm
