Archive member included to satisfy reference by file (symbol)

C:/Program Files (x86)/STM32CubeIDE_1.14.1/STM32CubeIDE/plugins/com.st.stm32cube.ide.mcu.externaltools.gnu-tools-for-stm32.11.3.rel1.win32_1.1.100.202309141235/tools/bin/../lib/gcc/arm-none-eabi/11.3.1/../../../../arm-none-eabi/lib/thumb/v7e-m+dp/hard\libc_nano.a(libc_a-exit.o)
                              C:/Program Files (x86)/STM32CubeIDE_1.14.1/STM32CubeIDE/plugins/com.st.stm32cube.ide.mcu.externaltools.gnu-tools-for-stm32.11.3.rel1.win32_1.1.100.202309141235/tools/bin/../lib/gcc/arm-none-eabi/11.3.1/../../../../arm-none-eabi/lib/thumb/v7e-m+dp/hard/crt0.o (exit)
C:/Program Files (x86)/STM32CubeIDE_1.14.1/STM32CubeIDE/plugins/com.st.stm32cube.ide.mcu.externaltools.gnu-tools-for-stm32.11.3.rel1.win32_1.1.100.202309141235/tools/bin/../lib/gcc/arm-none-eabi/11.3.1/../../../../arm-none-eabi/lib/thumb/v7e-m+dp/hard\libc_nano.a(libc_a-findfp.o)
                              C:/Program Files (x86)/STM32CubeIDE_1.14.1/STM32CubeIDE/plugins/com.st.stm32cube.ide.mcu.externaltools.gnu-tools-for-stm32.11.3.rel1.win32_1.1.100.202309141235/tools/bin/../lib/gcc/arm-none-eabi/11.3.1/../../../../arm-none-eabi/lib/thumb/v7e-m+dp/hard\libc_nano.a(libc_a-exit.o) (__stdio_exit_handler)
C:/Program Files (x86)/STM32CubeIDE_1.14.1/STM32CubeIDE/plugins/com.st.stm32cube.ide.mcu.externaltools.gnu-tools-for-stm32.11.3.rel1.win32_1.1.100.202309141235/tools/bin/../lib/gcc/arm-none-eabi/11.3.1/../../../../arm-none-eabi/lib/thumb/v7e-m+dp/hard\libc_nano.a(libc_a-fwalk.o)
                              C:/Program Files (x86)/STM32CubeIDE_1.14.1/STM32CubeIDE/plugins/com.st.stm32cube.ide.mcu.externaltools.gnu-tools-for-stm32.11.3.rel1.win32_1.1.100.202309141235/tools/bin/../lib/gcc/arm-none-eabi/11.3.1/../../../../arm-none-eabi/lib/thumb/v7e-m+dp/hard\libc_nano.a(libc_a-findfp.o) (_fwalk_sglue)
C:/Program Files (x86)/STM32CubeIDE_1.14.1/STM32CubeIDE/plugins/com.st.stm32cube.ide.mcu.externaltools.gnu-tools-for-stm32.11.3.rel1.win32_1.1.100.202309141235/tools/bin/../lib/gcc/arm-none-eabi/11.3.1/../../../../arm-none-eabi/lib/thumb/v7e-m+dp/hard\libc_nano.a(libc_a-stdio.o)
                              C:/Program Files (x86)/STM32CubeIDE_1.14.1/STM32CubeIDE/plugins/com.st.stm32cube.ide.mcu.externaltools.gnu-tools-for-stm32.11.3.rel1.win32_1.1.100.202309141235/tools/bin/../lib/gcc/arm-none-eabi/11.3.1/../../../../arm-none-eabi/lib/thumb/v7e-m+dp/hard\libc_nano.a(libc_a-findfp.o) (__sread)
C:/Program Files (x86)/STM32CubeIDE_1.14.1/STM32CubeIDE/plugins/com.st.stm32cube.ide.mcu.externaltools.gnu-tools-for-stm32.11.3.rel1.win32_1.1.100.202309141235/tools/bin/../lib/gcc/arm-none-eabi/11.3.1/../../../../arm-none-eabi/lib/thumb/v7e-m+dp/hard\libc_nano.a(libc_a-vsnprintf.o)
                              ./Core/Src/main.o (vsnprintf)
C:/Program Files (x86)/STM32CubeIDE_1.14.1/STM32CubeIDE/plugins/com.st.stm32cube.ide.mcu.externaltools.gnu-tools-for-stm32.11.3.rel1.win32_1.1.100.202309141235/tools/bin/../lib/gcc/arm-none-eabi/11.3.1/../../../../arm-none-eabi/lib/thumb/v7e-m+dp/hard\libc_nano.a(libc_a-memset.o)
                              C:/Program Files (x86)/STM32CubeIDE_1.14.1/STM32CubeIDE/plugins/com.st.stm32cube.ide.mcu.externaltools.gnu-tools-for-stm32.11.3.rel1.win32_1.1.100.202309141235/tools/bin/../lib/gcc/arm-none-eabi/11.3.1/../../../../arm-none-eabi/lib/thumb/v7e-m+dp/hard/crt0.o (memset)
C:/Program Files (x86)/STM32CubeIDE_1.14.1/STM32CubeIDE/plugins/com.st.stm32cube.ide.mcu.externaltools.gnu-tools-for-stm32.11.3.rel1.win32_1.1.100.202309141235/tools/bin/../lib/gcc/arm-none-eabi/11.3.1/../../../../arm-none-eabi/lib/thumb/v7e-m+dp/hard\libc_nano.a(libc_a-closer.o)
                              C:/Program Files (x86)/STM32CubeIDE_1.14.1/STM32CubeIDE/plugins/com.st.stm32cube.ide.mcu.externaltools.gnu-tools-for-stm32.11.3.rel1.win32_1.1.100.202309141235/tools/bin/../lib/gcc/arm-none-eabi/11.3.1/../../../../arm-none-eabi/lib/thumb/v7e-m+dp/hard\libc_nano.a(libc_a-stdio.o) (_close_r)
C:/Program Files (x86)/STM32CubeIDE_1.14.1/STM32CubeIDE/plugins/com.st.stm32cube.ide.mcu.externaltools.gnu-tools-for-stm32.11.3.rel1.win32_1.1.100.202309141235/tools/bin/../lib/gcc/arm-none-eabi/11.3.1/../../../../arm-none-eabi/lib/thumb/v7e-m+dp/hard\libc_nano.a(libc_a-reent.o)
                              C:/Program Files (x86)/STM32CubeIDE_1.14.1/STM32CubeIDE/plugins/com.st.stm32cube.ide.mcu.externaltools.gnu-tools-for-stm32.11.3.rel1.win32_1.1.100.202309141235/tools/bin/../lib/gcc/arm-none-eabi/11.3.1/../../../../arm-none-eabi/lib/thumb/v7e-m+dp/hard\libc_nano.a(libc_a-closer.o) (errno)
C:/Program Files (x86)/STM32CubeIDE_1.14.1/STM32CubeIDE/plugins/com.st.stm32cube.ide.mcu.externaltools.gnu-tools-for-stm32.11.3.rel1.win32_1.1.100.202309141235/tools/bin/../lib/gcc/arm-none-eabi/11.3.1/../../../../arm-none-eabi/lib/thumb/v7e-m+dp/hard\libc_nano.a(libc_a-impure.o)
[...]
Memory Configuration

Name             Origin             Length             Attributes
FLASH            0x0000000008000000 0x0000000000200000 xr
DTCMRAM          0x0000000020000000 0x0000000000020000 xrw
RAM_D1           0x0000000024000000 0x0000000000080000 xrw
RAM_D2           0x0000000030000000 0x0000000000048000 xrw
RAM_D3           0x0000000038000000 0x0000000000010000 xrw
ITCMRAM          0x0000000000000000 0x0000000000010000 xrw
*default*        0x0000000000000000 0xffffffffffffffff

Linker script and memory map

LOAD C:/Program Files (x86)/STM32CubeIDE_1.14.1/STM32CubeIDE/plugins/com.st.stm32cube.ide.mcu.externaltools.gnu-tools-for-stm32.11.3.rel1.win32_1.1.100.202309141235/tools/bin/../lib/gcc/arm-none-eabi/11.3.1/thumb/v7e-m+dp/hard/crti.o
LOAD C:/Program Files (x86)/STM32CubeIDE_1.14.1/STM32CubeIDE/plugins/com.st.stm32cube.ide.mcu.externaltools.gnu-tools-for-stm32.11.3.rel1.win32_1.1.100.202309141235/tools/bin/../lib/gcc/arm-none-eabi/11.3.1/thumb/v7e-m+dp/hard/crtbegin.o
LOAD C:/Program Files (x86)/STM32CubeIDE_1.14.1/STM32CubeIDE/plugins/com.st.stm32cube.ide.mcu.externaltools.gnu-tools-for-stm32.11.3.rel1.win32_1.1.100.202309141235/tools/bin/../lib/gcc/arm-none-eabi/11.3.1/../../../../arm-none-eabi/lib/thumb/v7e-m+dp/hard/crt0.o
LOAD ./Core/Src/adc.o
LOAD ./Core/Src/gpio.o
LOAD ./Core/Src/main.o
LOAD ./Core/Src/stepper_motor.o
LOAD ./Core/Src/stm32h7xx_hal_msp.o
LOAD ./Core/Src/stm32h7xx_it.o
LOAD ./Core/Src/syscalls.o
LOAD ./Core/Src/sysmem.o
LOAD ./Core/Src/system_stm32h7xx.o
LOAD ./Core/Src/tim.o
LOAD ./Core/Src/usart.o
LOAD ./Core/Startup/startup_stm32h743zitx.o
LOAD ./Drivers/STM32H7xx_HAL_Driver/Src/stm32h7xx_hal.o
LOAD ./Drivers/STM32H7xx_HAL_Driver/Src/stm32h7xx_hal_adc.o
LOAD ./Drivers/STM32H7xx_HAL_Driver/Src/stm32h7xx_hal_adc_ex.o
LOAD ./Drivers/STM32H7xx_HAL_Driver/Src/stm32h7xx_hal_cortex.o
LOAD ./Drivers/STM32H7xx_HAL_Driver/Src/stm32h7xx_hal_dma.o
LOAD ./Drivers/STM32H7xx_HAL_Driver/Src/stm32h7xx_hal_dma_ex.o
LOAD ./Drivers/STM32H7xx_HAL_Driver/Src/stm32h7xx_hal_exti.o
LOAD ./Drivers/STM32H7xx_HAL_Driver/Src/stm32h7xx_hal_flash.o
LOAD ./Drivers/STM32H7xx_HAL_Driver/Src/stm32h7xx_hal_flash_ex.o
LOAD ./Drivers/STM32H7xx_HAL_Driver/Src/stm32h7xx_hal_gpio.o
LOAD ./Drivers/STM32H7xx_HAL_Driver/Src/stm32h7xx_hal_hsem.o
LOAD ./Drivers/STM32H7xx_HAL_Driver/Src/stm32h7xx_hal_i2c.o
LOAD ./Drivers/STM32H7xx_HAL_Driver/Src/stm32h7xx_hal_i2c_ex.o
LOAD ./Drivers/STM32H7xx_HAL_Driver/Src/stm32h7xx_hal_mdma.o
LOAD ./Drivers/STM32H7xx_HAL_Driver/Src/stm32h7xx_hal_pwr.o
LOAD ./Drivers/STM32H7xx_HAL_Driver/Src/stm32h7xx_hal_pwr_ex.o
LOAD ./Drivers/STM32H7xx_HAL_Driver/Src/stm32h7xx_hal_rcc.o
LOAD ./Drivers/STM32H7xx_HAL_Driver/Src/stm32h7xx_hal_rcc_ex.o
LOAD ./Drivers/STM32H7xx_HAL_Driver/Src/stm32h7xx_hal_tim.o
LOAD ./Drivers/STM32H7xx_HAL_Driver/Src/stm32h7xx_hal_tim_ex.o
LOAD ./Drivers/STM32H7xx_HAL_Driver/Src/stm32h7xx_hal_uart.o
LOAD ./Drivers/STM32H7xx_HAL_Driver/Src/stm32h7xx_hal_uart_ex.o
START GROUP
LOAD C:/Program Files (x86)/STM32CubeIDE_1.14.1/STM32CubeIDE/plugins/com.st.stm32cube.ide.mcu.externaltools.gnu-tools-for-stm32.11.3.rel1.win32_1.1.100.202309141235/tools/bin/../lib/gcc/arm-none-eabi/11.3.1/../../../../arm-none-eabi/lib/thumb/v7e-m+dp/hard\libc_nano.a
LOAD C:/Program Files (x86)/STM32CubeIDE_1.14.1/STM32CubeIDE/plugins/com.st.stm32cube.ide.mcu.externaltools.gnu-tools-for-stm32.11.3.rel1.win32_1.1.100.202309141235/tools/bin/../lib/gcc/arm-none-eabi/11.3.1/../../../../arm-none-eabi/lib/thumb/v7e-m+dp/hard\libm.a
END GROUP
START GROUP
LOAD C:/Program Files (x86)/STM32CubeIDE_1.14.1/STM32CubeIDE/plugins/com.st.stm32cube.ide.mcu.externaltools.gnu-tools-for-stm32.11.3.rel1.win32_1.1.100.202309141235/tools/bin/../lib/gcc/arm-none-eabi/11.3.1/thumb/v7e-m+dp/hard\libgcc.a
LOAD C:/Program Files (x86)/STM32CubeIDE_1.14.1/STM32CubeIDE/plugins/com.st.stm32cube.ide.mcu.externaltools.gnu-tools-for-stm32.11.3.rel1.win32_1.1.100.202309141235/tools/bin/../lib/gcc/arm-none-eabi/11.3.1/../../../../arm-none-eabi/lib/thumb/v7e-m+dp/hard\libc_nano.a
END GROUP
START GROUP
LOAD C:/Program Files (x86)/STM32CubeIDE_1.14.1/STM32CubeIDE/plugins/com.st.stm32cube.ide.mcu.externaltools.gnu-tools-for-stm32.11.3.rel1.win32_1.1.100.202309141235/tools/bin/../lib/gcc/arm-none-eabi/11.3.1/thumb/v7e-m+dp/hard\libgcc.a
LOAD C:/Program Files (x86)/STM32CubeIDE_1.14.1/STM32CubeIDE/plugins/com.st.stm32cube.ide.mcu.externaltools.gnu-tools-for-stm32.11.3.rel1.win32_1.1.100.202309141235/tools/bin/../lib/gcc/arm-none-eabi/11.3.1/../../../../arm-none-eabi/lib/thumb/v7e-m+dp/hard\libc_nano.a
LOAD C:/Program Files (x86)/STM32CubeIDE_1.14.1/STM32CubeIDE/plugins/com.st.stm32cube.ide.mcu.externaltools.gnu-tools-for-stm32.11.3.rel1.win32_1.1.100.202309141235/tools/bin/../lib/gcc/arm-none-eabi/11.3.1/../../../../arm-none-eabi/lib/thumb/v7e-m+dp/hard\libnosys.a
END GROUP
START GROUP
LOAD C:/Program Files (x86)/STM32CubeIDE_1.14.1/STM32CubeIDE/plugins/com.st.stm32cube.ide.mcu.externaltools.gnu-tools-for-stm32.11.3.rel1.win32_1.1.100.202309141235/tools/bin/../lib/gcc/arm-none-eabi/11.3.1/thumb/v7e-m+dp/hard\libgcc.a
LOAD C:/Program Files (x86)/STM32CubeIDE_1.14.1/STM32CubeIDE/plugins/com.st.stm32cube.ide.mcu.externaltools.gnu-tools-for-stm32.11.3.rel1.win32_1.1.100.202309141235/tools/bin/../lib/gcc/arm-none-eabi/11.3.1/../../../../arm-none-eabi/lib/thumb/v7e-m+dp/hard\libc_nano.a
LOAD C:/Program Files (x86)/STM32CubeIDE_1.14.1/STM32CubeIDE/plugins/com.st.stm32cube.ide.mcu.externaltools.gnu-tools-for-stm32.11.3.rel1.win32_1.1.100.202309141235/tools/bin/../lib/gcc/arm-none-eabi/11.3.1/../../../../arm-none-eabi/lib/thumb/v7e-m+dp/hard\libnosys.a
END GROUP
LOAD C:/Program Files (x86)/STM32CubeIDE_1.14.1/STM32CubeIDE/plugins/com.st.stm32cube.ide.mcu.externaltools.gnu-tools-for-stm32.11.3.rel1.win32_1.1.100.202309141235/tools/bin/../lib/gcc/arm-none-eabi/11.3.1/thumb/v7e-m+dp/hard/crtend.o
LOAD C:/Program Files (x86)/STM32CubeIDE_1.14.1/STM32CubeIDE/plugins/com.st.stm32cube.ide.mcu.externaltools.gnu-tools-for-stm32.11.3.rel1.win32_1.1.100.202309141235/tools/bin/../lib/gcc/arm-none-eabi/11.3.1/thumb/v7e-m+dp/hard/crtn.o
                0x0000000024080000                _estack = (ORIGIN (RAM_D1) + LENGTH (RAM_D1))
                0x0000000000000200                _Min_Heap_Size = 0x200
                0x0000000000000400                _Min_Stack_Size = 0x400

.isr_vector     0x0000000008000000      0x298
                0x0000000008000000                . = ALIGN (0x4)
 *(.isr_vector)
 .isr_vector    0x0000000008000000      0x298 ./Core/Startup/startup_stm32h743zitx.o
                0x0000000008000000                g_pfnVectors
                0x0000000008000298                . = ALIGN (0x4)

.text           0x0000000008000298     0xae94
                0x0000000008000298                . = ALIGN (0x4)
 *(.text)
 .text          0x0000000008000298       0x40 C:/Program Files (x86)/STM32CubeIDE_1.14.1/STM32CubeIDE/plugins/com.st.stm32cube.ide.mcu.externaltools.gnu-tools-for-stm32.11.3.rel1.win32_1.1.100.202309141235/tools/bin/../lib/gcc/arm-none-eabi/11.3.1/thumb/v7e-m+dp/hard/crtbegin.o
 .text          0x00000000080002d8       0x30 C:/Program Files (x86)/STM32CubeIDE_1.14.1/STM32CubeIDE/plugins/com.st.stm32cube.ide.mcu.externaltools.gnu-tools-for-stm32.11.3.rel1.win32_1.1.100.202309141235/tools/bin/../lib/gcc/arm-none-eabi/11.3.1/thumb/v7e-m+dp/hard\libgcc.a(_aeabi_uldivmod.o)
                0x00000000080002d8                __aeabi_uldivmod
 .text          0x0000000008000308      0x2c8 C:/Program Files (x86)/STM32CubeIDE_1.14.1/STM32CubeIDE/plugins/com.st.stm32cube.ide.mcu.externaltools.gnu-tools-for-stm32.11.3.rel1.win32_1.1.100.202309141235/tools/bin/../lib/gcc/arm-none-eabi/11.3.1/thumb/v7e-m+dp/hard\libgcc.a(_udivmoddi4.o)
                0x0000000008000308                __udivmoddi4
 .text          0x00000000080005d0        0x4 C:/Program Files (x86)/STM32CubeIDE_1.14.1/STM32CubeIDE/plugins/com.st.stm32cube.ide.mcu.externaltools.gnu-tools-for-stm32.11.3.rel1.win32_1.1.100.202309141235/tools/bin/../lib/gcc/arm-none-eabi/11.3.1/thumb/v7e-m+dp/hard\libgcc.a(_dvmd_tls.o)
                0x00000000080005d0                __aeabi_idiv0
                0x00000000080005d0                __aeabi_ldiv0
 *(.text*)
 .text.MX_ADC1_Init
                0x00000000080005d4       0xf4 ./Core/Src/adc.o
                0x00000000080005d4                MX_ADC1_Init
 .text.HAL_ADC_MspInit
                0x00000000080006c8       0xf8 ./Core/Src/adc.o
                0x00000000080006c8                HAL_ADC_MspInit
 .text.MX_GPIO_Init
                0x00000000080007c0      0x24c ./Core/Src/gpio.o
                0x00000000080007c0                MX_GPIO_Init
 .text.HAL_GPIO_EXTI_Callback
                0x0000000008000a0c       0x28 ./Core/Src/main.o
                0x0000000008000a0c                HAL_GPIO_EXTI_Callback
 .text.HAL_TIM_PWM_PulseFinishedCallback
                0x0000000008000a34       0x30 ./Core/Src/main.o
                0x0000000008000a34                HAL_TIM_PWM_PulseFinishedCallback
 .text.main     0x0000000008000a64      0x278 ./Core/Src/main.o
                0x0000000008000a64                main
 .text.SystemClock_Config
                0x0000000008000cdc       0xe4 ./Core/Src/main.o
                0x0000000008000cdc                SystemClock_Config
 .text.Error_Handler
                0x0000000008000dc0        0xa ./Core/Src/main.o
                0x0000000008000dc0                Error_Handler
 *fill*         0x0000000008000dca        0x2 
 .text.first_position
                0x0000000008000dcc       0xc8 ./Core/Src/stepper_motor.o
                0x0000000008000dcc                first_position
 .text.new_direction
                0x0000000008000e94       0xe0 ./Core/Src/stepper_motor.o
                0x0000000008000e94                new_direction
 .text.new_position
                0x0000000008000f74      0x2ec ./Core/Src/stepper_motor.o
                0x0000000008000f74                new_position
 .text.begin_moving
                0x0000000008001260       0xd8 ./Core/Src/stepper_motor.o
                0x0000000008001260                begin_moving
 .text.HAL_MspInit
                0x0000000008001338       0x34 ./Core/Src/stm32h7xx_hal_msp.o
                0x0000000008001338                HAL_MspInit
 .text.NMI_Handler
                0x000000000800136c        0x6 ./Core/Src/stm32h7xx_it.o
                0x000000000800136c                NMI_Handler
 .text.HardFault_Handler
                0x0000000008001372        0x6 ./Core/Src/stm32h7xx_it.o
                0x0000000008001372                HardFault_Handler
 .text.MemManage_Handler
                0x0000000008001378        0x6 ./Core/Src/stm32h7xx_it.o
                0x0000000008001378                MemManage_Handler
 .text.BusFault_Handler
                0x000000000800137e        0x6 ./Core/Src/stm32h7xx_it.o
                0x000000000800137e                BusFault_Handler
 .text.UsageFault_Handler
                0x0000000008001384        0x6 ./Core/Src/stm32h7xx_it.o
                0x0000000008001384                UsageFault_Handler
 .text.SVC_Handler
                0x000000000800138a        0xe ./Core/Src/stm32h7xx_it.o
                0x000000000800138a                SVC_Handler
 .text.DebugMon_Handler
                0x0000000008001398        0xe ./Core/Src/stm32h7xx_it.o
                0x0000000008001398                DebugMon_Handler
 .text.PendSV_Handler
                0x00000000080013a6        0xe ./Core/Src/stm32h7xx_it.o
                0x00000000080013a6                PendSV_Handler
 .text.SysTick_Handler
                0x00000000080013b4        0xc ./Core/Src/stm32h7xx_it.o
                0x00000000080013b4                SysTick_Handler
 .text.ADC_IRQHandler
                0x00000000080013c0       0x14 ./Core/Src/stm32h7xx_it.o
                0x00000000080013c0                ADC_IRQHandler
 .text.TIM2_IRQHandler
                0x00000000080013d4       0x14 ./Core/Src/stm32h7xx_it.o
                0x00000000080013d4                TIM2_IRQHandler
 .text.TIM3_IRQHandler
                0x00000000080013e8       0x14 ./Core/Src/stm32h7xx_it.o
                0x00000000080013e8                TIM3_IRQHandler
 .text.TIM4_IRQHandler
                0x00000000080013fc       0x14 ./Core/Src/stm32h7xx_it.o
                0x00000000080013fc                TIM4_IRQHandler
 .text.USART3_IRQHandler
                0x0000000008001410       0x14 ./Core/Src/stm32h7xx_it.o
                0x0000000008001410                USART3_IRQHandler
 .text.EXTI15_10_IRQHandler
                0x0000000008001424       0x10 ./Core/Src/stm32h7xx_it.o
                0x0000000008001424                EXTI15_10_IRQHandler
 .text.SystemInit
                0x0000000008001434      0x110 ./Core/Src/system_stm32h7xx.o
                0x0000000008001434                SystemInit
 .text.MX_TIM2_Init
                0x0000000008001544       0xec ./Core/Src/tim.o
                0x0000000008001544                MX_TIM2_Init
 .text.MX_TIM3_Init
                0x0000000008001630       0xf0 ./Core/Src/tim.o
                0x0000000008001630                MX_TIM3_Init
 .text.MX_TIM4_Init
                0x0000000008001720       0xf0 ./Core/Src/tim.o
                0x0000000008001720                MX_TIM4_Init
 .text.HAL_TIM_Base_MspInit
                0x0000000008001810       0xc8 ./Core/Src/tim.o
                0x0000000008001810                HAL_TIM_Base_MspInit
 .text.HAL_TIM_MspPostInit
                0x00000000080018d8      0x118 ./Core/Src/tim.o
                0x00000000080018d8                HAL_TIM_MspPostInit
 .text.MX_USART3_UART_Init
                0x00000000080019f0       0x98 ./Core/Src/usart.o
                0x00000000080019f0                MX_USART3_UART_Init
 .text.HAL_UART_MspInit
                0x0000000008001a88       0xe4 ./Core/Src/usart.o
                0x0000000008001a88                HAL_UART_MspInit
 .text.Reset_Handler
                0x0000000008001b6c       0x50 ./Core/Startup/startup_stm32h743zitx.o
                0x0000000008001b6c                Reset_Handler
 .text.Default_Handler
                0x0000000008001bbc        0x2 ./Core/Startup/startup_stm32h743zitx.o
                0x0000000008001bbc                RTC_Alarm_IRQHandler
                0x0000000008001bbc                EXTI2_IRQHandler
                0x0000000008001bbc                TIM8_CC_IRQHandler
                0x0000000008001bbc                HRTIM1_Master_IRQHandler
                0x0000000008001bbc                UART8_IRQHandler
                0x0000000008001bbc                SPI4_IRQHandler
                0x0000000008001bbc                TIM1_CC_IRQHandler
                0x0000000008001bbc                BDMA_Channel6_IRQHandler
                0x0000000008001bbc                DMA2_Stream5_IRQHandler
                0x0000000008001bbc                HRTIM1_FLT_IRQHandler
                0x0000000008001bbc                JPEG_IRQHandler
                0x0000000008001bbc                DMA1_Stream5_IRQHandler
                0x0000000008001bbc                BDMA_Channel1_IRQHandler
                0x0000000008001bbc                HRTIM1_TIMD_IRQHandler
                0x0000000008001bbc                TAMP_STAMP_IRQHandler
                0x0000000008001bbc                EXTI3_IRQHandler
                0x0000000008001bbc                LPTIM4_IRQHandler
                0x0000000008001bbc                TIM8_TRG_COM_TIM14_IRQHandler
                0x0000000008001bbc                LPTIM2_IRQHandler
                0x0000000008001bbc                DFSDM1_FLT1_IRQHandler
                0x0000000008001bbc                DMAMUX2_OVR_IRQHandler
                0x0000000008001bbc                TIM8_UP_TIM13_IRQHandler
                0x0000000008001bbc                I2C3_ER_IRQHandler
                0x0000000008001bbc                DFSDM1_FLT2_IRQHandler
                0x0000000008001bbc                MDMA_IRQHandler
                0x0000000008001bbc                LPTIM3_IRQHandler
                0x0000000008001bbc                HSEM1_IRQHandler
                0x0000000008001bbc                EXTI0_IRQHandler
                0x0000000008001bbc                I2C2_EV_IRQHandler
                0x0000000008001bbc                DMA1_Stream2_IRQHandler
                0x0000000008001bbc                FPU_IRQHandler
                0x0000000008001bbc                OTG_HS_WKUP_IRQHandler
                0x0000000008001bbc                FDCAN1_IT1_IRQHandler
                0x0000000008001bbc                LTDC_ER_IRQHandler
                0x0000000008001bbc                DMA2_Stream2_IRQHandler
                0x0000000008001bbc                HRTIM1_TIME_IRQHandler
                0x0000000008001bbc                SPI1_IRQHandler
                0x0000000008001bbc                TIM6_DAC_IRQHandler
                0x0000000008001bbc                DCMI_IRQHandler
                0x0000000008001bbc                HRTIM1_TIMC_IRQHandler
                0x0000000008001bbc                DMA2_Stream3_IRQHandler
                0x0000000008001bbc                SAI2_IRQHandler
                0x0000000008001bbc                DFSDM1_FLT3_IRQHandler
                0x0000000008001bbc                USART6_IRQHandler
                0x0000000008001bbc                TIM17_IRQHandler
                0x0000000008001bbc                BDMA_Channel7_IRQHandler
                0x0000000008001bbc                LPTIM5_IRQHandler
                0x0000000008001bbc                UART5_IRQHandler
                0x0000000008001bbc                ADC3_IRQHandler
                0x0000000008001bbc                DMA2_Stream0_IRQHandler
                0x0000000008001bbc                BDMA_Channel2_IRQHandler
                0x0000000008001bbc                QUADSPI_IRQHandler
                0x0000000008001bbc                I2C1_EV_IRQHandler
                0x0000000008001bbc                DMA1_Stream6_IRQHandler
                0x0000000008001bbc                DMAMUX1_OVR_IRQHandler
                0x0000000008001bbc                DMA1_Stream1_IRQHandler
                0x0000000008001bbc                TIM16_IRQHandler
                0x0000000008001bbc                UART4_IRQHandler
                0x0000000008001bbc                BDMA_Channel5_IRQHandler
                0x0000000008001bbc                RCC_IRQHandler
                0x0000000008001bbc                TIM8_BRK_TIM12_IRQHandler
                0x0000000008001bbc                TIM1_TRG_COM_IRQHandler
                0x0000000008001bbc                Default_Handler
                0x0000000008001bbc                ECC_IRQHandler
                0x0000000008001bbc                CEC_IRQHandler
                0x0000000008001bbc                BDMA_Channel0_IRQHandler
                0x0000000008001bbc                DMA1_Stream7_IRQHandler
                0x0000000008001bbc                HRTIM1_TIMA_IRQHandler
                0x0000000008001bbc                SPI5_IRQHandler
                0x0000000008001bbc                TIM7_IRQHandler
                0x0000000008001bbc                SDMMC1_IRQHandler
                0x0000000008001bbc                TIM5_IRQHandler
                0x0000000008001bbc                DMA2_Stream7_IRQHandler
                0x0000000008001bbc                TIM15_IRQHandler
                0x0000000008001bbc                PVD_AVD_IRQHandler
                0x0000000008001bbc                I2C3_EV_IRQHandler
                0x0000000008001bbc                EXTI9_5_IRQHandler
                0x0000000008001bbc                RTC_WKUP_IRQHandler
                0x0000000008001bbc                LTDC_IRQHandler
                0x0000000008001bbc                SAI3_IRQHandler
                0x0000000008001bbc                ETH_WKUP_IRQHandler
                0x0000000008001bbc                SPDIF_RX_IRQHandler
                0x0000000008001bbc                SPI2_IRQHandler
                0x0000000008001bbc                OTG_HS_EP1_IN_IRQHandler
                0x0000000008001bbc                DMA1_Stream0_IRQHandler
                0x0000000008001bbc                CRS_IRQHandler
                0x0000000008001bbc                EXTI4_IRQHandler
                0x0000000008001bbc                RNG_IRQHandler
                0x0000000008001bbc                HRTIM1_TIMB_IRQHandler
                0x0000000008001bbc                FDCAN2_IT1_IRQHandler
                0x0000000008001bbc                ETH_IRQHandler
                0x0000000008001bbc                TIM1_UP_IRQHandler
                0x0000000008001bbc                BDMA_Channel4_IRQHandler
                0x0000000008001bbc                OTG_HS_EP1_OUT_IRQHandler
                0x0000000008001bbc                WWDG_IRQHandler
                0x0000000008001bbc                SPI6_IRQHandler
                0x0000000008001bbc                MDIOS_IRQHandler
                0x0000000008001bbc                I2C4_EV_IRQHandler
                0x0000000008001bbc                FDCAN2_IT0_IRQHandler
                0x0000000008001bbc                LPUART1_IRQHandler
                0x0000000008001bbc                FDCAN1_IT0_IRQHandler
                0x0000000008001bbc                OTG_FS_WKUP_IRQHandler
                0x0000000008001bbc                OTG_HS_IRQHandler
                0x0000000008001bbc                DMA2D_IRQHandler
                0x0000000008001bbc                TIM1_BRK_IRQHandler
                0x0000000008001bbc                EXTI1_IRQHandler
                0x0000000008001bbc                SDMMC2_IRQHandler
                0x0000000008001bbc                OTG_FS_EP1_OUT_IRQHandler
                0x0000000008001bbc                BDMA_Channel3_IRQHandler
                0x0000000008001bbc                UART7_IRQHandler
                0x0000000008001bbc                MDIOS_WKUP_IRQHandler
                0x0000000008001bbc                USART2_IRQHandler
                0x0000000008001bbc                DFSDM1_FLT0_IRQHandler
                0x0000000008001bbc                SAI4_IRQHandler
                0x0000000008001bbc                I2C2_ER_IRQHandler
                0x0000000008001bbc                DMA2_Stream1_IRQHandler
                0x0000000008001bbc                FLASH_IRQHandler
                0x0000000008001bbc                DMA2_Stream4_IRQHandler
                0x0000000008001bbc                USART1_IRQHandler
                0x0000000008001bbc                OTG_FS_IRQHandler
                0x0000000008001bbc                SPI3_IRQHandler
                0x0000000008001bbc                WAKEUP_PIN_IRQHandler
                0x0000000008001bbc                DMA1_Stream4_IRQHandler
                0x0000000008001bbc                OTG_FS_EP1_IN_IRQHandler
                0x0000000008001bbc                I2C1_ER_IRQHandler
                0x0000000008001bbc                FMC_IRQHandler
                0x0000000008001bbc                FDCAN_CAL_IRQHandler
                0x0000000008001bbc                SWPMI1_IRQHandler
                0x0000000008001bbc                COMP1_IRQHandler
                0x0000000008001bbc                LPTIM1_IRQHandler
                0x0000000008001bbc                I2C4_ER_IRQHandler
                0x0000000008001bbc                DMA2_Stream6_IRQHandler
                0x0000000008001bbc                SAI1_IRQHandler
                0x0000000008001bbc                DMA1_Stream3_IRQHandler
 *fill*         0x0000000008001bbe        0x2 
 .text.HAL_Init
                0x0000000008001bc0       0x78 ./Drivers/STM32H7xx_HAL_Driver/Src/stm32h7xx_hal.o
                0x0000000008001bc0                HAL_Init
 .text.HAL_InitTick
                0x0000000008001c38       0x6c ./Drivers/STM32H7xx_HAL_Driver/Src/stm32h7xx_hal.o
                0x0000000008001c38                HAL_InitTick
 .text.HAL_IncTick
                0x0000000008001ca4       0x28 ./Drivers/STM32H7xx_HAL_Driver/Src/stm32h7xx_hal.o
                0x0000000008001ca4                HAL_IncTick
 .text.HAL_GetTick
                0x0000000008001ccc       0x18 ./Drivers/STM32H7xx_HAL_Driver/Src/stm32h7xx_hal.o
                0x0000000008001ccc                HAL_GetTick
 .text.HAL_Delay
                0x0000000008001ce4       0x48 ./Drivers/STM32H7xx_HAL_Driver/Src/stm32h7xx_hal.o
                0x0000000008001ce4                HAL_Delay
 .text.HAL_GetREVID
                0x0000000008001d2c       0x18 ./Drivers/STM32H7xx_HAL_Driver/Src/stm32h7xx_hal.o
                0x0000000008001d2c                HAL_GetREVID
 .text.LL_ADC_SetCommonClock
                0x0000000008001d44       0x26 ./Drivers/STM32H7xx_HAL_Driver/Src/stm32h7xx_hal_adc.o
 .text.LL_ADC_SetCommonPathInternalCh
                0x0000000008001d6a       0x26 ./Drivers/STM32H7xx_HAL_Driver/Src/stm32h7xx_hal_adc.o
 .text.LL_ADC_GetCommonPathInternalCh
                0x0000000008001d90       0x1c ./Drivers/STM32H7xx_HAL_Driver/Src/stm32h7xx_hal_adc.o
 .text.LL_ADC_SetOffset
                0x0000000008001dac       0x40 ./Drivers/STM32H7xx_HAL_Driver/Src/stm32h7xx_hal_adc.o
 .text.LL_ADC_SetDataRightShift
                0x0000000008001dec       0x32 ./Drivers/STM32H7xx_HAL_Driver/Src/stm32h7xx_hal_adc.o
 .text.LL_ADC_SetOffsetSignedSaturation
                0x0000000008001e1e       0x36 ./Drivers/STM32H7xx_HAL_Driver/Src/stm32h7xx_hal_adc.o
 .text.LL_ADC_REG_IsTriggerSourceSWStart
                0x0000000008001e54       0x26 ./Drivers/STM32H7xx_HAL_Driver/Src/stm32h7xx_hal_adc.o
 .text.LL_ADC_REG_SetSequencerRanks
                0x0000000008001e7a       0x58 ./Drivers/STM32H7xx_HAL_Driver/Src/stm32h7xx_hal_adc.o
 .text.LL_ADC_INJ_IsTriggerSourceSWStart
                0x0000000008001ed2       0x26 ./Drivers/STM32H7xx_HAL_Driver/Src/stm32h7xx_hal_adc.o
 .text.LL_ADC_SetChannelSamplingTime
                0x0000000008001ef8       0x56 ./Drivers/STM32H7xx_HAL_Driver/Src/stm32h7xx_hal_adc.o
 *fill*         0x0000000008001f4e        0x2 
 .text.LL_ADC_SetChannelSingleDiff
                0x0000000008001f50       0x48 ./Drivers/STM32H7xx_HAL_Driver/Src/stm32h7xx_hal_adc.o
 .text.LL_ADC_GetMultimode
                0x0000000008001f98       0x1c ./Drivers/STM32H7xx_HAL_Driver/Src/stm32h7xx_hal_adc.o
 .text.LL_ADC_GetMultiDMATransfer
                0x0000000008001fb4       0x1c ./Drivers/STM32H7xx_HAL_Driver/Src/stm32h7xx_hal_adc.o
 .text.LL_ADC_DisableDeepPowerDown
                0x0000000008001fd0       0x24 ./Drivers/STM32H7xx_HAL_Driver/Src/stm32h7xx_hal_adc.o
 .text.LL_ADC_IsDeepPowerDownEnabled
                0x0000000008001ff4       0x28 ./Drivers/STM32H7xx_HAL_Driver/Src/stm32h7xx_hal_adc.o
 .text.LL_ADC_EnableInternalRegulator
                0x000000000800201c       0x28 ./Drivers/STM32H7xx_HAL_Driver/Src/stm32h7xx_hal_adc.o
 .text.LL_ADC_IsInternalRegulatorEnabled
                0x0000000008002044       0x28 ./Drivers/STM32H7xx_HAL_Driver/Src/stm32h7xx_hal_adc.o
 .text.LL_ADC_IsEnabled
                0x000000000800206c       0x26 ./Drivers/STM32H7xx_HAL_Driver/Src/stm32h7xx_hal_adc.o
 .text.LL_ADC_REG_IsConversionOngoing
                0x0000000008002092       0x26 ./Drivers/STM32H7xx_HAL_Driver/Src/stm32h7xx_hal_adc.o
 .text.LL_ADC_INJ_IsConversionOngoing
                0x00000000080020b8       0x26 ./Drivers/STM32H7xx_HAL_Driver/Src/stm32h7xx_hal_adc.o
 *fill*         0x00000000080020de        0x2 
 .text.HAL_ADC_Init
                0x00000000080020e0      0x344 ./Drivers/STM32H7xx_HAL_Driver/Src/stm32h7xx_hal_adc.o
                0x00000000080020e0                HAL_ADC_Init
 .text.HAL_ADC_IRQHandler
                0x0000000008002424      0x474 ./Drivers/STM32H7xx_HAL_Driver/Src/stm32h7xx_hal_adc.o
                0x0000000008002424                HAL_ADC_IRQHandler
 .text.HAL_ADC_ConvCpltCallback
                0x0000000008002898       0x14 ./Drivers/STM32H7xx_HAL_Driver/Src/stm32h7xx_hal_adc.o
                0x0000000008002898                HAL_ADC_ConvCpltCallback
 .text.HAL_ADC_LevelOutOfWindowCallback
                0x00000000080028ac       0x14 ./Drivers/STM32H7xx_HAL_Driver/Src/stm32h7xx_hal_adc.o
                0x00000000080028ac                HAL_ADC_LevelOutOfWindowCallback
 .text.HAL_ADC_ErrorCallback
                0x00000000080028c0       0x14 ./Drivers/STM32H7xx_HAL_Driver/Src/stm32h7xx_hal_adc.o
                0x00000000080028c0                HAL_ADC_ErrorCallback
 .text.HAL_ADC_ConfigChannel
                0x00000000080028d4      0x6b8 ./Drivers/STM32H7xx_HAL_Driver/Src/stm32h7xx_hal_adc.o
                0x00000000080028d4                HAL_ADC_ConfigChannel
 .text.ADC_ConfigureBoostMode
                0x0000000008002f8c      0x218 ./Drivers/STM32H7xx_HAL_Driver/Src/stm32h7xx_hal_adc.o
                0x0000000008002f8c                ADC_ConfigureBoostMode
 .text.LL_ADC_IsEnabled
                0x00000000080031a4       0x26 ./Drivers/STM32H7xx_HAL_Driver/Src/stm32h7xx_hal_adc_ex.o
 .text.LL_ADC_REG_IsConversionOngoing
                0x00000000080031ca       0x26 ./Drivers/STM32H7xx_HAL_Driver/Src/stm32h7xx_hal_adc_ex.o
 .text.HAL_ADCEx_InjectedConvCpltCallback
                0x00000000080031f0       0x14 ./Drivers/STM32H7xx_HAL_Driver/Src/stm32h7xx_hal_adc_ex.o
                0x00000000080031f0                HAL_ADCEx_InjectedConvCpltCallback
 .text.HAL_ADCEx_InjectedQueueOverflowCallback
                0x0000000008003204       0x14 ./Drivers/STM32H7xx_HAL_Driver/Src/stm32h7xx_hal_adc_ex.o
                0x0000000008003204                HAL_ADCEx_InjectedQueueOverflowCallback
 .text.HAL_ADCEx_LevelOutOfWindow2Callback
                0x0000000008003218       0x14 ./Drivers/STM32H7xx_HAL_Driver/Src/stm32h7xx_hal_adc_ex.o
                0x0000000008003218                HAL_ADCEx_LevelOutOfWindow2Callback
 .text.HAL_ADCEx_LevelOutOfWindow3Callback
                0x000000000800322c       0x14 ./Drivers/STM32H7xx_HAL_Driver/Src/stm32h7xx_hal_adc_ex.o
                0x000000000800322c                HAL_ADCEx_LevelOutOfWindow3Callback
 .text.HAL_ADCEx_EndOfSamplingCallback
                0x0000000008003240       0x14 ./Drivers/STM32H7xx_HAL_Driver/Src/stm32h7xx_hal_adc_ex.o
                0x0000000008003240                HAL_ADCEx_EndOfSamplingCallback
 .text.HAL_ADCEx_MultiModeConfigChannel
                0x0000000008003254      0x1bc ./Drivers/STM32H7xx_HAL_Driver/Src/stm32h7xx_hal_adc_ex.o
                0x0000000008003254                HAL_ADCEx_MultiModeConfigChannel
 .text.__NVIC_SetPriorityGrouping
                0x0000000008003410       0x48 ./Drivers/STM32H7xx_HAL_Driver/Src/stm32h7xx_hal_cortex.o
 .text.__NVIC_GetPriorityGrouping
                0x0000000008003458       0x1c ./Drivers/STM32H7xx_HAL_Driver/Src/stm32h7xx_hal_cortex.o
 .text.__NVIC_EnableIRQ
                0x0000000008003474       0x3c ./Drivers/STM32H7xx_HAL_Driver/Src/stm32h7xx_hal_cortex.o
 .text.__NVIC_SetPriority
                0x00000000080034b0       0x54 ./Drivers/STM32H7xx_HAL_Driver/Src/stm32h7xx_hal_cortex.o
 .text.NVIC_EncodePriority
                0x0000000008003504       0x66 ./Drivers/STM32H7xx_HAL_Driver/Src/stm32h7xx_hal_cortex.o
 *fill*         0x000000000800356a        0x2 
 .text.SysTick_Config
                0x000000000800356c       0x44 ./Drivers/STM32H7xx_HAL_Driver/Src/stm32h7xx_hal_cortex.o
 .text.HAL_NVIC_SetPriorityGrouping
                0x00000000080035b0       0x16 ./Drivers/STM32H7xx_HAL_Driver/Src/stm32h7xx_hal_cortex.o
                0x00000000080035b0                HAL_NVIC_SetPriorityGrouping
 .text.HAL_NVIC_SetPriority
                0x00000000080035c6       0x34 ./Drivers/STM32H7xx_HAL_Driver/Src/stm32h7xx_hal_cortex.o
                0x00000000080035c6                HAL_NVIC_SetPriority
 .text.HAL_NVIC_EnableIRQ
                0x00000000080035fa       0x1c ./Drivers/STM32H7xx_HAL_Driver/Src/stm32h7xx_hal_cortex.o
                0x00000000080035fa                HAL_NVIC_EnableIRQ
 .text.HAL_SYSTICK_Config
                0x0000000008003616       0x18 ./Drivers/STM32H7xx_HAL_Driver/Src/stm32h7xx_hal_cortex.o
                0x0000000008003616                HAL_SYSTICK_Config
 *fill*         0x000000000800362e        0x2 
 .text.HAL_DMA_Abort
                0x0000000008003630      0x63c ./Drivers/STM32H7xx_HAL_Driver/Src/stm32h7xx_hal_dma.o
                0x0000000008003630                HAL_DMA_Abort
 .text.HAL_DMA_Abort_IT
                0x0000000008003c6c      0x48c ./Drivers/STM32H7xx_HAL_Driver/Src/stm32h7xx_hal_dma.o
                0x0000000008003c6c                HAL_DMA_Abort_IT
 .text.HAL_GPIO_Init
                0x00000000080040f8      0x360 ./Drivers/STM32H7xx_HAL_Driver/Src/stm32h7xx_hal_gpio.o
                0x00000000080040f8                HAL_GPIO_Init
 .text.HAL_GPIO_ReadPin
                0x0000000008004458       0x30 ./Drivers/STM32H7xx_HAL_Driver/Src/stm32h7xx_hal_gpio.o
                0x0000000008004458                HAL_GPIO_ReadPin
 .text.HAL_GPIO_WritePin
                0x0000000008004488       0x32 ./Drivers/STM32H7xx_HAL_Driver/Src/stm32h7xx_hal_gpio.o
                0x0000000008004488                HAL_GPIO_WritePin
 .text.HAL_GPIO_EXTI_IRQHandler
                0x00000000080044ba       0x34 ./Drivers/STM32H7xx_HAL_Driver/Src/stm32h7xx_hal_gpio.o
                0x00000000080044ba                HAL_GPIO_EXTI_IRQHandler
 *fill*         0x00000000080044ee        0x2 
 .text.HAL_PWREx_ConfigSupply
                0x00000000080044f0       0x74 ./Drivers/STM32H7xx_HAL_Driver/Src/stm32h7xx_hal_pwr_ex.o
                0x00000000080044f0                HAL_PWREx_ConfigSupply
 .text.HAL_RCC_OscConfig
                0x0000000008004564      0x8b4 ./Drivers/STM32H7xx_HAL_Driver/Src/stm32h7xx_hal_rcc.o
                0x0000000008004564                HAL_RCC_OscConfig
 .text.HAL_RCC_ClockConfig
                0x0000000008004e18      0x36c ./Drivers/STM32H7xx_HAL_Driver/Src/stm32h7xx_hal_rcc.o
                0x0000000008004e18                HAL_RCC_ClockConfig
 .text.HAL_RCC_GetSysClockFreq
                0x0000000008005184      0x2f4 ./Drivers/STM32H7xx_HAL_Driver/Src/stm32h7xx_hal_rcc.o
                0x0000000008005184                HAL_RCC_GetSysClockFreq
 .text.HAL_RCC_GetHCLKFreq
                0x0000000008005478       0x60 ./Drivers/STM32H7xx_HAL_Driver/Src/stm32h7xx_hal_rcc.o
                0x0000000008005478                HAL_RCC_GetHCLKFreq
 .text.HAL_RCC_GetPCLK1Freq
                0x00000000080054d8       0x2c ./Drivers/STM32H7xx_HAL_Driver/Src/stm32h7xx_hal_rcc.o
                0x00000000080054d8                HAL_RCC_GetPCLK1Freq
 .text.HAL_RCC_GetPCLK2Freq
                0x0000000008005504       0x2c ./Drivers/STM32H7xx_HAL_Driver/Src/stm32h7xx_hal_rcc.o
                0x0000000008005504                HAL_RCC_GetPCLK2Freq
 .text.HAL_RCCEx_PeriphCLKConfig
                0x0000000008005530     0x1414 ./Drivers/STM32H7xx_HAL_Driver/Src/stm32h7xx_hal_rcc_ex.o
                0x0000000008005530                HAL_RCCEx_PeriphCLKConfig
 .text.HAL_RCCEx_GetPeriphCLKFreq
                0x0000000008006944      0xb00 ./Drivers/STM32H7xx_HAL_Driver/Src/stm32h7xx_hal_rcc_ex.o
                0x0000000008006944                HAL_RCCEx_GetPeriphCLKFreq
 .text.HAL_RCCEx_GetD3PCLK1Freq
                0x0000000008007444       0x2c ./Drivers/STM32H7xx_HAL_Driver/Src/stm32h7xx_hal_rcc_ex.o
                0x0000000008007444                HAL_RCCEx_GetD3PCLK1Freq
 .text.HAL_RCCEx_GetPLL2ClockFreq
                0x0000000008007470      0x2a8 ./Drivers/STM32H7xx_HAL_Driver/Src/stm32h7xx_hal_rcc_ex.o
                0x0000000008007470                HAL_RCCEx_GetPLL2ClockFreq
 .text.HAL_RCCEx_GetPLL3ClockFreq
                0x0000000008007718      0x2a8 ./Drivers/STM32H7xx_HAL_Driver/Src/stm32h7xx_hal_rcc_ex.o
                0x0000000008007718                HAL_RCCEx_GetPLL3ClockFreq
 .text.HAL_RCCEx_GetPLL1ClockFreq
                0x00000000080079c0      0x2a4 ./Drivers/STM32H7xx_HAL_Driver/Src/stm32h7xx_hal_rcc_ex.o
                0x00000000080079c0                HAL_RCCEx_GetPLL1ClockFreq
 .text.RCCEx_PLL2_Config
                0x0000000008007c64      0x164 ./Drivers/STM32H7xx_HAL_Driver/Src/stm32h7xx_hal_rcc_ex.o
 .text.RCCEx_PLL3_Config
                0x0000000008007dc8      0x164 ./Drivers/STM32H7xx_HAL_Driver/Src/stm32h7xx_hal_rcc_ex.o
 .text.HAL_TIM_Base_Init
                0x0000000008007f2c       0xae ./Drivers/STM32H7xx_HAL_Driver/Src/stm32h7xx_hal_tim.o
                0x0000000008007f2c                HAL_TIM_Base_Init
 .text.HAL_TIM_PWM_Init
                0x0000000008007fda       0xae ./Drivers/STM32H7xx_HAL_Driver/Src/stm32h7xx_hal_tim.o
                0x0000000008007fda                HAL_TIM_PWM_Init
 .text.HAL_TIM_PWM_MspInit
                0x0000000008008088       0x14 ./Drivers/STM32H7xx_HAL_Driver/Src/stm32h7xx_hal_tim.o
                0x0000000008008088                HAL_TIM_PWM_MspInit
 .text.HAL_TIM_PWM_Stop
                0x000000000800809c      0x12c ./Drivers/STM32H7xx_HAL_Driver/Src/stm32h7xx_hal_tim.o
                0x000000000800809c                HAL_TIM_PWM_Stop
 .text.HAL_TIM_PWM_Start_IT
                0x00000000080081c8      0x2b4 ./Drivers/STM32H7xx_HAL_Driver/Src/stm32h7xx_hal_tim.o
                0x00000000080081c8                HAL_TIM_PWM_Start_IT
 .text.HAL_TIM_PWM_Stop_IT
                0x000000000800847c      0x1c8 ./Drivers/STM32H7xx_HAL_Driver/Src/stm32h7xx_hal_tim.o
                0x000000000800847c                HAL_TIM_PWM_Stop_IT
 .text.HAL_TIM_IRQHandler
                0x0000000008008644      0x20e ./Drivers/STM32H7xx_HAL_Driver/Src/stm32h7xx_hal_tim.o
                0x0000000008008644                HAL_TIM_IRQHandler
 *fill*         0x0000000008008852        0x2 
 .text.HAL_TIM_PWM_ConfigChannel
                0x0000000008008854      0x228 ./Drivers/STM32H7xx_HAL_Driver/Src/stm32h7xx_hal_tim.o
                0x0000000008008854                HAL_TIM_PWM_ConfigChannel
 .text.HAL_TIM_ConfigClockSource
                0x0000000008008a7c      0x1f0 ./Drivers/STM32H7xx_HAL_Driver/Src/stm32h7xx_hal_tim.o
                0x0000000008008a7c                HAL_TIM_ConfigClockSource
 .text.HAL_TIM_PeriodElapsedCallback
                0x0000000008008c6c       0x14 ./Drivers/STM32H7xx_HAL_Driver/Src/stm32h7xx_hal_tim.o
                0x0000000008008c6c                HAL_TIM_PeriodElapsedCallback
 .text.HAL_TIM_OC_DelayElapsedCallback
                0x0000000008008c80       0x14 ./Drivers/STM32H7xx_HAL_Driver/Src/stm32h7xx_hal_tim.o
                0x0000000008008c80                HAL_TIM_OC_DelayElapsedCallback
 .text.HAL_TIM_IC_CaptureCallback
                0x0000000008008c94       0x14 ./Drivers/STM32H7xx_HAL_Driver/Src/stm32h7xx_hal_tim.o
                0x0000000008008c94                HAL_TIM_IC_CaptureCallback
 .text.HAL_TIM_TriggerCallback
                0x0000000008008ca8       0x14 ./Drivers/STM32H7xx_HAL_Driver/Src/stm32h7xx_hal_tim.o
                0x0000000008008ca8                HAL_TIM_TriggerCallback
 .text.TIM_Base_SetConfig
                0x0000000008008cbc      0x14c ./Drivers/STM32H7xx_HAL_Driver/Src/stm32h7xx_hal_tim.o
                0x0000000008008cbc                TIM_Base_SetConfig
 .text.TIM_OC1_SetConfig
                0x0000000008008e08      0x120 ./Drivers/STM32H7xx_HAL_Driver/Src/stm32h7xx_hal_tim.o
 .text.TIM_OC2_SetConfig
                0x0000000008008f28      0x114 ./Drivers/STM32H7xx_HAL_Driver/Src/stm32h7xx_hal_tim.o
                0x0000000008008f28                TIM_OC2_SetConfig
 .text.TIM_OC3_SetConfig
                0x000000000800903c      0x110 ./Drivers/STM32H7xx_HAL_Driver/Src/stm32h7xx_hal_tim.o
 .text.TIM_OC4_SetConfig
                0x000000000800914c       0xd4 ./Drivers/STM32H7xx_HAL_Driver/Src/stm32h7xx_hal_tim.o
 .text.TIM_OC5_SetConfig
                0x0000000008009220       0xc8 ./Drivers/STM32H7xx_HAL_Driver/Src/stm32h7xx_hal_tim.o
 .text.TIM_OC6_SetConfig
                0x00000000080092e8       0xcc ./Drivers/STM32H7xx_HAL_Driver/Src/stm32h7xx_hal_tim.o
 .text.TIM_TI1_ConfigInputStage
                0x00000000080093b4       0x5e ./Drivers/STM32H7xx_HAL_Driver/Src/stm32h7xx_hal_tim.o
 .text.TIM_TI2_ConfigInputStage
                0x0000000008009412       0x60 ./Drivers/STM32H7xx_HAL_Driver/Src/stm32h7xx_hal_tim.o
 *fill*         0x0000000008009472        0x2 
 .text.TIM_ITRx_SetConfig
                0x0000000008009474       0x3c ./Drivers/STM32H7xx_HAL_Driver/Src/stm32h7xx_hal_tim.o
 .text.TIM_ETR_SetConfig
                0x00000000080094b0       0x40 ./Drivers/STM32H7xx_HAL_Driver/Src/stm32h7xx_hal_tim.o
                0x00000000080094b0                TIM_ETR_SetConfig
 .text.TIM_CCxChannelCmd
                0x00000000080094f0       0x4a ./Drivers/STM32H7xx_HAL_Driver/Src/stm32h7xx_hal_tim.o
                0x00000000080094f0                TIM_CCxChannelCmd
 *fill*         0x000000000800953a        0x2 
 .text.HAL_TIMEx_MasterConfigSynchronization
                0x000000000800953c      0x11c ./Drivers/STM32H7xx_HAL_Driver/Src/stm32h7xx_hal_tim_ex.o
                0x000000000800953c                HAL_TIMEx_MasterConfigSynchronization
 .text.HAL_TIMEx_CommutCallback
                0x0000000008009658       0x14 ./Drivers/STM32H7xx_HAL_Driver/Src/stm32h7xx_hal_tim_ex.o
                0x0000000008009658                HAL_TIMEx_CommutCallback
 .text.HAL_TIMEx_BreakCallback
                0x000000000800966c       0x14 ./Drivers/STM32H7xx_HAL_Driver/Src/stm32h7xx_hal_tim_ex.o
                0x000000000800966c                HAL_TIMEx_BreakCallback
 .text.HAL_TIMEx_Break2Callback
                0x0000000008009680       0x14 ./Drivers/STM32H7xx_HAL_Driver/Src/stm32h7xx_hal_tim_ex.o
                0x0000000008009680                HAL_TIMEx_Break2Callback
 .text.HAL_UART_Init
                0x0000000008009694       0xa0 ./Drivers/STM32H7xx_HAL_Driver/Src/stm32h7xx_hal_uart.o
                0x0000000008009694                HAL_UART_Init
 .text.HAL_UART_IRQHandler
                0x0000000008009734      0x774 ./Drivers/STM32H7xx_HAL_Driver/Src/stm32h7xx_hal_uart.o
                0x0000000008009734                HAL_UART_IRQHandler
 .text.HAL_UART_TxCpltCallback
                0x0000000008009ea8       0x14 ./Drivers/STM32H7xx_HAL_Driver/Src/stm32h7xx_hal_uart.o
                0x0000000008009ea8                HAL_UART_TxCpltCallback
 .text.HAL_UART_ErrorCallback
                0x0000000008009ebc       0x14 ./Drivers/STM32H7xx_HAL_Driver/Src/stm32h7xx_hal_uart.o
                0x0000000008009ebc                HAL_UART_ErrorCallback
 .text.HAL_UARTEx_RxEventCallback
                0x0000000008009ed0       0x18 ./Drivers/STM32H7xx_HAL_Driver/Src/stm32h7xx_hal_uart.o
                0x0000000008009ed0                HAL_UARTEx_RxEventCallback
 .text.UART_SetConfig
                0x0000000008009ee8      0xad0 ./Drivers/STM32H7xx_HAL_Driver/Src/stm32h7xx_hal_uart.o
                0x0000000008009ee8                UART_SetConfig
 .text.UART_AdvFeatureConfig
                0x000000000800a9b8      0x144 ./Drivers/STM32H7xx_HAL_Driver/Src/stm32h7xx_hal_uart.o
                0x000000000800a9b8                UART_AdvFeatureConfig
 .text.UART_CheckIdleState
                0x000000000800aafc      0x154 ./Drivers/STM32H7xx_HAL_Driver/Src/stm32h7xx_hal_uart.o
                0x000000000800aafc                UART_CheckIdleState
 .text.UART_WaitOnFlagUntilTimeout
                0x000000000800ac50       0xda ./Drivers/STM32H7xx_HAL_Driver/Src/stm32h7xx_hal_uart.o
                0x000000000800ac50                UART_WaitOnFlagUntilTimeout
 *fill*         0x000000000800ad2a        0x2 
 .text.UART_EndRxTransfer
                0x000000000800ad2c       0xcc ./Drivers/STM32H7xx_HAL_Driver/Src/stm32h7xx_hal_uart.o
 .text.UART_DMAAbortOnError
                0x000000000800adf8       0x2c ./Drivers/STM32H7xx_HAL_Driver/Src/stm32h7xx_hal_uart.o
 .text.UART_EndTransmit_IT
                0x000000000800ae24       0x56 ./Drivers/STM32H7xx_HAL_Driver/Src/stm32h7xx_hal_uart.o
 .text.HAL_UARTEx_WakeupCallback
                0x000000000800ae7a       0x14 ./Drivers/STM32H7xx_HAL_Driver/Src/stm32h7xx_hal_uart_ex.o
                0x000000000800ae7a                HAL_UARTEx_WakeupCallback
 .text.HAL_UARTEx_RxFifoFullCallback
                0x000000000800ae8e       0x14 ./Drivers/STM32H7xx_HAL_Driver/Src/stm32h7xx_hal_uart_ex.o
                0x000000000800ae8e                HAL_UARTEx_RxFifoFullCallback
 .text.HAL_UARTEx_TxFifoEmptyCallback
                0x000000000800aea2       0x14 ./Drivers/STM32H7xx_HAL_Driver/Src/stm32h7xx_hal_uart_ex.o
                0x000000000800aea2                HAL_UARTEx_TxFifoEmptyCallback
 .text.HAL_UARTEx_DisableFifoMode
                0x000000000800aeb6       0x72 ./Drivers/STM32H7xx_HAL_Driver/Src/stm32h7xx_hal_uart_ex.o
                0x000000000800aeb6                HAL_UARTEx_DisableFifoMode
 .text.HAL_UARTEx_SetTxFifoThreshold
                0x000000000800af28       0x7c ./Drivers/STM32H7xx_HAL_Driver/Src/stm32h7xx_hal_uart_ex.o
                0x000000000800af28                HAL_UARTEx_SetTxFifoThreshold
 .text.HAL_UARTEx_SetRxFifoThreshold
                0x000000000800afa4       0x7c ./Drivers/STM32H7xx_HAL_Driver/Src/stm32h7xx_hal_uart_ex.o
                0x000000000800afa4                HAL_UARTEx_SetRxFifoThreshold
 .text.UARTEx_SetNbDataToProcess
                0x000000000800b020       0x9c ./Drivers/STM32H7xx_HAL_Driver/Src/stm32h7xx_hal_uart_ex.o
 .text.memset   0x000000000800b0bc       0x10 C:/Program Files (x86)/STM32CubeIDE_1.14.1/STM32CubeIDE/plugins/com.st.stm32cube.ide.mcu.externaltools.gnu-tools-for-stm32.11.3.rel1.win32_1.1.100.202309141235/tools/bin/../lib/gcc/arm-none-eabi/11.3.1/../../../../arm-none-eabi/lib/thumb/v7e-m+dp/hard\libc_nano.a(libc_a-memset.o)
                0x000000000800b0bc                memset
 .text.__libc_init_array
                0x000000000800b0cc       0x48 C:/Program Files (x86)/STM32CubeIDE_1.14.1/STM32CubeIDE/plugins/com.st.stm32cube.ide.mcu.externaltools.gnu-tools-for-stm32.11.3.rel1.win32_1.1.100.202309141235/tools/bin/../lib/gcc/arm-none-eabi/11.3.1/../../../../arm-none-eabi/lib/thumb/v7e-m+dp/hard\libc_nano.a(libc_a-init.o)
                0x000000000800b0cc                __libc_init_array
 *(.glue_7)
 .glue_7        0x000000000800b114        0x0 linker stubs
 *(.glue_7t)
 .glue_7t       0x000000000800b114        0x0 linker stubs
 *(.eh_frame)
 .eh_frame      0x000000000800b114        0x0 C:/Program Files (x86)/STM32CubeIDE_1.14.1/STM32CubeIDE/plugins/com.st.stm32cube.ide.mcu.externaltools.gnu-tools-for-stm32.11.3.rel1.win32_1.1.100.202309141235/tools/bin/../lib/gcc/arm-none-eabi/11.3.1/thumb/v7e-m+dp/hard/crtbegin.o
 *(.init)
 .init          0x000000000800b114        0x4 C:/Program Files (x86)/STM32CubeIDE_1.14.1/STM32CubeIDE/plugins/com.st.stm32cube.ide.mcu.externaltools.gnu-tools-for-stm32.11.3.rel1.win32_1.1.100.202309141235/tools/bin/../lib/gcc/arm-none-eabi/11.3.1/thumb/v7e-m+dp/hard/crti.o
                0x000000000800b114                _init
 .init          0x000000000800b118        0x8 C:/Program Files (x86)/STM32CubeIDE_1.14.1/STM32CubeIDE/plugins/com.st.stm32cube.ide.mcu.externaltools.gnu-tools-for-stm32.11.3.rel1.win32_1.1.100.202309141235/tools/bin/../lib/gcc/arm-none-eabi/11.3.1/thumb/v7e-m+dp/hard/crtn.o
 *(.fini)
 .fini          0x000000000800b120        0x4 C:/Program Files (x86)/STM32CubeIDE_1.14.1/STM32CubeIDE/plugins/com.st.stm32cube.ide.mcu.externaltools.gnu-tools-for-stm32.11.3.rel1.win32_1.1.100.202309141235/tools/bin/../lib/gcc/arm-none-eabi/11.3.1/thumb/v7e-m+dp/hard/crti.o
                0x000000000800b120                _fini
 .fini          0x000000000800b124        0x8 C:/Program Files (x86)/STM32CubeIDE_1.14.1/STM32CubeIDE/plugins/com.st.stm32cube.ide.mcu.externaltools.gnu-tools-for-stm32.11.3.rel1.win32_1.1.100.202309141235/tools/bin/../lib/gcc/arm-none-eabi/11.3.1/thumb/v7e-m+dp/hard/crtn.o
                0x000000000800b12c                . = ALIGN (0x4)
                0x000000000800b12c                _etext = .

.vfp11_veneer   0x000000000800b12c        0x0
 .vfp11_veneer  0x000000000800b12c        0x0 linker stubs

.v4_bx          0x000000000800b12c        0x0
 .v4_bx         0x000000000800b12c        0x0 linker stubs

.iplt           0x000000000800b12c        0x0
 .iplt          0x000000000800b12c        0x0 C:/Program Files (x86)/STM32CubeIDE_1.14.1/STM32CubeIDE/plugins/com.st.stm32cube.ide.mcu.externaltools.gnu-tools-for-stm32.11.3.rel1.win32_1.1.100.202309141235/tools/bin/../lib/gcc/arm-none-eabi/11.3.1/thumb/v7e-m+dp/hard/crtbegin.o

.rodata         0x000000000800b12c       0x38
                0x000000000800b12c                . = ALIGN (0x4)
 *(.rodata)
 *(.rodata*)
 .rodata.D1CorePrescTable
                0x000000000800b12c       0x10 ./Core/Src/system_stm32h7xx.o
                0x000000000800b12c                D1CorePrescTable
 .rodata.UARTPrescTable
                0x000000000800b13c       0x18 ./Drivers/STM32H7xx_HAL_Driver/Src/stm32h7xx_hal_uart.o
                0x000000000800b13c                UARTPrescTable
 .rodata.numerator.1
                0x000000000800b154        0x8 ./Drivers/STM32H7xx_HAL_Driver/Src/stm32h7xx_hal_uart_ex.o
 .rodata.denominator.0
                0x000000000800b15c        0x8 ./Drivers/STM32H7xx_HAL_Driver/Src/stm32h7xx_hal_uart_ex.o
                0x000000000800b164                . = ALIGN (0x4)

.ARM.extab
 *(.ARM.extab* .gnu.linkonce.armextab.*)

.ARM            0x000000000800b164        0x8
                0x000000000800b164                __exidx_start = .
 *(.ARM.exidx*)
 .ARM.exidx     0x000000000800b164        0x8 C:/Program Files (x86)/STM32CubeIDE_1.14.1/STM32CubeIDE/plugins/com.st.stm32cube.ide.mcu.externaltools.gnu-tools-for-stm32.11.3.rel1.win32_1.1.100.202309141235/tools/bin/../lib/gcc/arm-none-eabi/11.3.1/thumb/v7e-m+dp/hard\libgcc.a(_udivmoddi4.o)
                0x000000000800b16c                __exidx_end = .

.rel.dyn        0x000000000800b16c        0x0
 .rel.iplt      0x000000000800b16c        0x0 C:/Program Files (x86)/STM32CubeIDE_1.14.1/STM32CubeIDE/plugins/com.st.stm32cube.ide.mcu.externaltools.gnu-tools-for-stm32.11.3.rel1.win32_1.1.100.202309141235/tools/bin/../lib/gcc/arm-none-eabi/11.3.1/thumb/v7e-m+dp/hard/crtbegin.o

.preinit_array  0x000000000800b16c        0x0
                0x000000000800b16c                PROVIDE (__preinit_array_start = .)
 *(.preinit_array*)
                0x000000000800b16c                PROVIDE (__preinit_array_end = .)

.init_array     0x000000000800b16c        0x4
                0x000000000800b16c                PROVIDE (__init_array_start = .)
 *(SORT_BY_NAME(.init_array.*))
 *(.init_array*)
 .init_array    0x000000000800b16c        0x4 C:/Program Files (x86)/STM32CubeIDE_1.14.1/STM32CubeIDE/plugins/com.st.stm32cube.ide.mcu.externaltools.gnu-tools-for-stm32.11.3.rel1.win32_1.1.100.202309141235/tools/bin/../lib/gcc/arm-none-eabi/11.3.1/thumb/v7e-m+dp/hard/crtbegin.o
                0x000000000800b170                PROVIDE (__init_array_end = .)

.fini_array     0x000000000800b170        0x4
                [!provide]                        PROVIDE (__fini_array_start = .)
 *(SORT_BY_NAME(.fini_array.*))
 *(.fini_array*)
 .fini_array    0x000000000800b170        0x4 C:/Program Files (x86)/STM32CubeIDE_1.14.1/STM32CubeIDE/plugins/com.st.stm32cube.ide.mcu.externaltools.gnu-tools-for-stm32.11.3.rel1.win32_1.1.100.202309141235/tools/bin/../lib/gcc/arm-none-eabi/11.3.1/thumb/v7e-m+dp/hard/crtbegin.o
                [!provide]                        PROVIDE (__fini_array_end = .)
                0x000000000800b174                _sidata = LOADADDR (.data)

.data           0x0000000024000000       0x10 load address 0x000000000800b174
                0x0000000024000000                . = ALIGN (0x4)
                0x0000000024000000                _sdata = .
 *(.data)
 *(.data*)
 .data.SystemCoreClock
                0x0000000024000000        0x4 ./Core/Src/system_stm32h7xx.o
                0x0000000024000000                SystemCoreClock
 .data.SystemD2Clock
                0x0000000024000004        0x4 ./Core/Src/system_stm32h7xx.o
                0x0000000024000004                SystemD2Clock
 .data.uwTickPrio
                0x0000000024000008        0x4 ./Drivers/STM32H7xx_HAL_Driver/Src/stm32h7xx_hal.o
                0x0000000024000008                uwTickPrio
 .data.uwTickFreq
                0x000000002400000c        0x1 ./Drivers/STM32H7xx_HAL_Driver/Src/stm32h7xx_hal.o
                0x000000002400000c                uwTickFreq
 *(.RamFunc)
 *(.RamFunc*)
                0x0000000024000010                . = ALIGN (0x4)
 *fill*         0x000000002400000d        0x3 
                0x0000000024000010                _edata = .

.igot.plt       0x0000000024000010        0x0 load address 0x000000000800b184
 .igot.plt      0x0000000024000010        0x0 C:/Program Files (x86)/STM32CubeIDE_1.14.1/STM32CubeIDE/plugins/com.st.stm32cube.ide.mcu.externaltools.gnu-tools-for-stm32.11.3.rel1.win32_1.1.100.202309141235/tools/bin/../lib/gcc/arm-none-eabi/11.3.1/thumb/v7e-m+dp/hard/crtbegin.o
                0x0000000024000010                . = ALIGN (0x4)

.bss            0x0000000024000010      0x238 load address 0x000000000800b184
                0x0000000024000010                _sbss = .
                0x0000000024000010                __bss_start__ = _sbss
 *(.bss)
 .bss           0x0000000024000010       0x1c C:/Program Files (x86)/STM32CubeIDE_1.14.1/STM32CubeIDE/plugins/com.st.stm32cube.ide.mcu.externaltools.gnu-tools-for-stm32.11.3.rel1.win32_1.1.100.202309141235/tools/bin/../lib/gcc/arm-none-eabi/11.3.1/thumb/v7e-m+dp/hard/crtbegin.o
 *(.bss*)
 .bss.hadc1     0x000000002400002c       0x64 ./Core/Src/adc.o
                0x000000002400002c                hadc1
 .bss.total_pulsesX
                0x0000000024000090        0x4 ./Core/Src/main.o
                0x0000000024000090                total_pulsesX
 .bss.pulseCountX
                0x0000000024000094        0x4 ./Core/Src/main.o
                0x0000000024000094                pulseCountX
 .bss.loop_numX
                0x0000000024000098        0x1 ./Core/Src/main.o
                0x0000000024000098                loop_numX
 *fill*         0x0000000024000099        0x3 
 .bss.total_pulsesY
                0x000000002400009c        0x4 ./Core/Src/main.o
                0x000000002400009c                total_pulsesY
 .bss.pulseCountY
                0x00000000240000a0        0x4 ./Core/Src/main.o
                0x00000000240000a0                pulseCountY
 .bss.loop_numY
                0x00000000240000a4        0x1 ./Core/Src/main.o
                0x00000000240000a4                loop_numY
 .bss.isPressed
                0x00000000240000a5        0x1 ./Core/Src/main.o
                0x00000000240000a5                isPressed
 *fill*         0x00000000240000a6        0x2 
 .bss.motorState
                0x00000000240000a8       0x24 ./Core/Src/stepper_motor.o
                0x00000000240000a8                motorState
 .bss.htim2     0x00000000240000cc       0x4c ./Core/Src/tim.o
                0x00000000240000cc                htim2
 .bss.htim3     0x0000000024000118       0x4c ./Core/Src/tim.o
                0x0000000024000118                htim3
 .bss.htim4     0x0000000024000164       0x4c ./Core/Src/tim.o
                0x0000000024000164                htim4
 .bss.huart3    0x00000000240001b0       0x94 ./Core/Src/usart.o
                0x00000000240001b0                huart3
 .bss.uwTick    0x0000000024000244        0x4 ./Drivers/STM32H7xx_HAL_Driver/Src/stm32h7xx_hal.o
                0x0000000024000244                uwTick
 *(COMMON)
                0x0000000024000248                . = ALIGN (0x4)
                0x0000000024000248                _ebss = .
                0x0000000024000248                __bss_end__ = _ebss

._user_heap_stack
                0x0000000024000248      0x600 load address 0x000000000800b184
                0x0000000024000248                . = ALIGN (0x8)
                [!provide]                        PROVIDE (end = .)
                0x0000000024000248                PROVIDE (_end = .)
                0x0000000024000448                . = (. + _Min_Heap_Size)
 *fill*         0x0000000024000248      0x200 
                0x0000000024000848                . = (. + _Min_Stack_Size)
 *fill*         0x0000000024000448      0x400 
                0x0000000024000848                . = ALIGN (0x8)

/DISCARD/
 libc.a(*)
 libm.a(*)
 libgcc.a(*)

.ARM.attributes
                0x0000000000000000       0x2e
 *(.ARM.attributes)
 .ARM.attributes
                0x0000000000000000       0x1e C:/Program Files (x86)/STM32CubeIDE_1.14.1/STM32CubeIDE/plugins/com.st.stm32cube.ide.mcu.externaltools.gnu-tools-for-stm32.11.3.rel1.win32_1.1.100.202309141235/tools/bin/../lib/gcc/arm-none-eabi/11.3.1/thumb/v7e-m+dp/hard/crti.o
 .ARM.attributes
                0x000000000000001e       0x32 C:/Program Files (x86)/STM32CubeIDE_1.14.1/STM32CubeIDE/plugins/com.st.stm32cube.ide.mcu.externaltools.gnu-tools-for-stm32.11.3.rel1.win32_1.1.100.202309141235/tools/bin/../lib/gcc/arm-none-eabi/11.3.1/thumb/v7e-m+dp/hard/crtbegin.o
 .ARM.attributes
                0x0000000000000050       0x32 ./Core/Src/adc.o
 .ARM.attributes
                0x0000000000000082       0x32 ./Core/Src/gpio.o
 .ARM.attributes
                0x00000000000000b4       0x32 ./Core/Src/main.o
 .ARM.attributes
                0x00000000000000e6       0x32 ./Core/Src/stepper_motor.o
 .ARM.attributes
                0x0000000000000118       0x32 ./Core/Src/stm32h7xx_hal_msp.o
 .ARM.attributes
                0x000000000000014a       0x32 ./Core/Src/stm32h7xx_it.o
 .ARM.attributes
                0x000000000000017c       0x32 ./Core/Src/system_stm32h7xx.o
 .ARM.attributes
                0x00000000000001ae       0x32 ./Core/Src/tim.o
 .ARM.attributes
                0x00000000000001e0       0x32 ./Core/Src/usart.o
 .ARM.attributes
                0x0000000000000212       0x21 ./Core/Startup/startup_stm32h743zitx.o
 .ARM.attributes
                0x0000000000000233       0x32 ./Drivers/STM32H7xx_HAL_Driver/Src/stm32h7xx_hal.o
 .ARM.attributes
                0x0000000000000265       0x32 ./Drivers/STM32H7xx_HAL_Driver/Src/stm32h7xx_hal_adc.o
 .ARM.attributes
                0x0000000000000297       0x32 ./Drivers/STM32H7xx_HAL_Driver/Src/stm32h7xx_hal_adc_ex.o
 .ARM.attributes
                0x00000000000002c9       0x32 ./Drivers/STM32H7xx_HAL_Driver/Src/stm32h7xx_hal_cortex.o
 .ARM.attributes
                0x00000000000002fb       0x32 ./Drivers/STM32H7xx_HAL_Driver/Src/stm32h7xx_hal_dma.o
 .ARM.attributes
                0x000000000000032d       0x32 ./Drivers/STM32H7xx_HAL_Driver/Src/stm32h7xx_hal_gpio.o
 .ARM.attributes
                0x000000000000035f       0x32 ./Drivers/STM32H7xx_HAL_Driver/Src/stm32h7xx_hal_pwr_ex.o
 .ARM.attributes
                0x0000000000000391       0x32 ./Drivers/STM32H7xx_HAL_Driver/Src/stm32h7xx_hal_rcc.o
 .ARM.attributes
                0x00000000000003c3       0x32 ./Drivers/STM32H7xx_HAL_Driver/Src/stm32h7xx_hal_rcc_ex.o
 .ARM.attributes
                0x00000000000003f5       0x32 ./Drivers/STM32H7xx_HAL_Driver/Src/stm32h7xx_hal_tim.o
 .ARM.attributes
                0x0000000000000427       0x32 ./Drivers/STM32H7xx_HAL_Driver/Src/stm32h7xx_hal_tim_ex.o
 .ARM.attributes
                0x0000000000000459       0x32 ./Drivers/STM32H7xx_HAL_Driver/Src/stm32h7xx_hal_uart.o
 .ARM.attributes
                0x000000000000048b       0x32 ./Drivers/STM32H7xx_HAL_Driver/Src/stm32h7xx_hal_uart_ex.o
 .ARM.attributes
                0x00000000000004bd       0x32 C:/Program Files (x86)/STM32CubeIDE_1.14.1/STM32CubeIDE/plugins/com.st.stm32cube.ide.mcu.externaltools.gnu-tools-for-stm32.11.3.rel1.win32_1.1.100.202309141235/tools/bin/../lib/gcc/arm-none-eabi/11.3.1/../../../../arm-none-eabi/lib/thumb/v7e-m+dp/hard\libc_nano.a(libc_a-memset.o)
 .ARM.attributes
                0x00000000000004ef       0x32 C:/Program Files (x86)/STM32CubeIDE_1.14.1/STM32CubeIDE/plugins/com.st.stm32cube.ide.mcu.externaltools.gnu-tools-for-stm32.11.3.rel1.win32_1.1.100.202309141235/tools/bin/../lib/gcc/arm-none-eabi/11.3.1/../../../../arm-none-eabi/lib/thumb/v7e-m+dp/hard\libc_nano.a(libc_a-init.o)
 .ARM.attributes
                0x0000000000000521       0x1e C:/Program Files (x86)/STM32CubeIDE_1.14.1/STM32CubeIDE/plugins/com.st.stm32cube.ide.mcu.externaltools.gnu-tools-for-stm32.11.3.rel1.win32_1.1.100.202309141235/tools/bin/../lib/gcc/arm-none-eabi/11.3.1/thumb/v7e-m+dp/hard\libgcc.a(_aeabi_uldivmod.o)
 .ARM.attributes
                0x000000000000053f       0x32 C:/Program Files (x86)/STM32CubeIDE_1.14.1/STM32CubeIDE/plugins/com.st.stm32cube.ide.mcu.externaltools.gnu-tools-for-stm32.11.3.rel1.win32_1.1.100.202309141235/tools/bin/../lib/gcc/arm-none-eabi/11.3.1/thumb/v7e-m+dp/hard\libgcc.a(_udivmoddi4.o)
 .ARM.attributes
                0x0000000000000571       0x1e C:/Program Files (x86)/STM32CubeIDE_1.14.1/STM32CubeIDE/plugins/com.st.stm32cube.ide.mcu.externaltools.gnu-tools-for-stm32.11.3.rel1.win32_1.1.100.202309141235/tools/bin/../lib/gcc/arm-none-eabi/11.3.1/thumb/v7e-m+dp/hard\libgcc.a(_dvmd_tls.o)
 .ARM.attributes
                0x000000000000058f       0x1e C:/Program Files (x86)/STM32CubeIDE_1.14.1/STM32CubeIDE/plugins/com.st.stm32cube.ide.mcu.externaltools.gnu-tools-for-stm32.11.3.rel1.win32_1.1.100.202309141235/tools/bin/../lib/gcc/arm-none-eabi/11.3.1/thumb/v7e-m+dp/hard/crtn.o
OUTPUT(Lab03.elf elf32-littlearm)
LOAD linker stubs
LOAD C:/Program Files (x86)/STM32CubeIDE_1.14.1/STM32CubeIDE/plugins/com.st.stm32cube.ide.mcu.externaltools.gnu-tools-for-stm32.11.3.rel1.win32_1.1.100.202309141235/tools/bin/../lib/gcc/arm-none-eabi/11.3.1/../../../../arm-none-eabi/lib/thumb/v7e-m+dp/hard\libc.a
LOAD C:/Program Files (x86)/STM32CubeIDE_1.14.1/STM32CubeIDE/plugins/com.st.stm32cube.ide.mcu.externaltools.gnu-tools-for-stm32.11.3.rel1.win32_1.1.100.202309141235/tools/bin/../lib/gcc/arm-none-eabi/11.3.1/../../../../arm-none-eabi/lib/thumb/v7e-m+dp/hard\libm.a
LOAD C:/Program Files (x86)/STM32CubeIDE_1.14.1/STM32CubeIDE/plugins/com.st.stm32cube.ide.mcu.externaltools.gnu-tools-for-stm32.11.3.rel1.win32_1.1.100.202309141235/tools/bin/../lib/gcc/arm-none-eabi/11.3.1/thumb/v7e-m+dp/hard\libgcc.a

.comment        0x0000000000000000       0x43
 .comment       0x0000000000000000       0x43 C:/Program Files (x86)/STM32CubeIDE_1.14.1/STM32CubeIDE/plugins/com.st.stm32cube.ide.mcu.externaltools.gnu-tools-for-stm32.11.3.rel1.win32_1.1.100.202309141235/tools/bin/../lib/gcc/arm-none-eabi/11.3.1/thumb/v7e-m+dp/hard/crtbegin.o
                                         0x44 (size before relaxing)
 .comment       0x0000000000000043       0x44 ./Core/Src/adc.o
 .comment       0x0000000000000043       0x44 ./Core/Src/gpio.o
 .comment       0x0000000000000043       0x44 ./Core/Src/main.o
 .comment       0x0000000000000043       0x44 ./Core/Src/stepper_motor.o
 .comment       0x0000000000000043       0x44 ./Core/Src/stm32h7xx_hal_msp.o
 .comment       0x0000000000000043       0x44 ./Core/Src/stm32h7xx_it.o
 .comment       0x0000000000000043       0x44 ./Core/Src/system_stm32h7xx.o
 .comment       0x0000000000000043       0x44 ./Core/Src/tim.o
 .comment       0x0000000000000043       0x44 ./Core/Src/usart.o
 .comment       0x0000000000000043       0x44 ./Drivers/STM32H7xx_HAL_Driver/Src/stm32h7xx_hal.o
 .comment       0x0000000000000043       0x44 ./Drivers/STM32H7xx_HAL_Driver/Src/stm32h7xx_hal_adc.o
 .comment       0x0000000000000043       0x44 ./Drivers/STM32H7xx_HAL_Driver/Src/stm32h7xx_hal_adc_ex.o
 .comment       0x0000000000000043       0x44 ./Drivers/STM32H7xx_HAL_Driver/Src/stm32h7xx_hal_cortex.o
 .comment       0x0000000000000043       0x44 ./Drivers/STM32H7xx_HAL_Driver/Src/stm32h7xx_hal_dma.o
 .comment       0x0000000000000043       0x44 ./Drivers/STM32H7xx_HAL_Driver/Src/stm32h7xx_hal_gpio.o
 .comment       0x0000000000000043       0x44 ./Drivers/STM32H7xx_HAL_Driver/Src/stm32h7xx_hal_pwr_ex.o
 .comment       0x0000000000000043       0x44 ./Drivers/STM32H7xx_HAL_Driver/Src/stm32h7xx_hal_rcc.o
 .comment       0x0000000000000043       0x44 ./Drivers/STM32H7xx_HAL_Driver/Src/stm32h7xx_hal_rcc_ex.o
 .comment       0x0000000000000043       0x44 ./Drivers/STM32H7xx_HAL_Driver/Src/stm32h7xx_hal_tim.o
 .comment       0x0000000000000043       0x44 ./Drivers/STM32H7xx_HAL_Driver/Src/stm32h7xx_hal_tim_ex.o
 .comment       0x0000000000000043       0x44 ./Drivers/STM32H7xx_HAL_Driver/Src/stm32h7xx_hal_uart.o
 .comment       0x0000000000000043       0x44 ./Drivers/STM32H7xx_HAL_Driver/Src/stm32h7xx_hal_uart_ex.o

.debug_info     0x0000000000000000    0x1dc0f
 .debug_info    0x0000000000000000     0x1626 ./Core/Src/adc.o
 .debug_info    0x0000000000001626      0xa41 ./Core/Src/gpio.o
 .debug_info    0x0000000000002067     0x19aa ./Core/Src/main.o
 .debug_info    0x0000000000003a11      0xaf1 ./Core/Src/stepper_motor.o
 .debug_info    0x0000000000004502      0x464 ./Core/Src/stm32h7xx_hal_msp.o
 .debug_info    0x0000000000004966     0x10f0 ./Core/Src/stm32h7xx_it.o
 .debug_info    0x0000000000005a56      0xcef ./Core/Src/system_stm32h7xx.o
 .debug_info    0x0000000000006745     0x1420 ./Core/Src/tim.o
 .debug_info    0x0000000000007b65     0x148b ./Core/Src/usart.o
 .debug_info    0x0000000000008ff0       0x23 ./Core/Startup/startup_stm32h743zitx.o
 .debug_info    0x0000000000009013     0x153b ./Drivers/STM32H7xx_HAL_Driver/Src/stm32h7xx_hal.o
 .debug_info    0x000000000000a54e     0x1ed2 ./Drivers/STM32H7xx_HAL_Driver/Src/stm32h7xx_hal_adc.o
 .debug_info    0x000000000000c420     0x1fed ./Drivers/STM32H7xx_HAL_Driver/Src/stm32h7xx_hal_adc_ex.o
 .debug_info    0x000000000000e40d     0x10ac ./Drivers/STM32H7xx_HAL_Driver/Src/stm32h7xx_hal_cortex.o
 .debug_info    0x000000000000f4b9      0xc27 ./Drivers/STM32H7xx_HAL_Driver/Src/stm32h7xx_hal_dma.o
 .debug_info    0x00000000000100e0      0xc4b ./Drivers/STM32H7xx_HAL_Driver/Src/stm32h7xx_hal_gpio.o
 .debug_info    0x0000000000010d2b     0x1008 ./Drivers/STM32H7xx_HAL_Driver/Src/stm32h7xx_hal_pwr_ex.o
 .debug_info    0x0000000000011d33      0xe5b ./Drivers/STM32H7xx_HAL_Driver/Src/stm32h7xx_hal_rcc.o
 .debug_info    0x0000000000012b8e     0x1216 ./Drivers/STM32H7xx_HAL_Driver/Src/stm32h7xx_hal_rcc_ex.o
 .debug_info    0x0000000000013da4     0x2bae ./Drivers/STM32H7xx_HAL_Driver/Src/stm32h7xx_hal_tim.o
 .debug_info    0x0000000000016952     0x17eb ./Drivers/STM32H7xx_HAL_Driver/Src/stm32h7xx_hal_tim_ex.o
 .debug_info    0x000000000001813d     0x4b13 ./Drivers/STM32H7xx_HAL_Driver/Src/stm32h7xx_hal_uart.o
 .debug_info    0x000000000001cc50      0xfbf ./Drivers/STM32H7xx_HAL_Driver/Src/stm32h7xx_hal_uart_ex.o

.debug_abbrev   0x0000000000000000     0x34c5
 .debug_abbrev  0x0000000000000000      0x225 ./Core/Src/adc.o
 .debug_abbrev  0x0000000000000225      0x18d ./Core/Src/gpio.o
 .debug_abbrev  0x00000000000003b2      0x367 ./Core/Src/main.o
 .debug_abbrev  0x0000000000000719      0x1fb ./Core/Src/stepper_motor.o
 .debug_abbrev  0x0000000000000914       0xdb ./Core/Src/stm32h7xx_hal_msp.o
 .debug_abbrev  0x00000000000009ef      0x1c7 ./Core/Src/stm32h7xx_it.o
 .debug_abbrev  0x0000000000000bb6      0x14c ./Core/Src/system_stm32h7xx.o
 .debug_abbrev  0x0000000000000d02      0x289 ./Core/Src/tim.o
 .debug_abbrev  0x0000000000000f8b      0x248 ./Core/Src/usart.o
 .debug_abbrev  0x00000000000011d3       0x12 ./Core/Startup/startup_stm32h743zitx.o
 .debug_abbrev  0x00000000000011e5      0x295 ./Drivers/STM32H7xx_HAL_Driver/Src/stm32h7xx_hal.o
 .debug_abbrev  0x000000000000147a      0x2d3 ./Drivers/STM32H7xx_HAL_Driver/Src/stm32h7xx_hal_adc.o
 .debug_abbrev  0x000000000000174d      0x31b ./Drivers/STM32H7xx_HAL_Driver/Src/stm32h7xx_hal_adc_ex.o
 .debug_abbrev  0x0000000000001a68      0x339 ./Drivers/STM32H7xx_HAL_Driver/Src/stm32h7xx_hal_cortex.o
 .debug_abbrev  0x0000000000001da1      0x248 ./Drivers/STM32H7xx_HAL_Driver/Src/stm32h7xx_hal_dma.o
 .debug_abbrev  0x0000000000001fe9      0x1fe ./Drivers/STM32H7xx_HAL_Driver/Src/stm32h7xx_hal_gpio.o
 .debug_abbrev  0x00000000000021e7      0x2a7 ./Drivers/STM32H7xx_HAL_Driver/Src/stm32h7xx_hal_pwr_ex.o
 .debug_abbrev  0x000000000000248e      0x2c8 ./Drivers/STM32H7xx_HAL_Driver/Src/stm32h7xx_hal_rcc.o
 .debug_abbrev  0x0000000000002756      0x269 ./Drivers/STM32H7xx_HAL_Driver/Src/stm32h7xx_hal_rcc_ex.o
 .debug_abbrev  0x00000000000029bf      0x276 ./Drivers/STM32H7xx_HAL_Driver/Src/stm32h7xx_hal_tim.o
 .debug_abbrev  0x0000000000002c35      0x281 ./Drivers/STM32H7xx_HAL_Driver/Src/stm32h7xx_hal_tim_ex.o
 .debug_abbrev  0x0000000000002eb6      0x33d ./Drivers/STM32H7xx_HAL_Driver/Src/stm32h7xx_hal_uart.o
 .debug_abbrev  0x00000000000031f3      0x2d2 ./Drivers/STM32H7xx_HAL_Driver/Src/stm32h7xx_hal_uart_ex.o

.debug_aranges  0x0000000000000000     0x1550
 .debug_aranges
                0x0000000000000000       0x30 ./Core/Src/adc.o
 .debug_aranges
                0x0000000000000030       0x20 ./Core/Src/gpio.o
 .debug_aranges
                0x0000000000000050       0x60 ./Core/Src/main.o
 .debug_aranges
                0x00000000000000b0       0x38 ./Core/Src/stepper_motor.o
 .debug_aranges
                0x00000000000000e8       0x20 ./Core/Src/stm32h7xx_hal_msp.o
 .debug_aranges
                0x0000000000000108       0x90 ./Core/Src/stm32h7xx_it.o
 .debug_aranges
                0x0000000000000198       0x28 ./Core/Src/system_stm32h7xx.o
 .debug_aranges
                0x00000000000001c0       0x48 ./Core/Src/tim.o
 .debug_aranges
                0x0000000000000208       0x30 ./Core/Src/usart.o
 .debug_aranges
                0x0000000000000238       0x28 ./Core/Startup/startup_stm32h743zitx.o
 .debug_aranges
                0x0000000000000260      0x198 ./Drivers/STM32H7xx_HAL_Driver/Src/stm32h7xx_hal.o
 .debug_aranges
                0x00000000000003f8      0x228 ./Drivers/STM32H7xx_HAL_Driver/Src/stm32h7xx_hal_adc.o
 .debug_aranges
                0x0000000000000620      0x1d8 ./Drivers/STM32H7xx_HAL_Driver/Src/stm32h7xx_hal_adc_ex.o
 .debug_aranges
                0x00000000000007f8      0x130 ./Drivers/STM32H7xx_HAL_Driver/Src/stm32h7xx_hal_cortex.o
 .debug_aranges
                0x0000000000000928       0xa0 ./Drivers/STM32H7xx_HAL_Driver/Src/stm32h7xx_hal_dma.o
 .debug_aranges
                0x00000000000009c8       0x58 ./Drivers/STM32H7xx_HAL_Driver/Src/stm32h7xx_hal_gpio.o
 .debug_aranges
                0x0000000000000a20      0x158 ./Drivers/STM32H7xx_HAL_Driver/Src/stm32h7xx_hal_pwr_ex.o
 .debug_aranges
                0x0000000000000b78       0x88 ./Drivers/STM32H7xx_HAL_Driver/Src/stm32h7xx_hal_rcc.o
 .debug_aranges
                0x0000000000000c00       0xf8 ./Drivers/STM32H7xx_HAL_Driver/Src/stm32h7xx_hal_rcc_ex.o
 .debug_aranges
                0x0000000000000cf8      0x3e0 ./Drivers/STM32H7xx_HAL_Driver/Src/stm32h7xx_hal_tim.o
 .debug_aranges
                0x00000000000010d8      0x188 ./Drivers/STM32H7xx_HAL_Driver/Src/stm32h7xx_hal_tim_ex.o
 .debug_aranges
                0x0000000000001260      0x248 ./Drivers/STM32H7xx_HAL_Driver/Src/stm32h7xx_hal_uart.o
 .debug_aranges
                0x00000000000014a8       0xa8 ./Drivers/STM32H7xx_HAL_Driver/Src/stm32h7xx_hal_uart_ex.o

.debug_rnglists
                0x0000000000000000     0x109e
 .debug_rnglists
                0x0000000000000000       0x21 ./Core/Src/adc.o
 .debug_rnglists
                0x0000000000000021       0x14 ./Core/Src/gpio.o
 .debug_rnglists
                0x0000000000000035       0x45 ./Core/Src/main.o
 .debug_rnglists
                0x000000000000007a       0x29 ./Core/Src/stepper_motor.o
 .debug_rnglists
                0x00000000000000a3       0x13 ./Core/Src/stm32h7xx_hal_msp.o
 .debug_rnglists
                0x00000000000000b6       0x67 ./Core/Src/stm32h7xx_it.o
 .debug_rnglists
                0x000000000000011d       0x1b ./Core/Src/system_stm32h7xx.o
 .debug_rnglists
                0x0000000000000138       0x37 ./Core/Src/tim.o
 .debug_rnglists
                0x000000000000016f       0x21 ./Core/Src/usart.o
 .debug_rnglists
                0x0000000000000190       0x19 ./Core/Startup/startup_stm32h743zitx.o
 .debug_rnglists
                0x00000000000001a9      0x131 ./Drivers/STM32H7xx_HAL_Driver/Src/stm32h7xx_hal.o
 .debug_rnglists
                0x00000000000002da      0x1a9 ./Drivers/STM32H7xx_HAL_Driver/Src/stm32h7xx_hal_adc.o
 .debug_rnglists
                0x0000000000000483      0x16f ./Drivers/STM32H7xx_HAL_Driver/Src/stm32h7xx_hal_adc_ex.o
 .debug_rnglists
                0x00000000000005f2       0xe0 ./Drivers/STM32H7xx_HAL_Driver/Src/stm32h7xx_hal_cortex.o
 .debug_rnglists
                0x00000000000006d2       0x82 ./Drivers/STM32H7xx_HAL_Driver/Src/stm32h7xx_hal_dma.o
 .debug_rnglists
                0x0000000000000754       0x3f ./Drivers/STM32H7xx_HAL_Driver/Src/stm32h7xx_hal_gpio.o
 .debug_rnglists
                0x0000000000000793      0x103 ./Drivers/STM32H7xx_HAL_Driver/Src/stm32h7xx_hal_pwr_ex.o
 .debug_rnglists
                0x0000000000000896       0x68 ./Drivers/STM32H7xx_HAL_Driver/Src/stm32h7xx_hal_rcc.o
 .debug_rnglists
                0x00000000000008fe       0xc0 ./Drivers/STM32H7xx_HAL_Driver/Src/stm32h7xx_hal_rcc_ex.o
 .debug_rnglists
                0x00000000000009be      0x328 ./Drivers/STM32H7xx_HAL_Driver/Src/stm32h7xx_hal_tim.o
 .debug_rnglists
                0x0000000000000ce6      0x13f ./Drivers/STM32H7xx_HAL_Driver/Src/stm32h7xx_hal_tim_ex.o
 .debug_rnglists
                0x0000000000000e25      0x1fa ./Drivers/STM32H7xx_HAL_Driver/Src/stm32h7xx_hal_uart.o
 .debug_rnglists
                0x000000000000101f       0x7f ./Drivers/STM32H7xx_HAL_Driver/Src/stm32h7xx_hal_uart_ex.o

.debug_macro    0x0000000000000000    0x3a20c
 .debug_macro   0x0000000000000000      0x2e3 ./Core/Src/adc.o
 .debug_macro   0x00000000000002e3      0xac0 ./Core/Src/adc.o
 .debug_macro   0x0000000000000da3      0x23e ./Core/Src/adc.o
 .debug_macro   0x0000000000000fe1       0x2e ./Core/Src/adc.o
 .debug_macro   0x000000000000100f       0x3b ./Core/Src/adc.o
 .debug_macro   0x000000000000104a       0x22 ./Core/Src/adc.o
 .debug_macro   0x000000000000106c       0x8e ./Core/Src/adc.o
 .debug_macro   0x00000000000010fa       0x51 ./Core/Src/adc.o
 .debug_macro   0x000000000000114b      0x103 ./Core/Src/adc.o
 .debug_macro   0x000000000000124e       0x6a ./Core/Src/adc.o
 .debug_macro   0x00000000000012b8      0x1df ./Core/Src/adc.o
 .debug_macro   0x0000000000001497       0x1c ./Core/Src/adc.o
 .debug_macro   0x00000000000014b3       0x22 ./Core/Src/adc.o
 .debug_macro   0x00000000000014d5       0xfb ./Core/Src/adc.o
 .debug_macro   0x00000000000015d0     0x1305 ./Core/Src/adc.o
 .debug_macro   0x00000000000028d5      0x11f ./Core/Src/adc.o
 .debug_macro   0x00000000000029f4       0x27 ./Core/Src/adc.o
 .debug_macro   0x0000000000002a1b    0x258f9 ./Core/Src/adc.o
 .debug_macro   0x0000000000028314       0x6d ./Core/Src/adc.o
 .debug_macro   0x0000000000028381     0x3d79 ./Core/Src/adc.o
 .debug_macro   0x000000000002c0fa      0x174 ./Core/Src/adc.o
 .debug_macro   0x000000000002c26e       0x61 ./Core/Src/adc.o
 .debug_macro   0x000000000002c2cf       0x29 ./Core/Src/adc.o
 .debug_macro   0x000000000002c2f8       0x43 ./Core/Src/adc.o
 .debug_macro   0x000000000002c33b       0x34 ./Core/Src/adc.o
 .debug_macro   0x000000000002c36f       0x16 ./Core/Src/adc.o
 .debug_macro   0x000000000002c385       0x43 ./Core/Src/adc.o
 .debug_macro   0x000000000002c3c8       0x34 ./Core/Src/adc.o
 .debug_macro   0x000000000002c3fc       0x10 ./Core/Src/adc.o
 .debug_macro   0x000000000002c40c       0x58 ./Core/Src/adc.o
 .debug_macro   0x000000000002c464       0x8e ./Core/Src/adc.o
 .debug_macro   0x000000000002c4f2       0x1c ./Core/Src/adc.o
 .debug_macro   0x000000000002c50e      0x177 ./Core/Src/adc.o
 .debug_macro   0x000000000002c685      0x369 ./Core/Src/adc.o
 .debug_macro   0x000000000002c9ee      0x19b ./Core/Src/adc.o
 .debug_macro   0x000000000002cb89       0x5d ./Core/Src/adc.o
 .debug_macro   0x000000000002cbe6     0x2382 ./Core/Src/adc.o
 .debug_macro   0x000000000002ef68     0x102c ./Core/Src/adc.o
 .debug_macro   0x000000000002ff94      0x154 ./Core/Src/adc.o
 .debug_macro   0x00000000000300e8      0x114 ./Core/Src/adc.o
 .debug_macro   0x00000000000301fc      0x3b6 ./Core/Src/adc.o
 .debug_macro   0x00000000000305b2       0xac ./Core/Src/adc.o
 .debug_macro   0x000000000003065e      0x72d ./Core/Src/adc.o
 .debug_macro   0x0000000000030d8b      0x228 ./Core/Src/adc.o
 .debug_macro   0x0000000000030fb3       0x66 ./Core/Src/adc.o
 .debug_macro   0x0000000000031019      0x3bb ./Core/Src/adc.o
 .debug_macro   0x00000000000313d4      0x3e4 ./Core/Src/adc.o
 .debug_macro   0x00000000000317b8      0x275 ./Core/Src/adc.o
 .debug_macro   0x0000000000031a2d     0x1044 ./Core/Src/adc.o
 .debug_macro   0x0000000000032a71      0x6cc ./Core/Src/adc.o
 .debug_macro   0x000000000003313d      0x36e ./Core/Src/adc.o
 .debug_macro   0x00000000000334ab      0x3ca ./Core/Src/adc.o
 .debug_macro   0x0000000000033875      0x408 ./Core/Src/adc.o
 .debug_macro   0x0000000000033c7d       0x51 ./Core/Src/adc.o
 .debug_macro   0x0000000000033cce       0x4a ./Core/Src/adc.o
 .debug_macro   0x0000000000033d18      0x22c ./Core/Src/adc.o
 .debug_macro   0x0000000000033f44       0x67 ./Core/Src/adc.o
 .debug_macro   0x0000000000033fab       0xa5 ./Core/Src/adc.o
 .debug_macro   0x0000000000034050      0x1c4 ./Core/Src/adc.o
 .debug_macro   0x0000000000034214      0x25e ./Core/Src/adc.o
 .debug_macro   0x0000000000034472       0x35 ./Core/Src/adc.o
 .debug_macro   0x00000000000344a7      0xafa ./Core/Src/adc.o
 .debug_macro   0x0000000000034fa1      0x29f ./Core/Src/adc.o
 .debug_macro   0x0000000000035240      0x693 ./Core/Src/adc.o
 .debug_macro   0x00000000000358d3       0xa6 ./Core/Src/adc.o
 .debug_macro   0x0000000000035979      0x5a0 ./Core/Src/adc.o
 .debug_macro   0x0000000000035f19       0xb8 ./Core/Src/adc.o
 .debug_macro   0x0000000000035fd1      0x2e3 ./Core/Src/gpio.o
 .debug_macro   0x00000000000362b4      0x37f ./Core/Src/main.o
 .debug_macro   0x0000000000036633       0x4c ./Core/Src/main.o
 .debug_macro   0x000000000003667f       0x1c ./Core/Src/main.o
 .debug_macro   0x000000000003669b       0x35 ./Core/Src/main.o
 .debug_macro   0x00000000000366d0       0x10 ./Core/Src/main.o
 .debug_macro   0x00000000000366e0       0x1c ./Core/Src/main.o
 .debug_macro   0x00000000000366fc       0x16 ./Core/Src/main.o
 .debug_macro   0x0000000000036712      0x147 ./Core/Src/main.o
 .debug_macro   0x0000000000036859       0x16 ./Core/Src/main.o
 .debug_macro   0x000000000003686f       0x16 ./Core/Src/main.o
 .debug_macro   0x0000000000036885       0x29 ./Core/Src/main.o
 .debug_macro   0x00000000000368ae       0x4c ./Core/Src/main.o
 .debug_macro   0x00000000000368fa      0x381 ./Core/Src/stepper_motor.o
 .debug_macro   0x0000000000036c7b      0x10e ./Core/Src/stepper_motor.o
 .debug_macro   0x0000000000036d89       0x8d ./Core/Src/stepper_motor.o
 .debug_macro   0x0000000000036e16      0x2d9 ./Core/Src/stm32h7xx_hal_msp.o
 .debug_macro   0x00000000000370ef      0x2e3 ./Core/Src/stm32h7xx_it.o
 .debug_macro   0x00000000000373d2      0x2ca ./Core/Src/system_stm32h7xx.o
 .debug_macro   0x000000000003769c      0x2e3 ./Core/Src/tim.o
 .debug_macro   0x000000000003797f      0x2e3 ./Core/Src/usart.o
 .debug_macro   0x0000000000037c62      0x2f4 ./Drivers/STM32H7xx_HAL_Driver/Src/stm32h7xx_hal.o
 .debug_macro   0x0000000000037f56      0x2ee ./Drivers/STM32H7xx_HAL_Driver/Src/stm32h7xx_hal_adc.o
 .debug_macro   0x0000000000038244      0x2d6 ./Drivers/STM32H7xx_HAL_Driver/Src/stm32h7xx_hal_adc_ex.o
 .debug_macro   0x000000000003851a      0x2ca ./Drivers/STM32H7xx_HAL_Driver/Src/stm32h7xx_hal_cortex.o
 .debug_macro   0x00000000000387e4      0x31e ./Drivers/STM32H7xx_HAL_Driver/Src/stm32h7xx_hal_dma.o
 .debug_macro   0x0000000000038b02      0x2d1 ./Drivers/STM32H7xx_HAL_Driver/Src/stm32h7xx_hal_gpio.o
 .debug_macro   0x0000000000038dd3      0x303 ./Drivers/STM32H7xx_HAL_Driver/Src/stm32h7xx_hal_pwr_ex.o
 .debug_macro   0x00000000000390d6      0x2ee ./Drivers/STM32H7xx_HAL_Driver/Src/stm32h7xx_hal_rcc.o
 .debug_macro   0x00000000000393c4      0x2e8 ./Drivers/STM32H7xx_HAL_Driver/Src/stm32h7xx_hal_rcc_ex.o
 .debug_macro   0x00000000000396ac      0x2cb ./Drivers/STM32H7xx_HAL_Driver/Src/stm32h7xx_hal_tim.o
 .debug_macro   0x0000000000039977      0x2ca ./Drivers/STM32H7xx_HAL_Driver/Src/stm32h7xx_hal_tim_ex.o
 .debug_macro   0x0000000000039c41      0x2f5 ./Drivers/STM32H7xx_HAL_Driver/Src/stm32h7xx_hal_uart.o
 .debug_macro   0x0000000000039f36      0x2d6 ./Drivers/STM32H7xx_HAL_Driver/Src/stm32h7xx_hal_uart_ex.o

.debug_line     0x0000000000000000    0x20c3a
 .debug_line    0x0000000000000000      0xb95 ./Core/Src/adc.o
 .debug_line    0x0000000000000b95      0xb41 ./Core/Src/gpio.o
 .debug_line    0x00000000000016d6      0xdd5 ./Core/Src/main.o
 .debug_line    0x00000000000024ab      0xe64 ./Core/Src/stepper_motor.o
 .debug_line    0x000000000000330f      0xacc ./Core/Src/stm32h7xx_hal_msp.o
 .debug_line    0x0000000000003ddb      0xc1f ./Core/Src/stm32h7xx_it.o
 .debug_line    0x00000000000049fa      0xc7c ./Core/Src/system_stm32h7xx.o
 .debug_line    0x0000000000005676      0xcf6 ./Core/Src/tim.o
 .debug_line    0x000000000000636c      0xb70 ./Core/Src/usart.o
 .debug_line    0x0000000000006edc       0x7a ./Core/Startup/startup_stm32h743zitx.o
 .debug_line    0x0000000000006f56     0x1077 ./Drivers/STM32H7xx_HAL_Driver/Src/stm32h7xx_hal.o
 .debug_line    0x0000000000007fcd     0x25bc ./Drivers/STM32H7xx_HAL_Driver/Src/stm32h7xx_hal_adc.o
 .debug_line    0x000000000000a589     0x21cf ./Drivers/STM32H7xx_HAL_Driver/Src/stm32h7xx_hal_adc_ex.o
 .debug_line    0x000000000000c758     0x10ae ./Drivers/STM32H7xx_HAL_Driver/Src/stm32h7xx_hal_cortex.o
 .debug_line    0x000000000000d806     0x29c8 ./Drivers/STM32H7xx_HAL_Driver/Src/stm32h7xx_hal_dma.o
 .debug_line    0x00000000000101ce      0xf3d ./Drivers/STM32H7xx_HAL_Driver/Src/stm32h7xx_hal_gpio.o
 .debug_line    0x000000000001110b     0x11a0 ./Drivers/STM32H7xx_HAL_Driver/Src/stm32h7xx_hal_pwr_ex.o
 .debug_line    0x00000000000122ab     0x164a ./Drivers/STM32H7xx_HAL_Driver/Src/stm32h7xx_hal_rcc.o
 .debug_line    0x00000000000138f5     0x1f42 ./Drivers/STM32H7xx_HAL_Driver/Src/stm32h7xx_hal_rcc_ex.o
 .debug_line    0x0000000000015837     0x41ef ./Drivers/STM32H7xx_HAL_Driver/Src/stm32h7xx_hal_tim.o
 .debug_line    0x0000000000019a26     0x201d ./Drivers/STM32H7xx_HAL_Driver/Src/stm32h7xx_hal_tim_ex.o
 .debug_line    0x000000000001ba43     0x40df ./Drivers/STM32H7xx_HAL_Driver/Src/stm32h7xx_hal_uart.o
 .debug_line    0x000000000001fb22     0x1118 ./Drivers/STM32H7xx_HAL_Driver/Src/stm32h7xx_hal_uart_ex.o

.debug_str      0x0000000000000000   0x1777cd
 .debug_str     0x0000000000000000   0x1707e4 ./Core/Src/adc.o
                                     0x17104c (size before relaxing)
 .debug_str     0x00000000001707e4       0x68 ./Core/Src/gpio.o
                                     0x1705ce (size before relaxing)
 .debug_str     0x000000000017084c     0x12b4 ./Core/Src/main.o
                                     0x171486 (size before relaxing)
 .debug_str     0x0000000000171b00       0x96 ./Core/Src/stepper_motor.o
                                     0x170bef (size before relaxing)
 .debug_str     0x0000000000171b96       0x2c ./Core/Src/stm32h7xx_hal_msp.o
                                     0x16fcb4 (size before relaxing)
 .debug_str     0x0000000000171bc2      0x179 ./Core/Src/stm32h7xx_it.o
                                     0x1707a2 (size before relaxing)
 .debug_str     0x0000000000171d3b      0x33a ./Core/Src/system_stm32h7xx.o
                                     0x16fcac (size before relaxing)
 .debug_str     0x0000000000172075      0x1ea ./Core/Src/tim.o
                                     0x170e50 (size before relaxing)
 .debug_str     0x000000000017225f       0xa8 ./Core/Src/usart.o
                                     0x170f9a (size before relaxing)
 .debug_str     0x0000000000172307       0x34 ./Core/Startup/startup_stm32h743zitx.o
                                         0x6d (size before relaxing)
 .debug_str     0x000000000017233b      0x7ef ./Drivers/STM32H7xx_HAL_Driver/Src/stm32h7xx_hal.o
                                     0x170bc2 (size before relaxing)
 .debug_str     0x0000000000172b2a      0xb12 ./Drivers/STM32H7xx_HAL_Driver/Src/stm32h7xx_hal_adc.o
                                     0x170a4b (size before relaxing)
 .debug_str     0x000000000017363c      0x7c4 ./Drivers/STM32H7xx_HAL_Driver/Src/stm32h7xx_hal_adc_ex.o
                                     0x170a8a (size before relaxing)
 .debug_str     0x0000000000173e00      0x35a ./Drivers/STM32H7xx_HAL_Driver/Src/stm32h7xx_hal_cortex.o
                                     0x1705fd (size before relaxing)
 .debug_str     0x000000000017415a      0x877 ./Drivers/STM32H7xx_HAL_Driver/Src/stm32h7xx_hal_dma.o
                                     0x1703e6 (size before relaxing)
 .debug_str     0x00000000001749d1       0x99 ./Drivers/STM32H7xx_HAL_Driver/Src/stm32h7xx_hal_gpio.o
                                     0x16fc63 (size before relaxing)
 .debug_str     0x0000000000174a6a      0x624 ./Drivers/STM32H7xx_HAL_Driver/Src/stm32h7xx_hal_pwr_ex.o
                                     0x170124 (size before relaxing)
 .debug_str     0x000000000017508e      0x21a ./Drivers/STM32H7xx_HAL_Driver/Src/stm32h7xx_hal_rcc.o
                                     0x170047 (size before relaxing)
 .debug_str     0x00000000001752a8      0x630 ./Drivers/STM32H7xx_HAL_Driver/Src/stm32h7xx_hal_rcc_ex.o
                                     0x170528 (size before relaxing)
 .debug_str     0x00000000001758d8      0xd34 ./Drivers/STM32H7xx_HAL_Driver/Src/stm32h7xx_hal_tim.o
                                     0x170de6 (size before relaxing)
 .debug_str     0x000000000017660c      0x587 ./Drivers/STM32H7xx_HAL_Driver/Src/stm32h7xx_hal_tim_ex.o
                                     0x17070e (size before relaxing)
 .debug_str     0x0000000000176b93      0x9d4 ./Drivers/STM32H7xx_HAL_Driver/Src/stm32h7xx_hal_uart.o
                                     0x170b88 (size before relaxing)
 .debug_str     0x0000000000177567      0x266 ./Drivers/STM32H7xx_HAL_Driver/Src/stm32h7xx_hal_uart_ex.o
                                     0x170148 (size before relaxing)

.debug_frame    0x0000000000000000     0x5b0c
 .debug_frame   0x0000000000000000       0x80 ./Core/Src/adc.o
 .debug_frame   0x0000000000000080       0x38 ./Core/Src/gpio.o
 .debug_frame   0x00000000000000b8      0x150 ./Core/Src/main.o
 .debug_frame   0x0000000000000208       0x9c ./Core/Src/stepper_motor.o
 .debug_frame   0x00000000000002a4       0x38 ./Core/Src/stm32h7xx_hal_msp.o
 .debug_frame   0x00000000000002dc      0x1ac ./Core/Src/stm32h7xx_it.o
 .debug_frame   0x0000000000000488       0x58 ./Core/Src/system_stm32h7xx.o
 .debug_frame   0x00000000000004e0       0xe8 ./Core/Src/tim.o
 .debug_frame   0x00000000000005c8       0x78 ./Core/Src/usart.o
 .debug_frame   0x0000000000000640      0x690 ./Drivers/STM32H7xx_HAL_Driver/Src/stm32h7xx_hal.o
 .debug_frame   0x0000000000000cd0      0xa28 ./Drivers/STM32H7xx_HAL_Driver/Src/stm32h7xx_hal_adc.o
 .debug_frame   0x00000000000016f8      0x88c ./Drivers/STM32H7xx_HAL_Driver/Src/stm32h7xx_hal_adc_ex.o
 .debug_frame   0x0000000000001f84      0x508 ./Drivers/STM32H7xx_HAL_Driver/Src/stm32h7xx_hal_cortex.o
 .debug_frame   0x000000000000248c      0x2b4 ./Drivers/STM32H7xx_HAL_Driver/Src/stm32h7xx_hal_dma.o
 .debug_frame   0x0000000000002740      0x14c ./Drivers/STM32H7xx_HAL_Driver/Src/stm32h7xx_hal_gpio.o
 .debug_frame   0x000000000000288c      0x580 ./Drivers/STM32H7xx_HAL_Driver/Src/stm32h7xx_hal_pwr_ex.o
 .debug_frame   0x0000000000002e0c      0x1f8 ./Drivers/STM32H7xx_HAL_Driver/Src/stm32h7xx_hal_rcc.o
 .debug_frame   0x0000000000003004      0x414 ./Drivers/STM32H7xx_HAL_Driver/Src/stm32h7xx_hal_rcc_ex.o
 .debug_frame   0x0000000000003418     0x121c ./Drivers/STM32H7xx_HAL_Driver/Src/stm32h7xx_hal_tim.o
 .debug_frame   0x0000000000004634      0x6d8 ./Drivers/STM32H7xx_HAL_Driver/Src/stm32h7xx_hal_tim_ex.o
 .debug_frame   0x0000000000004d0c      0xa94 ./Drivers/STM32H7xx_HAL_Driver/Src/stm32h7xx_hal_uart.o
 .debug_frame   0x00000000000057a0      0x2c0 ./Drivers/STM32H7xx_HAL_Driver/Src/stm32h7xx_hal_uart_ex.o
 .debug_frame   0x0000000000005a60       0x20 C:/Program Files (x86)/STM32CubeIDE_1.14.1/STM32CubeIDE/plugins/com.st.stm32cube.ide.mcu.externaltools.gnu-tools-for-stm32.11.3.rel1.win32_1.1.100.202309141235/tools/bin/../lib/gcc/arm-none-eabi/11.3.1/../../../../arm-none-eabi/lib/thumb/v7e-m+dp/hard\libc_nano.a(libc_a-memset.o)
 .debug_frame   0x0000000000005a80       0x2c C:/Program Files (x86)/STM32CubeIDE_1.14.1/STM32CubeIDE/plugins/com.st.stm32cube.ide.mcu.externaltools.gnu-tools-for-stm32.11.3.rel1.win32_1.1.100.202309141235/tools/bin/../lib/gcc/arm-none-eabi/11.3.1/../../../../arm-none-eabi/lib/thumb/v7e-m+dp/hard\libc_nano.a(libc_a-init.o)
 .debug_frame   0x0000000000005aac       0x2c C:/Program Files (x86)/STM32CubeIDE_1.14.1/STM32CubeIDE/plugins/com.st.stm32cube.ide.mcu.externaltools.gnu-tools-for-stm32.11.3.rel1.win32_1.1.100.202309141235/tools/bin/../lib/gcc/arm-none-eabi/11.3.1/thumb/v7e-m+dp/hard\libgcc.a(_aeabi_uldivmod.o)
 .debug_frame   0x0000000000005ad8       0x34 C:/Program Files (x86)/STM32CubeIDE_1.14.1/STM32CubeIDE/plugins/com.st.stm32cube.ide.mcu.externaltools.gnu-tools-for-stm32.11.3.rel1.win32_1.1.100.202309141235/tools/bin/../lib/gcc/arm-none-eabi/11.3.1/thumb/v7e-m+dp/hard\libgcc.a(_udivmoddi4.o)

.debug_line_str
                0x0000000000000000       0x61
 .debug_line_str
                0x0000000000000000       0x61 ./Core/Startup/startup_stm32h743zitx.o
                                         0x79 (size before relaxing)
